Archive member included to satisfy reference by file (symbol)

C:/Program Files/SEGGER/SEGGER Embedded Studio 3.24/lib/libc_v6m_t_le_eabi.a(libc_asm.o)
                              Output/ble_app_beacon_pca10028_s130 nrf51422_xxac/Obj/bsp.o (__aeabi_uidiv)
C:/Program Files/SEGGER/SEGGER Embedded Studio 3.24/lib/libc_v6m_t_le_eabi.a(libc2_asm.o)
                              Output/ble_app_beacon_pca10028_s130 nrf51422_xxac/Obj/ble_advdata.o (memcpy)
C:/Program Files/SEGGER/SEGGER Embedded Studio 3.24/lib/libm_v6m_t_le_eabi.a(libm_asm.o)
                              C:/Program Files/SEGGER/SEGGER Embedded Studio 3.24/lib/libvfscanf_v6m_t_le_eabi.o (__aeabi_i2d)
C:/Program Files/SEGGER/SEGGER Embedded Studio 3.24/lib/libm_v6m_t_le_eabi.a(libm2.o)
                              C:/Program Files/SEGGER/SEGGER Embedded Studio 3.24/lib/libvfprintf_v6m_t_le_eabi.o (frexp)
C:/Program Files/SEGGER/SEGGER Embedded Studio 3.24/lib/libm_v6m_t_le_eabi.a(libm2_asm.o)
                              C:/Program Files/SEGGER/SEGGER Embedded Studio 3.24/lib/libm_v6m_t_le_eabi.a(libm2.o) (fabs)
C:/Program Files/SEGGER/SEGGER Embedded Studio 3.24/lib/libc_v6m_t_le_eabi.a(libc2.o)
                              C:/Program Files/SEGGER/SEGGER Embedded Studio 3.24/lib/libvfscanf_v6m_t_le_eabi.o (__getc)

Discarded input sections

 .text          0x0000000000000000        0x0 Output/ble_app_beacon_pca10028_s130 nrf51422_xxac/Obj/system_nrf51.o
 .data          0x0000000000000000        0x0 Output/ble_app_beacon_pca10028_s130 nrf51422_xxac/Obj/system_nrf51.o
 .bss           0x0000000000000000        0x0 Output/ble_app_beacon_pca10028_s130 nrf51422_xxac/Obj/system_nrf51.o
 .text.SystemCoreClockUpdate
                0x0000000000000000       0x14 Output/ble_app_beacon_pca10028_s130 nrf51422_xxac/Obj/system_nrf51.o
 .text          0x0000000000000000        0x0 Output/ble_app_beacon_pca10028_s130 nrf51422_xxac/Obj/ses_nrf51_startup.o
 .data          0x0000000000000000        0x0 Output/ble_app_beacon_pca10028_s130 nrf51422_xxac/Obj/ses_nrf51_startup.o
 .bss           0x0000000000000000        0x0 Output/ble_app_beacon_pca10028_s130 nrf51422_xxac/Obj/ses_nrf51_startup.o
 .text          0x0000000000000000        0x0 Output/ble_app_beacon_pca10028_s130 nrf51422_xxac/Obj/main.o
 .data          0x0000000000000000        0x0 Output/ble_app_beacon_pca10028_s130 nrf51422_xxac/Obj/main.o
 .bss           0x0000000000000000        0x0 Output/ble_app_beacon_pca10028_s130 nrf51422_xxac/Obj/main.o
 .text.sd_ble_gap_address_set
                0x0000000000000000        0x8 Output/ble_app_beacon_pca10028_s130 nrf51422_xxac/Obj/main.o
 .text.sd_ble_gap_address_get
                0x0000000000000000        0x8 Output/ble_app_beacon_pca10028_s130 nrf51422_xxac/Obj/main.o
 .text.sd_ble_gap_adv_data_set
                0x0000000000000000        0x8 Output/ble_app_beacon_pca10028_s130 nrf51422_xxac/Obj/main.o
 .text.sd_ble_gap_adv_start
                0x0000000000000000        0x8 Output/ble_app_beacon_pca10028_s130 nrf51422_xxac/Obj/main.o
 .text.sd_ble_gap_adv_stop
                0x0000000000000000        0x8 Output/ble_app_beacon_pca10028_s130 nrf51422_xxac/Obj/main.o
 .text.sd_ble_gap_conn_param_update
                0x0000000000000000        0x8 Output/ble_app_beacon_pca10028_s130 nrf51422_xxac/Obj/main.o
 .text.sd_ble_gap_disconnect
                0x0000000000000000        0x8 Output/ble_app_beacon_pca10028_s130 nrf51422_xxac/Obj/main.o
 .text.sd_ble_gap_tx_power_set
                0x0000000000000000        0x8 Output/ble_app_beacon_pca10028_s130 nrf51422_xxac/Obj/main.o
 .text.sd_ble_gap_appearance_set
                0x0000000000000000        0x8 Output/ble_app_beacon_pca10028_s130 nrf51422_xxac/Obj/main.o
 .text.sd_ble_gap_appearance_get
                0x0000000000000000        0x8 Output/ble_app_beacon_pca10028_s130 nrf51422_xxac/Obj/main.o
 .text.sd_ble_gap_ppcp_set
                0x0000000000000000        0x8 Output/ble_app_beacon_pca10028_s130 nrf51422_xxac/Obj/main.o
 .text.sd_ble_gap_ppcp_get
                0x0000000000000000        0x8 Output/ble_app_beacon_pca10028_s130 nrf51422_xxac/Obj/main.o
 .text.sd_ble_gap_device_name_set
                0x0000000000000000        0x8 Output/ble_app_beacon_pca10028_s130 nrf51422_xxac/Obj/main.o
 .text.sd_ble_gap_device_name_get
                0x0000000000000000        0x8 Output/ble_app_beacon_pca10028_s130 nrf51422_xxac/Obj/main.o
 .text.sd_ble_gap_authenticate
                0x0000000000000000        0x8 Output/ble_app_beacon_pca10028_s130 nrf51422_xxac/Obj/main.o
 .text.sd_ble_gap_sec_params_reply
                0x0000000000000000        0x8 Output/ble_app_beacon_pca10028_s130 nrf51422_xxac/Obj/main.o
 .text.sd_ble_gap_auth_key_reply
                0x0000000000000000        0x8 Output/ble_app_beacon_pca10028_s130 nrf51422_xxac/Obj/main.o
 .text.sd_ble_gap_lesc_dhkey_reply
                0x0000000000000000        0x8 Output/ble_app_beacon_pca10028_s130 nrf51422_xxac/Obj/main.o
[...]
Memory Configuration

Name             Origin             Length             Attributes
UNPLACED_SECTIONS 0x0000000100000000 0x0000000000000000 xw
FLASH            0x0000000000000000 0x0000000000040000 xr
RAM              0x0000000020000000 0x0000000000008000 xw
*default*        0x0000000000000000 0xffffffffffffffff

Linker script and memory map

                0x0000000000000000                __vfprintf = __vfprintf_int_nwp
                0x0000000000000000                __vfscanf = __vfscanf_int
                0x0000000000000000                __FLASH_segment_start__ = 0x0
                0x0000000000040000                __FLASH_segment_end__ = 0x40000
                0x0000000000040000                __FLASH_segment_size__ = 0x40000
                0x0000000020000000                __RAM_segment_start__ = 0x20000000
                0x0000000020008000                __RAM_segment_end__ = 0x20008000
                0x0000000000008000                __RAM_segment_size__ = 0x8000
                0x0000000000000400                __HEAPSIZE__ = 0x400
                0x0000000000000000                __STACKSIZE_ABT__ = 0x0
                0x0000000000000000                __STACKSIZE_FIQ__ = 0x0
                0x0000000000000000                __STACKSIZE_IRQ__ = 0x0
                0x0000000000000000                __STACKSIZE_PROCESS__ = 0x0
                0x0000000000000000                __STACKSIZE_SVC__ = 0x0
                0x0000000000000000                __STACKSIZE_UND__ = 0x0
                0x0000000000000400                __STACKSIZE__ = 0x400
                0x0000000020000000                __vectors_ram_load_start__ = ALIGN (__RAM_segment_start__, 0x100)

.vectors_ram    0x0000000020000000        0x0
                0x0000000020000000                __vectors_ram_start__ = .
 *(.vectors_ram .vectors_ram.*)
                0x0000000020000000                __vectors_ram_end__ = (__vectors_ram_start__ + SIZEOF (.vectors_ram))
                0x0000000000000000                __vectors_ram_size__ = SIZEOF (.vectors_ram)
                0x0000000020000000                __vectors_ram_load_end__ = __vectors_ram_end__
                0x0000000000000001                . = ASSERT (((__vectors_ram_start__ == __vectors_ram_end__) || ((__vectors_ram_end__ >= __RAM_segment_start__) && (__vectors_ram_end__ <= __RAM_segment_end__))), error: .vectors_ram is too large to fit in RAM memory segment)
                0x0000000000000000                __vectors_load_start__ = ALIGN (__FLASH_segment_start__, 0x100)

.vectors        0x0000000000000000       0xc0
                0x0000000000000000                __vectors_start__ = .
 *(.vectors .vectors.*)
 .vectors       0x0000000000000000       0xc0 Output/ble_app_beacon_pca10028_s130 nrf51422_xxac/Obj/ses_nrf51_startup.o
                0x0000000000000000                _vectors
                0x00000000000000c0                __vectors_end__ = (__vectors_start__ + SIZEOF (.vectors))
                0x00000000000000c0                __vectors_size__ = SIZEOF (.vectors)
                0x00000000000000c0                __vectors_load_end__ = __vectors_end__
                0x0000000000000001                . = ASSERT (((__vectors_start__ == __vectors_end__) || ((__vectors_end__ >= __FLASH_segment_start__) && (__vectors_end__ <= __FLASH_segment_end__))), error: .vectors is too large to fit in FLASH memory segment)
                0x00000000000000c0                __init_load_start__ = ALIGN (__vectors_end__, 0x4)

.init           0x00000000000000c0       0x68
                0x00000000000000c0                __init_start__ = .
 *(.init .init.*)
 .init          0x00000000000000c0       0x68 Output/ble_app_beacon_pca10028_s130 nrf51422_xxac/Obj/ses_nrf51_startup.o
                0x00000000000000c0                NMI_Handler
                0x00000000000000c2                HardFault_Handler
                0x00000000000000c4                SVC_Handler
                0x00000000000000c6                PendSV_Handler
                0x00000000000000c8                SysTick_Handler
                0x00000000000000cc                RADIO_IRQHandler
                0x00000000000000d0                SPI0_TWI0_IRQHandler
                0x00000000000000d2                SPI1_TWI1_IRQHandler
                0x00000000000000d6                ADC_IRQHandler
                0x00000000000000d8                TIMER0_IRQHandler
                0x00000000000000da                TIMER1_IRQHandler
                0x00000000000000dc                TIMER2_IRQHandler
                0x00000000000000de                RTC0_IRQHandler
                0x00000000000000e0                TEMP_IRQHandler
                0x00000000000000e2                RNG_IRQHandler
                0x00000000000000e4                ECB_IRQHandler
                0x00000000000000e6                CCM_AAR_IRQHandler
                0x00000000000000e8                WDT_IRQHandler
                0x00000000000000ec                QDEC_IRQHandler
                0x00000000000000ee                LPCOMP_IRQHandler
                0x00000000000000f2                SWI1_IRQHandler
                0x00000000000000f6                SWI3_IRQHandler
                0x00000000000000f8                SWI4_IRQHandler
                0x00000000000000fa                SWI5_IRQHandler
                0x00000000000000fc                reset_handler
                0x0000000000000128                __init_end__ = (__init_start__ + SIZEOF (.init))
                0x0000000000000068                __init_size__ = SIZEOF (.init)
                0x0000000000000128                __init_load_end__ = __init_end__
                0x0000000000000001                . = ASSERT (((__init_start__ == __init_end__) || ((__init_end__ >= __FLASH_segment_start__) && (__init_end__ <= __FLASH_segment_end__))), error: .init is too large to fit in FLASH memory segment)
                0x0000000000000128                __init_rodata_load_start__ = ALIGN (__init_end__, 0x4)

.init_rodata    0x0000000000000128        0x0
                0x0000000000000128                __init_rodata_start__ = .
 *(.init_rodata .init_rodata.*)
                0x0000000000000128                __init_rodata_end__ = (__init_rodata_start__ + SIZEOF (.init_rodata))
                0x0000000000000000                __init_rodata_size__ = SIZEOF (.init_rodata)
                0x0000000000000128                __init_rodata_load_end__ = __init_rodata_end__
                0x0000000000000001                . = ASSERT (((__init_rodata_start__ == __init_rodata_end__) || ((__init_rodata_end__ >= __FLASH_segment_start__) && (__init_rodata_end__ <= __FLASH_segment_end__))), error: .init_rodata is too large to fit in FLASH memory segment)
                0x0000000000000128                __text_load_start__ = ALIGN (__init_rodata_end__, 0x4)

.text           0x0000000000000128     0x17b0
                0x0000000000000128                __text_start__ = .
 *(.text .text.* .glue_7t .glue_7 .gnu.linkonce.t.* .gcc_except_table .ARM.extab* .gnu.linkonce.armextab.*)
 .glue_7        0x0000000000000128        0x0 linker stubs
 .glue_7t       0x0000000000000128        0x0 linker stubs
 .text.SystemInit
                0x0000000000000128       0x70 Output/ble_app_beacon_pca10028_s130 nrf51422_xxac/Obj/system_nrf51.o
                0x0000000000000128                SystemInit
 .text.is_manual_peripheral_setup_needed
                0x0000000000000198       0x78 Output/ble_app_beacon_pca10028_s130 nrf51422_xxac/Obj/system_nrf51.o
 .text.is_disabled_in_debug_needed
                0x0000000000000210       0x48 Output/ble_app_beacon_pca10028_s130 nrf51422_xxac/Obj/system_nrf51.o
 .text.is_peripheral_domain_setup_needed
                0x0000000000000258       0x60 Output/ble_app_beacon_pca10028_s130 nrf51422_xxac/Obj/system_nrf51.o
 .text.nrf_clock_int_disable
                0x00000000000002b8       0x16 Output/ble_app_beacon_pca10028_s130 nrf51422_xxac/Obj/nrf_drv_clock.o
 .text.nrf_clock_event_clear
                0x00000000000002ce       0x22 Output/ble_app_beacon_pca10028_s130 nrf51422_xxac/Obj/nrf_drv_clock.o
 .text.nrf_clock_event_check
                0x00000000000002f0       0x26 Output/ble_app_beacon_pca10028_s130 nrf51422_xxac/Obj/nrf_drv_clock.o
 .text.item_dequeue
                0x0000000000000316       0x20 Output/ble_app_beacon_pca10028_s130 nrf51422_xxac/Obj/nrf_drv_clock.o
 *fill*         0x0000000000000336        0x2 
 .text.clock_clk_started_notify
                0x0000000000000338       0x54 Output/ble_app_beacon_pca10028_s130 nrf51422_xxac/Obj/nrf_drv_clock.o
 .text.POWER_CLOCK_IRQHandler
                0x000000000000038c       0x60 Output/ble_app_beacon_pca10028_s130 nrf51422_xxac/Obj/nrf_drv_clock.o
                0x000000000000038c                POWER_CLOCK_IRQHandler
 .text.nrf_drv_clock_on_soc_event
                0x00000000000003ec       0x18 Output/ble_app_beacon_pca10028_s130 nrf51422_xxac/Obj/nrf_drv_clock.o
                0x00000000000003ec                nrf_drv_clock_on_soc_event
 .text.nrf_gpiote_event_is_set
                0x0000000000000404       0x2a Output/ble_app_beacon_pca10028_s130 nrf51422_xxac/Obj/nrf_drv_gpiote.o
 .text.nrf_gpiote_event_clear
                0x000000000000042e       0x24 Output/ble_app_beacon_pca10028_s130 nrf51422_xxac/Obj/nrf_drv_gpiote.o
 *fill*         0x0000000000000452        0x2 
 .text.nrf_gpiote_event_addr_get
                0x0000000000000454       0x20 Output/ble_app_beacon_pca10028_s130 nrf51422_xxac/Obj/nrf_drv_gpiote.o
 .text.nrf_gpiote_int_is_enabled
                0x0000000000000474       0x1c Output/ble_app_beacon_pca10028_s130 nrf51422_xxac/Obj/nrf_drv_gpiote.o
 .text.nrf_gpiote_event_pin_get
                0x0000000000000490       0x20 Output/ble_app_beacon_pca10028_s130 nrf51422_xxac/Obj/nrf_drv_gpiote.o
 .text.nrf_gpiote_event_polarity_get
                0x00000000000004b0       0x24 Output/ble_app_beacon_pca10028_s130 nrf51422_xxac/Obj/nrf_drv_gpiote.o
 .text.nrf_gpio_pin_port_decode
                0x00000000000004d4        0xe Output/ble_app_beacon_pca10028_s130 nrf51422_xxac/Obj/nrf_drv_gpiote.o
 *fill*         0x00000000000004e2        0x2 
 .text.nrf_gpio_cfg_sense_set
                0x00000000000004e4       0x64 Output/ble_app_beacon_pca10028_s130 nrf51422_xxac/Obj/nrf_drv_gpiote.o
 .text.nrf_gpio_pin_sense_get
                0x0000000000000548       0x2c Output/ble_app_beacon_pca10028_s130 nrf51422_xxac/Obj/nrf_drv_gpiote.o
 .text.nrf_gpio_port_in_read
                0x0000000000000574       0x12 Output/ble_app_beacon_pca10028_s130 nrf51422_xxac/Obj/nrf_drv_gpiote.o
 .text.nrf_gpio_ports_read
                0x0000000000000586       0x4e Output/ble_app_beacon_pca10028_s130 nrf51422_xxac/Obj/nrf_drv_gpiote.o
 .text.nrf_bitmask_bit_is_set
                0x00000000000005d4       0x30 Output/ble_app_beacon_pca10028_s130 nrf51422_xxac/Obj/nrf_drv_gpiote.o
 .text.nrf_bitmask_bit_set
                0x0000000000000604       0x40 Output/ble_app_beacon_pca10028_s130 nrf51422_xxac/Obj/nrf_drv_gpiote.o
 .text.channel_port_get
                0x0000000000000644       0x1c Output/ble_app_beacon_pca10028_s130 nrf51422_xxac/Obj/nrf_drv_gpiote.o
 .text.channel_handler_get
                0x0000000000000660       0x18 Output/ble_app_beacon_pca10028_s130 nrf51422_xxac/Obj/nrf_drv_gpiote.o
 .text.GPIOTE_IRQHandler
                0x0000000000000678      0x348 Output/ble_app_beacon_pca10028_s130 nrf51422_xxac/Obj/nrf_drv_gpiote.o
                0x0000000000000678                GPIOTE_IRQHandler
 .text.nrf_uart_event_clear
                0x00000000000009c0       0x20 Output/ble_app_beacon_pca10028_s130 nrf51422_xxac/Obj/nrf_drv_uart.o
 .text.nrf_uart_event_check
                0x00000000000009e0       0x24 Output/ble_app_beacon_pca10028_s130 nrf51422_xxac/Obj/nrf_drv_uart.o
 .text.nrf_uart_int_enable_check
                0x0000000000000a04       0x1e Output/ble_app_beacon_pca10028_s130 nrf51422_xxac/Obj/nrf_drv_uart.o
 .text.nrf_uart_int_disable
                0x0000000000000a22       0x16 Output/ble_app_beacon_pca10028_s130 nrf51422_xxac/Obj/nrf_drv_uart.o
 .text.nrf_uart_errorsrc_get_and_clear
                0x0000000000000a38       0x20 Output/ble_app_beacon_pca10028_s130 nrf51422_xxac/Obj/nrf_drv_uart.o
 .text.nrf_uart_rxd_get
                0x0000000000000a58       0x14 Output/ble_app_beacon_pca10028_s130 nrf51422_xxac/Obj/nrf_drv_uart.o
 .text.nrf_uart_txd_set
                0x0000000000000a6c       0x24 Output/ble_app_beacon_pca10028_s130 nrf51422_xxac/Obj/nrf_drv_uart.o
 .text.nrf_uart_task_trigger
                0x0000000000000a90       0x20 Output/ble_app_beacon_pca10028_s130 nrf51422_xxac/Obj/nrf_drv_uart.o
 .text.tx_byte  0x0000000000000ab0       0x4e Output/ble_app_beacon_pca10028_s130 nrf51422_xxac/Obj/nrf_drv_uart.o
 .text.rx_byte  0x0000000000000afe       0x60 Output/ble_app_beacon_pca10028_s130 nrf51422_xxac/Obj/nrf_drv_uart.o
 .text.rx_done_event
                0x0000000000000b5e       0x3a Output/ble_app_beacon_pca10028_s130 nrf51422_xxac/Obj/nrf_drv_uart.o
 .text.tx_done_event
                0x0000000000000b98       0x40 Output/ble_app_beacon_pca10028_s130 nrf51422_xxac/Obj/nrf_drv_uart.o
 .text.uart_irq_handler
                0x0000000000000bd8      0x20a Output/ble_app_beacon_pca10028_s130 nrf51422_xxac/Obj/nrf_drv_uart.o
 *fill*         0x0000000000000de2        0x2 
 .text.UART0_IRQHandler
                0x0000000000000de4       0x1c Output/ble_app_beacon_pca10028_s130 nrf51422_xxac/Obj/nrf_drv_uart.o
                0x0000000000000de4                UART0_IRQHandler
 .text.app_error_handler_bare
                0x0000000000000e00       0x30 Output/ble_app_beacon_pca10028_s130 nrf51422_xxac/Obj/app_error.o
                0x0000000000000e00                app_error_handler_bare
 .text.NVIC_SystemReset
                0x0000000000000e30       0x1c Output/ble_app_beacon_pca10028_s130 nrf51422_xxac/Obj/app_error_weak.o
 .text.app_error_fault_handler
                0x0000000000000e4c       0x14 Output/ble_app_beacon_pca10028_s130 nrf51422_xxac/Obj/app_error_weak.o
                0x0000000000000e4c                app_error_fault_handler
 .text.NVIC_EnableIRQ
                0x0000000000000e60       0x2c Output/ble_app_beacon_pca10028_s130 nrf51422_xxac/Obj/app_timer.o
 .text.NVIC_DisableIRQ
                0x0000000000000e8c       0x2c Output/ble_app_beacon_pca10028_s130 nrf51422_xxac/Obj/app_timer.o
 .text.NVIC_SetPendingIRQ
                0x0000000000000eb8       0x2c Output/ble_app_beacon_pca10028_s130 nrf51422_xxac/Obj/app_timer.o
 .text.NVIC_ClearPendingIRQ
                0x0000000000000ee4       0x2c Output/ble_app_beacon_pca10028_s130 nrf51422_xxac/Obj/app_timer.o
 .text.nrf_delay_us
                0x0000000000000f10       0x40 Output/ble_app_beacon_pca10028_s130 nrf51422_xxac/Obj/app_timer.o
 .text.rtc1_start
                0x0000000000000f50       0x44 Output/ble_app_beacon_pca10028_s130 nrf51422_xxac/Obj/app_timer.o
 .text.rtc1_stop
                0x0000000000000f94       0x54 Output/ble_app_beacon_pca10028_s130 nrf51422_xxac/Obj/app_timer.o
 .text.rtc1_counter_get
                0x0000000000000fe8       0x14 Output/ble_app_beacon_pca10028_s130 nrf51422_xxac/Obj/app_timer.o
 .text.ticks_diff_get
                0x0000000000000ffc       0x16 Output/ble_app_beacon_pca10028_s130 nrf51422_xxac/Obj/app_timer.o
 *fill*         0x0000000000001012        0x2 
 .text.rtc1_compare0_set
                0x0000000000001014       0x18 Output/ble_app_beacon_pca10028_s130 nrf51422_xxac/Obj/app_timer.o
 .text.timer_list_insert
                0x000000000000102c       0xac Output/ble_app_beacon_pca10028_s130 nrf51422_xxac/Obj/app_timer.o
 .text.timer_list_remove
                0x00000000000010d8       0x9c Output/ble_app_beacon_pca10028_s130 nrf51422_xxac/Obj/app_timer.o
 .text.timer_timeouts_check_sched
                0x0000000000001174        0xc Output/ble_app_beacon_pca10028_s130 nrf51422_xxac/Obj/app_timer.o
 .text.timer_list_handler_sched
                0x0000000000001180        0xc Output/ble_app_beacon_pca10028_s130 nrf51422_xxac/Obj/app_timer.o
 .text.timeout_handler_exec
                0x000000000000118c       0x4c Output/ble_app_beacon_pca10028_s130 nrf51422_xxac/Obj/app_timer.o
 .text.timer_timeouts_check
                0x00000000000011d8       0xc8 Output/ble_app_beacon_pca10028_s130 nrf51422_xxac/Obj/app_timer.o
 .text.elapsed_ticks_acquire
                0x00000000000012a0       0x78 Output/ble_app_beacon_pca10028_s130 nrf51422_xxac/Obj/app_timer.o
 .text.list_deletions_handler
                0x0000000000001318       0xb4 Output/ble_app_beacon_pca10028_s130 nrf51422_xxac/Obj/app_timer.o
 .text.expired_timers_handler
                0x00000000000013cc       0x94 Output/ble_app_beacon_pca10028_s130 nrf51422_xxac/Obj/app_timer.o
 .text.list_insertions_handler
                0x0000000000001460      0x15c Output/ble_app_beacon_pca10028_s130 nrf51422_xxac/Obj/app_timer.o
 .text.compare_reg_update
                0x00000000000015bc       0xc0 Output/ble_app_beacon_pca10028_s130 nrf51422_xxac/Obj/app_timer.o
 .text.timer_list_handler
                0x000000000000167c       0x8c Output/ble_app_beacon_pca10028_s130 nrf51422_xxac/Obj/app_timer.o
 .text.RTC1_IRQHandler
                0x0000000000001708       0x4c Output/ble_app_beacon_pca10028_s130 nrf51422_xxac/Obj/app_timer.o
                0x0000000000001708                RTC1_IRQHandler
 .text.SWI0_IRQHandler
                0x0000000000001754        0xa Output/ble_app_beacon_pca10028_s130 nrf51422_xxac/Obj/app_timer.o
                0x0000000000001754                SWI0_IRQHandler
 .text.sd_evt_get
                0x000000000000175e        0x8 Output/ble_app_beacon_pca10028_s130 nrf51422_xxac/Obj/softdevice_handler.o
 .text.sd_ble_evt_get
                0x0000000000001766        0x8 Output/ble_app_beacon_pca10028_s130 nrf51422_xxac/Obj/softdevice_handler.o
 *fill*         0x000000000000176e        0x2 
 .text.intern_softdevice_events_execute
                0x0000000000001770      0x130 Output/ble_app_beacon_pca10028_s130 nrf51422_xxac/Obj/softdevice_handler.o
                0x0000000000001770                intern_softdevice_events_execute
 .text.SWI2_IRQHandler
                0x00000000000018a0       0x38 Output/ble_app_beacon_pca10028_s130 nrf51422_xxac/Obj/softdevice_handler.o
                0x00000000000018a0                SWI2_IRQHandler
                0x00000000000018d8                __text_end__ = (__text_start__ + SIZEOF (.text))
                0x00000000000017b0                __text_size__ = SIZEOF (.text)
                0x00000000000018d8                __text_load_end__ = __text_end__

.vfp11_veneer   0x0000000100000000        0x0
 .vfp11_veneer  0x0000000100000000        0x0 linker stubs

.v4_bx          0x0000000100000000        0x0
 .v4_bx         0x0000000100000000        0x0 linker stubs

.iplt           0x0000000100000000        0x0
 .iplt          0x0000000100000000        0x0 Output/ble_app_beacon_pca10028_s130 nrf51422_xxac/Obj/system_nrf51.o

.rel.dyn        0x0000000000000000        0x0
 .rel.iplt      0x0000000000000000        0x0 Output/ble_app_beacon_pca10028_s130 nrf51422_xxac/Obj/system_nrf51.o
                0x0000000000000001                . = ASSERT (((__text_start__ == __text_end__) || ((__text_end__ >= __FLASH_segment_start__) && (__text_end__ <= __FLASH_segment_end__))), error: .text is too large to fit in FLASH memory segment)
                0x00000000000018d8                __dtors_load_start__ = ALIGN (__text_end__, 0x4)

.dtors          0x00000000000018d8        0x0
                0x00000000000018d8                __dtors_start__ = .
 *(SORT(.dtors.*))
 *(.dtors)
 *(.fini_array)
 *(SORT(.fini_array.*))
                0x00000000000018d8                __dtors_end__ = (__dtors_start__ + SIZEOF (.dtors))
                0x0000000000000000                __dtors_size__ = SIZEOF (.dtors)
                0x00000000000018d8                __dtors_load_end__ = __dtors_end__
                0x0000000000000001                . = ASSERT (((__dtors_start__ == __dtors_end__) || ((__dtors_end__ >= __FLASH_segment_start__) && (__dtors_end__ <= __FLASH_segment_end__))), error: .dtors is too large to fit in FLASH memory segment)
                0x00000000000018d8                __ctors_load_start__ = ALIGN (__dtors_end__, 0x4)

.ctors          0x00000000000018d8        0x0
                0x00000000000018d8                __ctors_start__ = .
 *(SORT(.ctors.*))
 *(.ctors)
 *(.init_array)
 *(SORT(.init_array.*))
                0x00000000000018d8                __ctors_end__ = (__ctors_start__ + SIZEOF (.ctors))
                0x0000000000000000                __ctors_size__ = SIZEOF (.ctors)
                0x00000000000018d8                __ctors_load_end__ = __ctors_end__
                0x0000000000000001                . = ASSERT (((__ctors_start__ == __ctors_end__) || ((__ctors_end__ >= __FLASH_segment_start__) && (__ctors_end__ <= __FLASH_segment_end__))), error: .ctors is too large to fit in FLASH memory segment)
                0x00000000000018d8                __rodata_load_start__ = ALIGN (__ctors_end__, 0x4)

.rodata         0x00000000000018d8        0x0
                0x00000000000018d8                __rodata_start__ = .
 *(.rodata .rodata.* .gnu.linkonce.r.*)
                0x00000000000018d8                __rodata_end__ = (__rodata_start__ + SIZEOF (.rodata))
                0x0000000000000000                __rodata_size__ = SIZEOF (.rodata)
                0x00000000000018d8                __rodata_load_end__ = __rodata_end__
                0x0000000000000001                . = ASSERT (((__rodata_start__ == __rodata_end__) || ((__rodata_end__ >= __FLASH_segment_start__) && (__rodata_end__ <= __FLASH_segment_end__))), error: .rodata is too large to fit in FLASH memory segment)
                0x00000000000018d8                __ARM.exidx_load_start__ = ALIGN (__rodata_end__, 0x4)

.ARM.exidx      0x00000000000018d8        0x0
                0x00000000000018d8                __ARM.exidx_start__ = .
                0x00000000000018d8                __exidx_start = __ARM.exidx_start__
 *(.ARM.exidx .ARM.exidx.*)
                0x00000000000018d8                __ARM.exidx_end__ = (__ARM.exidx_start__ + SIZEOF (.ARM.exidx))
                0x0000000000000000                __ARM.exidx_size__ = SIZEOF (.ARM.exidx)
                0x00000000000018d8                __exidx_end = __ARM.exidx_end__
                0x00000000000018d8                __ARM.exidx_load_end__ = __ARM.exidx_end__
                0x0000000000000001                . = ASSERT (((__ARM.exidx_start__ == __ARM.exidx_end__) || ((__ARM.exidx_end__ >= __FLASH_segment_start__) && (__ARM.exidx_end__ <= __FLASH_segment_end__))), error: .ARM.exidx is too large to fit in FLASH memory segment)
                0x00000000000018d8                __fast_load_start__ = ALIGN (__ARM.exidx_end__, 0x4)

.fast           0x0000000020000000        0x0 load address 0x00000000000018d8
                0x0000000020000000                __fast_start__ = .
 *(.fast .fast.*)
                0x0000000020000000                __fast_end__ = (__fast_start__ + SIZEOF (.fast))
                0x0000000000000000                __fast_size__ = SIZEOF (.fast)
                0x00000000000018d8                __fast_load_end__ = (__fast_load_start__ + SIZEOF (.fast))
                0x0000000000000001                . = ASSERT (((__fast_load_start__ == __fast_load_end__) || ((__fast_load_end__ >= __FLASH_segment_start__) && (__fast_load_end__ <= __FLASH_segment_end__))), error: .fast is too large to fit in FLASH memory segment)

.fast_run       0x0000000020000000        0x0
                0x0000000020000000                __fast_run_start__ = .
                0x0000000020000000                . = MAX ((__fast_run_start__ + SIZEOF (.fast)), .)
                0x0000000020000000                __fast_run_end__ = (__fast_run_start__ + SIZEOF (.fast_run))
                0x0000000000000000                __fast_run_size__ = SIZEOF (.fast_run)
                0x0000000020000000                __fast_run_load_end__ = __fast_run_end__
                0x0000000000000001                . = ASSERT (((__fast_run_start__ == __fast_run_end__) || ((__fast_run_end__ >= __RAM_segment_start__) && (__fast_run_end__ <= __RAM_segment_end__))), error: .fast_run is too large to fit in RAM memory segment)
                0x00000000000018d8                __data_load_start__ = ALIGN ((__fast_load_start__ + SIZEOF (.fast)), 0x4)

.data           0x0000000020000000        0x4 load address 0x00000000000018d8
                0x0000000020000000                __data_start__ = .
 *(.data .data.* .gnu.linkonce.d.*)
 .data.SystemCoreClock
                0x0000000020000000        0x4 Output/ble_app_beacon_pca10028_s130 nrf51422_xxac/Obj/system_nrf51.o
                0x0000000020000000                SystemCoreClock
                0x0000000020000004                __data_end__ = (__data_start__ + SIZEOF (.data))
                0x0000000000000004                __data_size__ = SIZEOF (.data)
                0x00000000000018dc                __data_load_end__ = (__data_load_start__ + SIZEOF (.data))

.igot.plt       0x0000000100000000        0x0
 .igot.plt      0x0000000100000000        0x0 Output/ble_app_beacon_pca10028_s130 nrf51422_xxac/Obj/system_nrf51.o
                0x0000000000000001                . = ASSERT (((__data_load_start__ == __data_load_end__) || ((__data_load_end__ >= __FLASH_segment_start__) && (__data_load_end__ <= __FLASH_segment_end__))), error: .data is too large to fit in FLASH memory segment)

.data_run       0x0000000020000000        0x4 load address 0x00000000000018d8
                0x0000000020000000                __data_run_start__ = .
                0x0000000020000004                . = MAX ((__data_run_start__ + SIZEOF (.data)), .)
 *fill*         0x0000000020000000        0x4 
                0x0000000020000004                __data_run_end__ = (__data_run_start__ + SIZEOF (.data_run))
                0x0000000000000004                __data_run_size__ = SIZEOF (.data_run)
                0x0000000020000004                __data_run_load_end__ = __data_run_end__
                0x0000000000000001                . = ASSERT (((__data_run_start__ == __data_run_end__) || ((__data_run_end__ >= __RAM_segment_start__) && (__data_run_end__ <= __RAM_segment_end__))), error: .data_run is too large to fit in RAM memory segment)
                0x00000000000018dc                __tdata_load_start__ = ALIGN ((__data_load_start__ + SIZEOF (.data)), 0x4)

.tdata          0x0000000020000004        0x0 load address 0x00000000000018dc
                0x0000000020000004                __tdata_start__ = .
 *(.tdata .tdata.*)
                0x0000000020000004                __tdata_end__ = (__tdata_start__ + SIZEOF (.tdata))
                0x0000000000000000                __tdata_size__ = SIZEOF (.tdata)
                0x00000000000018dc                __tdata_load_end__ = (__tdata_load_start__ + SIZEOF (.tdata))
                0x0000000000000001                . = ASSERT (((__tdata_load_start__ == __tdata_load_end__) || ((__tdata_load_end__ >= __FLASH_segment_start__) && (__tdata_load_end__ <= __FLASH_segment_end__))), error: .tdata is too large to fit in FLASH memory segment)

.tdata_run      0x0000000020000004        0x0
                0x0000000020000004                __tdata_run_start__ = .
                0x0000000020000004                . = MAX ((__tdata_run_start__ + SIZEOF (.tdata)), .)
                0x0000000020000004                __tdata_run_end__ = (__tdata_run_start__ + SIZEOF (.tdata_run))
                0x0000000000000000                __tdata_run_size__ = SIZEOF (.tdata_run)
                0x0000000020000004                __tdata_run_load_end__ = __tdata_run_end__
                0x0000000000000001                . = ASSERT (((__tdata_run_start__ == __tdata_run_end__) || ((__tdata_run_end__ >= __RAM_segment_start__) && (__tdata_run_end__ <= __RAM_segment_end__))), error: .tdata_run is too large to fit in RAM memory segment)
                0x00000000000018dc                __fs_data_load_start__ = ALIGN ((__tdata_load_start__ + SIZEOF (.tdata)), 0x4)

.fs_data        0x0000000020000004        0x0 load address 0x00000000000018dc
                0x0000000020000004                __fs_data_start__ = .
 *(.fs_data .fs_data.*)
                0x0000000020000004                __fs_data_end__ = (__fs_data_start__ + SIZEOF (.fs_data))
                0x0000000000000000                __fs_data_size__ = SIZEOF (.fs_data)
                0x00000000000018dc                __fs_data_load_end__ = (__fs_data_load_start__ + SIZEOF (.fs_data))
                0x00000000000018dc                __FLASH_segment_used_end__ = (ALIGN ((__tdata_load_start__ + SIZEOF (.tdata)), 0x4) + SIZEOF (.fs_data))
                0x00000000000018dc                __FLASH_segment_used_size__ = (__FLASH_segment_used_end__ - __FLASH_segment_start__)
                0x0000000000000001                . = ASSERT (((__fs_data_load_start__ == __fs_data_load_end__) || ((__fs_data_load_end__ >= __FLASH_segment_start__) && (__fs_data_load_end__ <= __FLASH_segment_end__))), error: .fs_data is too large to fit in FLASH memory segment)

.fs_data_run    0x0000000020000004        0x0
                0x0000000020000004                __fs_data_run_start__ = .
                0x0000000020000004                __start_fs_data = __fs_data_run_start__
                0x0000000020000004                . = MAX ((__fs_data_run_start__ + SIZEOF (.fs_data)), .)
                0x0000000020000004                __fs_data_run_end__ = (__fs_data_run_start__ + SIZEOF (.fs_data_run))
                0x0000000000000000                __fs_data_run_size__ = SIZEOF (.fs_data_run)
                0x0000000020000004                __stop_fs_data = __fs_data_run_end__
                0x0000000020000004                __fs_data_run_load_end__ = __fs_data_run_end__
                0x0000000000000001                . = ASSERT (((__fs_data_run_start__ == __fs_data_run_end__) || ((__fs_data_run_end__ >= __RAM_segment_start__) && (__fs_data_run_end__ <= __RAM_segment_end__))), error: .fs_data_run is too large to fit in RAM memory segment)
                0x0000000020000004                __bss_load_start__ = ALIGN (__fs_data_run_end__, 0x4)

.bss            0x0000000020000004       0xb4
                0x0000000020000004                __bss_start__ = .
 *(.bss .bss.* .gnu.linkonce.b.*)
 .bss.m_clock_cb
                0x0000000020000004       0x14 Output/ble_app_beacon_pca10028_s130 nrf51422_xxac/Obj/nrf_drv_clock.o
 .bss.m_cb      0x0000000020000018       0x48 Output/ble_app_beacon_pca10028_s130 nrf51422_xxac/Obj/nrf_drv_gpiote.o
 .bss.m_cb      0x0000000020000060       0x1c Output/ble_app_beacon_pca10028_s130 nrf51422_xxac/Obj/nrf_drv_uart.o
 .bss.m_op_queue
                0x000000002000007c        0x8 Output/ble_app_beacon_pca10028_s130 nrf51422_xxac/Obj/app_timer.o
 .bss.mp_timer_id_head
                0x0000000020000084        0x4 Output/ble_app_beacon_pca10028_s130 nrf51422_xxac/Obj/app_timer.o
 .bss.m_ticks_latest
                0x0000000020000088        0x4 Output/ble_app_beacon_pca10028_s130 nrf51422_xxac/Obj/app_timer.o
 .bss.m_ticks_elapsed
                0x000000002000008c        0x8 Output/ble_app_beacon_pca10028_s130 nrf51422_xxac/Obj/app_timer.o
 .bss.m_ticks_elapsed_q_read_ind
                0x0000000020000094        0x1 Output/ble_app_beacon_pca10028_s130 nrf51422_xxac/Obj/app_timer.o
 .bss.m_ticks_elapsed_q_write_ind
                0x0000000020000095        0x1 Output/ble_app_beacon_pca10028_s130 nrf51422_xxac/Obj/app_timer.o
 *fill*         0x0000000020000096        0x2 
 .bss.m_evt_schedule_func
                0x0000000020000098        0x4 Output/ble_app_beacon_pca10028_s130 nrf51422_xxac/Obj/app_timer.o
 .bss.m_rtc1_running
                0x000000002000009c        0x1 Output/ble_app_beacon_pca10028_s130 nrf51422_xxac/Obj/app_timer.o
 .bss.m_rtc1_reset
                0x000000002000009d        0x1 Output/ble_app_beacon_pca10028_s130 nrf51422_xxac/Obj/app_timer.o
 *fill*         0x000000002000009e        0x2 
 .bss.m_evt_schedule_func
                0x00000000200000a0        0x4 Output/ble_app_beacon_pca10028_s130 nrf51422_xxac/Obj/softdevice_handler.o
 .bss.m_softdevice_enabled
                0x00000000200000a4        0x1 Output/ble_app_beacon_pca10028_s130 nrf51422_xxac/Obj/softdevice_handler.o
 .bss.m_suspended
                0x00000000200000a5        0x1 Output/ble_app_beacon_pca10028_s130 nrf51422_xxac/Obj/softdevice_handler.o
 *fill*         0x00000000200000a6        0x2 
 .bss.mp_ble_evt_buffer
                0x00000000200000a8        0x4 Output/ble_app_beacon_pca10028_s130 nrf51422_xxac/Obj/softdevice_handler.o
 .bss.m_ble_evt_buffer_size
                0x00000000200000ac        0x2 Output/ble_app_beacon_pca10028_s130 nrf51422_xxac/Obj/softdevice_handler.o
 *fill*         0x00000000200000ae        0x2 
 .bss.m_ble_evt_handler
                0x00000000200000b0        0x4 Output/ble_app_beacon_pca10028_s130 nrf51422_xxac/Obj/softdevice_handler.o
 .bss.m_sys_evt_handler
                0x00000000200000b4        0x4 Output/ble_app_beacon_pca10028_s130 nrf51422_xxac/Obj/softdevice_handler.o
 *(COMMON)
                0x00000000200000b8                __bss_end__ = (__bss_start__ + SIZEOF (.bss))
                0x00000000000000b4                __bss_size__ = SIZEOF (.bss)
                0x00000000200000b8                __bss_load_end__ = __bss_end__
                0x0000000000000001                . = ASSERT (((__bss_start__ == __bss_end__) || ((__bss_end__ >= __RAM_segment_start__) && (__bss_end__ <= __RAM_segment_end__))), error: .bss is too large to fit in RAM memory segment)
                0x00000000200000b8                __tbss_load_start__ = ALIGN (__bss_end__, 0x4)

.tbss           0x00000000200000b8        0x0
                0x00000000200000b8                __tbss_start__ = .
 *(.tbss .tbss.*)
                0x00000000200000b8                __tbss_end__ = (__tbss_start__ + SIZEOF (.tbss))
                0x0000000000000000                __tbss_size__ = SIZEOF (.tbss)
                0x00000000200000b8                __tbss_load_end__ = __tbss_end__
                0x0000000000000001                . = ASSERT (((__tbss_start__ == __tbss_end__) || ((__tbss_end__ >= __RAM_segment_start__) && (__tbss_end__ <= __RAM_segment_end__))), error: .tbss is too large to fit in RAM memory segment)
                0x00000000200000b8                __non_init_load_start__ = ALIGN (__tbss_end__, 0x4)

.non_init       0x00000000200000b8        0x0
                0x00000000200000b8                __non_init_start__ = .
 *(.non_init .non_init.*)
                0x00000000200000b8                __non_init_end__ = (__non_init_start__ + SIZEOF (.non_init))
                0x0000000000000000                __non_init_size__ = SIZEOF (.non_init)
                0x00000000200000b8                __non_init_load_end__ = __non_init_end__
                0x0000000000000001                . = ASSERT (((__non_init_start__ == __non_init_end__) || ((__non_init_end__ >= __RAM_segment_start__) && (__non_init_end__ <= __RAM_segment_end__))), error: .non_init is too large to fit in RAM memory segment)
                0x00000000200000b8                __heap_load_start__ = ALIGN (__non_init_end__, 0x4)

.heap           0x00000000200000b8      0x400
                0x00000000200000b8                __heap_start__ = .
 *(.heap .heap.*)
                0x00000000200004b8                . = ALIGN (MAX ((__heap_start__ + __HEAPSIZE__), .), 0x4)
 *fill*         0x00000000200000b8      0x400 
                0x00000000200004b8                __heap_end__ = (__heap_start__ + SIZEOF (.heap))
                0x0000000000000400                __heap_size__ = SIZEOF (.heap)
                0x00000000200004b8                __heap_load_end__ = __heap_end__
                0x0000000000000001                . = ASSERT (((__heap_start__ == __heap_end__) || ((__heap_end__ >= __RAM_segment_start__) && (__heap_end__ <= __RAM_segment_end__))), error: .heap is too large to fit in RAM memory segment)
                0x0000000020007c00                __stack_load_start__ = (__RAM_segment_end__ - 0x400)

.stack          0x0000000020007c00      0x400
                0x0000000020007c00                __stack_start__ = .
 *(.stack .stack.*)
                0x0000000020008000                . = ALIGN (MAX ((__stack_start__ + __STACKSIZE__), .), 0x8)
 *fill*         0x0000000020007c00      0x400 
                0x0000000020008000                __stack_end__ = (__stack_start__ + SIZEOF (.stack))
                0x0000000000000400                __stack_size__ = SIZEOF (.stack)
                0x0000000020008000                __stack_load_end__ = __stack_end__
                0x0000000000000001                . = ASSERT (((__stack_start__ == __stack_end__) || ((__stack_end__ >= __RAM_segment_start__) && (__stack_end__ <= __RAM_segment_end__))), error: .stack is too large to fit in RAM memory segment)
                0x0000000000000001                . = ASSERT ((__heap_end__ <= __stack_start__), error: section .heap overlaps absolute placed section .stack)
                0x0000000020008000                __stack_process_load_start__ = ALIGN (__stack_end__, 0x8)

.stack_process  0x0000000020008000        0x0
                0x0000000020008000                __stack_process_start__ = .
 *(.stack_process .stack_process.*)
                0x0000000020008000                . = ALIGN (MAX ((__stack_process_start__ + __STACKSIZE_PROCESS__), .), 0x8)
                0x0000000020008000                __stack_process_end__ = (__stack_process_start__ + SIZEOF (.stack_process))
                0x0000000000000000                __stack_process_size__ = SIZEOF (.stack_process)
                0x0000000020008000                __stack_process_load_end__ = __stack_process_end__
                0x0000000020008000                __RAM_segment_used_end__ = (ALIGN (__stack_end__, 0x8) + SIZEOF (.stack_process))
                0x0000000000008000                __RAM_segment_used_size__ = (__RAM_segment_used_end__ - __RAM_segment_start__)
                0x0000000000000001                . = ASSERT (((__stack_process_start__ == __stack_process_end__) || ((__stack_process_end__ >= __RAM_segment_start__) && (__stack_process_end__ <= __RAM_segment_end__))), error: .stack_process is too large to fit in RAM memory segment)
START GROUP
LOAD Output/ble_app_beacon_pca10028_s130 nrf51422_xxac/Obj/system_nrf51.o
LOAD Output/ble_app_beacon_pca10028_s130 nrf51422_xxac/Obj/ses_nrf51_startup.o
LOAD Output/ble_app_beacon_pca10028_s130 nrf51422_xxac/Obj/main.o
LOAD Output/ble_app_beacon_pca10028_s130 nrf51422_xxac/Obj/boards.o
LOAD Output/ble_app_beacon_pca10028_s130 nrf51422_xxac/Obj/bsp.o
LOAD Output/ble_app_beacon_pca10028_s130 nrf51422_xxac/Obj/bsp_nfc.o
LOAD Output/ble_app_beacon_pca10028_s130 nrf51422_xxac/Obj/ble_advdata.o
LOAD Output/ble_app_beacon_pca10028_s130 nrf51422_xxac/Obj/ble_conn_params.o
LOAD Output/ble_app_beacon_pca10028_s130 nrf51422_xxac/Obj/ble_srv_common.o
LOAD Output/ble_app_beacon_pca10028_s130 nrf51422_xxac/Obj/nrf_drv_clock.o
LOAD Output/ble_app_beacon_pca10028_s130 nrf51422_xxac/Obj/nrf_drv_common.o
LOAD Output/ble_app_beacon_pca10028_s130 nrf51422_xxac/Obj/nrf_drv_gpiote.o
LOAD Output/ble_app_beacon_pca10028_s130 nrf51422_xxac/Obj/nrf_drv_uart.o
LOAD Output/ble_app_beacon_pca10028_s130 nrf51422_xxac/Obj/app_button.o
LOAD Output/ble_app_beacon_pca10028_s130 nrf51422_xxac/Obj/app_error.o
LOAD Output/ble_app_beacon_pca10028_s130 nrf51422_xxac/Obj/app_error_weak.o
LOAD Output/ble_app_beacon_pca10028_s130 nrf51422_xxac/Obj/app_timer.o
LOAD Output/ble_app_beacon_pca10028_s130 nrf51422_xxac/Obj/app_util_platform.o
LOAD Output/ble_app_beacon_pca10028_s130 nrf51422_xxac/Obj/hardfault_implementation.o
LOAD Output/ble_app_beacon_pca10028_s130 nrf51422_xxac/Obj/nrf_assert.o
LOAD Output/ble_app_beacon_pca10028_s130 nrf51422_xxac/Obj/sdk_errors.o
LOAD Output/ble_app_beacon_pca10028_s130 nrf51422_xxac/Obj/nrf_log_backend_serial.o
LOAD Output/ble_app_beacon_pca10028_s130 nrf51422_xxac/Obj/nrf_log_frontend.o
LOAD Output/ble_app_beacon_pca10028_s130 nrf51422_xxac/Obj/RTT_Syscalls_KEIL.o
LOAD Output/ble_app_beacon_pca10028_s130 nrf51422_xxac/Obj/SEGGER_RTT.o
LOAD Output/ble_app_beacon_pca10028_s130 nrf51422_xxac/Obj/SEGGER_RTT_printf.o
LOAD Output/ble_app_beacon_pca10028_s130 nrf51422_xxac/Obj/softdevice_handler.o
LOAD C:/Program Files/SEGGER/SEGGER Embedded Studio 3.24/lib/libdebugio_mempoll_v6m_t_le_eabi.a
LOAD C:/Program Files/SEGGER/SEGGER Embedded Studio 3.24/lib/libm_v6m_t_le_eabi.a
LOAD C:/Program Files/SEGGER/SEGGER Embedded Studio 3.24/lib/libc_v6m_t_le_eabi.a
LOAD C:/Program Files/SEGGER/SEGGER Embedded Studio 3.24/lib/libcpp_v6m_t_le_eabi.a
LOAD C:/Program Files/SEGGER/SEGGER Embedded Studio 3.24/lib/libdebugio_v6m_t_le_eabi.a
LOAD C:/Program Files/SEGGER/SEGGER Embedded Studio 3.24/lib/libvfprintf_v6m_t_le_eabi.o
LOAD C:/Program Files/SEGGER/SEGGER Embedded Studio 3.24/lib/libvfscanf_v6m_t_le_eabi.o
END GROUP
OUTPUT(Output/nrf51422_xxac/Exe/ble_app_beacon_pca10028_s130.elf elf32-littlearm)

.debug_frame    0x0000000000000000     0x2f6c
 .debug_frame   0x0000000000000000       0x6c Output/ble_app_beacon_pca10028_s130 nrf51422_xxac/Obj/system_nrf51.o
 .debug_frame   0x000000000000006c      0xa94 Output/ble_app_beacon_pca10028_s130 nrf51422_xxac/Obj/nrf_drv_clock.o
 .debug_frame   0x0000000000000b00      0xa28 Output/ble_app_beacon_pca10028_s130 nrf51422_xxac/Obj/nrf_drv_gpiote.o
 .debug_frame   0x0000000000001528      0x8fc Output/ble_app_beacon_pca10028_s130 nrf51422_xxac/Obj/nrf_drv_uart.o
 .debug_frame   0x0000000000001e24       0x68 Output/ble_app_beacon_pca10028_s130 nrf51422_xxac/Obj/app_error.o
 .debug_frame   0x0000000000001e8c       0x40 Output/ble_app_beacon_pca10028_s130 nrf51422_xxac/Obj/app_error_weak.o
 .debug_frame   0x0000000000001ecc      0x6d4 Output/ble_app_beacon_pca10028_s130 nrf51422_xxac/Obj/app_timer.o
 .debug_frame   0x00000000000025a0      0x9cc Output/ble_app_beacon_pca10028_s130 nrf51422_xxac/Obj/softdevice_handler.o

.debug_info     0x0000000000000000    0x1120d
 .debug_info    0x0000000000000000      0x1ae Output/ble_app_beacon_pca10028_s130 nrf51422_xxac/Obj/system_nrf51.o
 .debug_info    0x00000000000001ae       0x26 Output/ble_app_beacon_pca10028_s130 nrf51422_xxac/Obj/ses_nrf51_startup.o
 .debug_info    0x00000000000001d4     0x3fff Output/ble_app_beacon_pca10028_s130 nrf51422_xxac/Obj/nrf_drv_clock.o
 .debug_info    0x00000000000041d3     0x2877 Output/ble_app_beacon_pca10028_s130 nrf51422_xxac/Obj/nrf_drv_gpiote.o
 .debug_info    0x0000000000006a4a     0x29ac Output/ble_app_beacon_pca10028_s130 nrf51422_xxac/Obj/nrf_drv_uart.o
 .debug_info    0x00000000000093f6      0x803 Output/ble_app_beacon_pca10028_s130 nrf51422_xxac/Obj/app_error.o
 .debug_info    0x0000000000009bf9      0x72b Output/ble_app_beacon_pca10028_s130 nrf51422_xxac/Obj/app_error_weak.o
 .debug_info    0x000000000000a324     0x222e Output/ble_app_beacon_pca10028_s130 nrf51422_xxac/Obj/app_timer.o
 .debug_info    0x000000000000c552     0x4cbb Output/ble_app_beacon_pca10028_s130 nrf51422_xxac/Obj/softdevice_handler.o

.debug_abbrev   0x0000000000000000     0x1826
 .debug_abbrev  0x0000000000000000      0x101 Output/ble_app_beacon_pca10028_s130 nrf51422_xxac/Obj/system_nrf51.o
 .debug_abbrev  0x0000000000000101       0x14 Output/ble_app_beacon_pca10028_s130 nrf51422_xxac/Obj/ses_nrf51_startup.o
 .debug_abbrev  0x0000000000000115      0x480 Output/ble_app_beacon_pca10028_s130 nrf51422_xxac/Obj/nrf_drv_clock.o
 .debug_abbrev  0x0000000000000595      0x3c1 Output/ble_app_beacon_pca10028_s130 nrf51422_xxac/Obj/nrf_drv_gpiote.o
 .debug_abbrev  0x0000000000000956      0x3a8 Output/ble_app_beacon_pca10028_s130 nrf51422_xxac/Obj/nrf_drv_uart.o
 .debug_abbrev  0x0000000000000cfe      0x189 Output/ble_app_beacon_pca10028_s130 nrf51422_xxac/Obj/app_error.o
 .debug_abbrev  0x0000000000000e87      0x185 Output/ble_app_beacon_pca10028_s130 nrf51422_xxac/Obj/app_error_weak.o
 .debug_abbrev  0x000000000000100c      0x3c7 Output/ble_app_beacon_pca10028_s130 nrf51422_xxac/Obj/app_timer.o
 .debug_abbrev  0x00000000000013d3      0x453 Output/ble_app_beacon_pca10028_s130 nrf51422_xxac/Obj/softdevice_handler.o

.debug_pubnames
                0x0000000000000000     0x7e0c
 .debug_pubnames
                0x0000000000000000       0xbb Output/ble_app_beacon_pca10028_s130 nrf51422_xxac/Obj/system_nrf51.o
 .debug_pubnames
                0x00000000000000bb     0x2295 Output/ble_app_beacon_pca10028_s130 nrf51422_xxac/Obj/nrf_drv_clock.o
 .debug_pubnames
                0x0000000000002350     0x16aa Output/ble_app_beacon_pca10028_s130 nrf51422_xxac/Obj/nrf_drv_gpiote.o
 .debug_pubnames
                0x00000000000039fa     0x12cf Output/ble_app_beacon_pca10028_s130 nrf51422_xxac/Obj/nrf_drv_uart.o
 .debug_pubnames
                0x0000000000004cc9       0x82 Output/ble_app_beacon_pca10028_s130 nrf51422_xxac/Obj/app_error.o
 .debug_pubnames
                0x0000000000004d4b       0x57 Output/ble_app_beacon_pca10028_s130 nrf51422_xxac/Obj/app_error_weak.o
 .debug_pubnames
                0x0000000000004da2     0x1154 Output/ble_app_beacon_pca10028_s130 nrf51422_xxac/Obj/app_timer.o
 .debug_pubnames
                0x0000000000005ef6     0x1f16 Output/ble_app_beacon_pca10028_s130 nrf51422_xxac/Obj/softdevice_handler.o

.debug_pubtypes
                0x0000000000000000     0x2d05
 .debug_pubtypes
                0x0000000000000000       0xc7 Output/ble_app_beacon_pca10028_s130 nrf51422_xxac/Obj/system_nrf51.o
 .debug_pubtypes
                0x00000000000000c7      0xaa1 Output/ble_app_beacon_pca10028_s130 nrf51422_xxac/Obj/nrf_drv_clock.o
 .debug_pubtypes
                0x0000000000000b68      0x4d1 Output/ble_app_beacon_pca10028_s130 nrf51422_xxac/Obj/nrf_drv_gpiote.o
 .debug_pubtypes
                0x0000000000001039      0x526 Output/ble_app_beacon_pca10028_s130 nrf51422_xxac/Obj/nrf_drv_uart.o
 .debug_pubtypes
                0x000000000000155f      0x1d6 Output/ble_app_beacon_pca10028_s130 nrf51422_xxac/Obj/app_error.o
 .debug_pubtypes
                0x0000000000001735      0x198 Output/ble_app_beacon_pca10028_s130 nrf51422_xxac/Obj/app_error_weak.o
 .debug_pubtypes
                0x00000000000018cd      0x434 Output/ble_app_beacon_pca10028_s130 nrf51422_xxac/Obj/app_timer.o
 .debug_pubtypes
                0x0000000000001d01     0x1004 Output/ble_app_beacon_pca10028_s130 nrf51422_xxac/Obj/softdevice_handler.o

.debug_aranges  0x0000000000000000     0x1310
 .debug_aranges
                0x0000000000000000       0x40 Output/ble_app_beacon_pca10028_s130 nrf51422_xxac/Obj/system_nrf51.o
 .debug_aranges
                0x0000000000000040       0x20 Output/ble_app_beacon_pca10028_s130 nrf51422_xxac/Obj/ses_nrf51_startup.o
 .debug_aranges
                0x0000000000000060      0x4a8 Output/ble_app_beacon_pca10028_s130 nrf51422_xxac/Obj/nrf_drv_clock.o
 .debug_aranges
                0x0000000000000508      0x388 Output/ble_app_beacon_pca10028_s130 nrf51422_xxac/Obj/nrf_drv_gpiote.o
 .debug_aranges
                0x0000000000000890      0x328 Output/ble_app_beacon_pca10028_s130 nrf51422_xxac/Obj/nrf_drv_uart.o
 .debug_aranges
                0x0000000000000bb8       0x30 Output/ble_app_beacon_pca10028_s130 nrf51422_xxac/Obj/app_error.o
 .debug_aranges
                0x0000000000000be8       0x28 Output/ble_app_beacon_pca10028_s130 nrf51422_xxac/Obj/app_error_weak.o
 .debug_aranges
                0x0000000000000c10      0x298 Output/ble_app_beacon_pca10028_s130 nrf51422_xxac/Obj/app_timer.o
 .debug_aranges
                0x0000000000000ea8      0x468 Output/ble_app_beacon_pca10028_s130 nrf51422_xxac/Obj/softdevice_handler.o

.debug_ranges   0x0000000000000000     0x12d0
 .debug_ranges  0x0000000000000000       0x30 Output/ble_app_beacon_pca10028_s130 nrf51422_xxac/Obj/system_nrf51.o
 .debug_ranges  0x0000000000000030      0x4b0 Output/ble_app_beacon_pca10028_s130 nrf51422_xxac/Obj/nrf_drv_clock.o
 .debug_ranges  0x00000000000004e0      0x378 Output/ble_app_beacon_pca10028_s130 nrf51422_xxac/Obj/nrf_drv_gpiote.o
 .debug_ranges  0x0000000000000858      0x318 Output/ble_app_beacon_pca10028_s130 nrf51422_xxac/Obj/nrf_drv_uart.o
 .debug_ranges  0x0000000000000b70       0x20 Output/ble_app_beacon_pca10028_s130 nrf51422_xxac/Obj/app_error.o
 .debug_ranges  0x0000000000000b90       0x18 Output/ble_app_beacon_pca10028_s130 nrf51422_xxac/Obj/app_error_weak.o
 .debug_ranges  0x0000000000000ba8      0x288 Output/ble_app_beacon_pca10028_s130 nrf51422_xxac/Obj/app_timer.o
 .debug_ranges  0x0000000000000e30      0x4a0 Output/ble_app_beacon_pca10028_s130 nrf51422_xxac/Obj/softdevice_handler.o

.debug_line     0x0000000000000000     0x4798
 .debug_line    0x0000000000000000      0x1f3 Output/ble_app_beacon_pca10028_s130 nrf51422_xxac/Obj/system_nrf51.o
 .debug_line    0x00000000000001f3       0xd9 Output/ble_app_beacon_pca10028_s130 nrf51422_xxac/Obj/ses_nrf51_startup.o
 .debug_line    0x00000000000002cc      0xed1 Output/ble_app_beacon_pca10028_s130 nrf51422_xxac/Obj/nrf_drv_clock.o
 .debug_line    0x000000000000119d      0xd71 Output/ble_app_beacon_pca10028_s130 nrf51422_xxac/Obj/nrf_drv_gpiote.o
 .debug_line    0x0000000000001f0e      0xbcc Output/ble_app_beacon_pca10028_s130 nrf51422_xxac/Obj/nrf_drv_uart.o
 .debug_line    0x0000000000002ada      0x228 Output/ble_app_beacon_pca10028_s130 nrf51422_xxac/Obj/app_error.o
 .debug_line    0x0000000000002d02      0x202 Output/ble_app_beacon_pca10028_s130 nrf51422_xxac/Obj/app_error_weak.o
 .debug_line    0x0000000000002f04      0xa30 Output/ble_app_beacon_pca10028_s130 nrf51422_xxac/Obj/app_timer.o
 .debug_line    0x0000000000003934      0xe64 Output/ble_app_beacon_pca10028_s130 nrf51422_xxac/Obj/softdevice_handler.o

.debug_str      0x0000000000000000     0x6903
 .debug_str     0x0000000000000000      0x363 Output/ble_app_beacon_pca10028_s130 nrf51422_xxac/Obj/system_nrf51.o
                                        0x37c (size before relaxing)
 .debug_str     0x0000000000000363       0x87 Output/ble_app_beacon_pca10028_s130 nrf51422_xxac/Obj/ses_nrf51_startup.o
                                        0x109 (size before relaxing)
 .debug_str     0x00000000000003ea     0x3656 Output/ble_app_beacon_pca10028_s130 nrf51422_xxac/Obj/nrf_drv_clock.o
                                       0x3aff (size before relaxing)
 .debug_str     0x0000000000003a40      0xd72 Output/ble_app_beacon_pca10028_s130 nrf51422_xxac/Obj/nrf_drv_gpiote.o
                                       0x2285 (size before relaxing)
 .debug_str     0x00000000000047b2      0xb0f Output/ble_app_beacon_pca10028_s130 nrf51422_xxac/Obj/nrf_drv_uart.o
                                       0x23c5 (size before relaxing)
 .debug_str     0x00000000000052c1      0x132 Output/ble_app_beacon_pca10028_s130 nrf51422_xxac/Obj/app_error.o
                                        0x890 (size before relaxing)
 .debug_str     0x00000000000053f3       0xb9 Output/ble_app_beacon_pca10028_s130 nrf51422_xxac/Obj/app_error_weak.o
                                        0x801 (size before relaxing)
 .debug_str     0x00000000000054ac      0x898 Output/ble_app_beacon_pca10028_s130 nrf51422_xxac/Obj/app_timer.o
                                       0x1e28 (size before relaxing)
 .debug_str     0x0000000000005d44      0xbbf Output/ble_app_beacon_pca10028_s130 nrf51422_xxac/Obj/softdevice_handler.o
                                       0x3fa8 (size before relaxing)

.comment        0x0000000000000000       0x4c
 .comment       0x0000000000000000       0x4c Output/ble_app_beacon_pca10028_s130 nrf51422_xxac/Obj/system_nrf51.o
                                         0x4d (size before relaxing)
 .comment       0x000000000000004c       0x4d Output/ble_app_beacon_pca10028_s130 nrf51422_xxac/Obj/nrf_drv_clock.o
 .comment       0x000000000000004c       0x4d Output/ble_app_beacon_pca10028_s130 nrf51422_xxac/Obj/nrf_drv_gpiote.o
 .comment       0x000000000000004c       0x4d Output/ble_app_beacon_pca10028_s130 nrf51422_xxac/Obj/nrf_drv_uart.o
 .comment       0x000000000000004c       0x4d Output/ble_app_beacon_pca10028_s130 nrf51422_xxac/Obj/app_error.o
 .comment       0x000000000000004c       0x4d Output/ble_app_beacon_pca10028_s130 nrf51422_xxac/Obj/app_error_weak.o
 .comment       0x000000000000004c       0x4d Output/ble_app_beacon_pca10028_s130 nrf51422_xxac/Obj/app_timer.o
 .comment       0x000000000000004c       0x4d Output/ble_app_beacon_pca10028_s130 nrf51422_xxac/Obj/softdevice_handler.o

.ARM.attributes
                0x0000000000000000       0x2f
 .ARM.attributes
                0x0000000000000000       0x31 Output/ble_app_beacon_pca10028_s130 nrf51422_xxac/Obj/system_nrf51.o
 .ARM.attributes
                0x0000000000000031       0x21 Output/ble_app_beacon_pca10028_s130 nrf51422_xxac/Obj/ses_nrf51_startup.o
 .ARM.attributes
                0x0000000000000052       0x31 Output/ble_app_beacon_pca10028_s130 nrf51422_xxac/Obj/nrf_drv_clock.o
 .ARM.attributes
                0x0000000000000083       0x31 Output/ble_app_beacon_pca10028_s130 nrf51422_xxac/Obj/nrf_drv_gpiote.o
 .ARM.attributes
                0x00000000000000b4       0x31 Output/ble_app_beacon_pca10028_s130 nrf51422_xxac/Obj/nrf_drv_uart.o
 .ARM.attributes
                0x00000000000000e5       0x31 Output/ble_app_beacon_pca10028_s130 nrf51422_xxac/Obj/app_error.o
 .ARM.attributes
                0x0000000000000116       0x31 Output/ble_app_beacon_pca10028_s130 nrf51422_xxac/Obj/app_error_weak.o
 .ARM.attributes
                0x0000000000000147       0x31 Output/ble_app_beacon_pca10028_s130 nrf51422_xxac/Obj/app_timer.o
 .ARM.attributes
                0x0000000000000178       0x31 Output/ble_app_beacon_pca10028_s130 nrf51422_xxac/Obj/softdevice_handler.o
