Component: ARM Compiler 5.06 update 6 (build 750) Tool: armlink [4d35ed]

==============================================================================

Section Cross References

    main.o(i.advertising_init) refers to memseta.o(.text) for __aeabi_memclr4
    main.o(i.advertising_init) refers to ble_advertising.o(i.ble_advertising_init) for ble_advertising_init
    main.o(i.advertising_init) refers to app_error.o(i.app_error_handler_bare) for app_error_handler_bare
    main.o(i.advertising_init) refers to main.o(.data) for .data
    main.o(i.advertising_init) refers to main.o(i.on_adv_evt) for on_adv_evt
    main.o(i.assert_nrf_callback) refers to app_error.o(i.app_error_handler) for app_error_handler
    main.o(i.ble_evt_dispatch) refers to ble_conn_state.o(i.ble_conn_state_on_ble_evt) for ble_conn_state_on_ble_evt
    main.o(i.ble_evt_dispatch) refers to peer_manager.o(i.pm_on_ble_evt) for pm_on_ble_evt
    main.o(i.ble_evt_dispatch) refers to ble_nus.o(i.ble_nus_on_ble_evt) for ble_nus_on_ble_evt
    main.o(i.ble_evt_dispatch) refers to ble_conn_params.o(i.ble_conn_params_on_ble_evt) for ble_conn_params_on_ble_evt
    main.o(i.ble_evt_dispatch) refers to bsp_btn_ble.o(i.bsp_btn_ble_on_ble_evt) for bsp_btn_ble_on_ble_evt
    main.o(i.ble_evt_dispatch) refers to main.o(i.on_ble_evt) for on_ble_evt
    main.o(i.ble_evt_dispatch) refers to ble_advertising.o(i.ble_advertising_on_ble_evt) for ble_advertising_on_ble_evt
    main.o(i.ble_evt_dispatch) refers to main.o(.bss) for .bss
    main.o(i.ble_stack_init) refers to softdevice_handler.o(i.softdevice_handler_init) for softdevice_handler_init
    main.o(i.ble_stack_init) refers to app_error.o(i.app_error_handler_bare) for app_error_handler_bare
    main.o(i.ble_stack_init) refers to softdevice_handler.o(i.softdevice_enable_get_default_config) for softdevice_enable_get_default_config
    main.o(i.ble_stack_init) refers to softdevice_handler.o(i.softdevice_enable) for softdevice_enable
    main.o(i.ble_stack_init) refers to softdevice_handler.o(i.softdevice_ble_evt_handler_set) for softdevice_ble_evt_handler_set
    main.o(i.ble_stack_init) refers to softdevice_handler.o(i.softdevice_sys_evt_handler_set) for softdevice_sys_evt_handler_set
    main.o(i.ble_stack_init) refers to main.o(.constdata) for .constdata
    main.o(i.ble_stack_init) refers to main.o(.bss) for .bss
    main.o(i.ble_stack_init) refers to main.o(i.ble_evt_dispatch) for ble_evt_dispatch
    main.o(i.ble_stack_init) refers to main.o(i.sys_evt_dispatch) for sys_evt_dispatch
    main.o(i.bsp_event_handler) refers to main.o(i.sleep_mode_enter) for sleep_mode_enter
    main.o(i.bsp_event_handler) refers to app_error.o(i.app_error_handler_bare) for app_error_handler_bare
    main.o(i.bsp_event_handler) refers to ble_advertising.o(i.ble_advertising_restart_without_whitelist) for ble_advertising_restart_without_whitelist
    main.o(i.bsp_event_handler) refers to main.o(.data) for .data
    main.o(i.conn_params_error_handler) refers to app_error.o(i.app_error_handler_bare) for app_error_handler_bare
    main.o(i.main) refers to app_timer.o(i.app_timer_init) for app_timer_init
    main.o(i.main) refers to app_error.o(i.app_error_handler_bare) for app_error_handler_bare
    main.o(i.main) refers to memcpya.o(.text) for __aeabi_memcpy4
    main.o(i.main) refers to app_uart.o(i.app_uart_init) for app_uart_init
    main.o(i.main) refers to nrf_log_frontend.o(i.nrf_log_init) for nrf_log_init
    main.o(i.main) refers to bsp.o(i.bsp_init) for bsp_init
    main.o(i.main) refers to bsp_btn_ble.o(i.bsp_btn_ble_init) for bsp_btn_ble_init
    main.o(i.main) refers to main.o(i.ble_stack_init) for ble_stack_init
    main.o(i.main) refers to main.o(i.peer_manager_init) for peer_manager_init
    main.o(i.main) refers to nrf_log_frontend.o(i.nrf_log_frontend_std_0) for nrf_log_frontend_std_0
    main.o(i.main) refers to main.o(i.advertising_init) for advertising_init
    main.o(i.main) refers to ble_nus.o(i.ble_nus_init) for ble_nus_init
    main.o(i.main) refers to memseta.o(.text) for __aeabi_memclr4
    main.o(i.main) refers to ble_conn_params.o(i.ble_conn_params_init) for ble_conn_params_init
    main.o(i.main) refers to ble_advertising.o(i.ble_advertising_start) for ble_advertising_start
    main.o(i.main) refers to nrf_log_frontend.o(i.nrf_log_frontend_dequeue) for nrf_log_frontend_dequeue
    main.o(i.main) refers to main.o(.bss) for .bss
    main.o(i.main) refers to main.o(.constdata) for .constdata
    main.o(i.main) refers to main.o(.data) for .data
    main.o(i.main) refers to main.o(i.uart_event_handle) for uart_event_handle
    main.o(i.main) refers to main.o(i.bsp_event_handler) for bsp_event_handler
    main.o(i.main) refers to main.o(i.nus_data_handler) for nus_data_handler
    main.o(i.main) refers to main.o(i.on_conn_params_evt) for on_conn_params_evt
    main.o(i.main) refers to main.o(i.conn_params_error_handler) for conn_params_error_handler
[...]
    _printf_n                                0x00000000   Number         0  stubs.o ABSOLUTE
    _printf_o                                0x00000000   Number         0  stubs.o ABSOLUTE
    _printf_p                                0x00000000   Number         0  stubs.o ABSOLUTE
    _printf_percent                          0x00000000   Number         0  stubs.o ABSOLUTE
    _printf_pre_padding                      0x00000000   Number         0  stubs.o ABSOLUTE
    _printf_return_value                     0x00000000   Number         0  stubs.o ABSOLUTE
    _printf_s                                0x00000000   Number         0  stubs.o ABSOLUTE
    _printf_sizespec                         0x00000000   Number         0  stubs.o ABSOLUTE
    _printf_str                              0x00000000   Number         0  stubs.o ABSOLUTE
    _printf_truncate_signed                  0x00000000   Number         0  stubs.o ABSOLUTE
    _printf_truncate_unsigned                0x00000000   Number         0  stubs.o ABSOLUTE
    _printf_u                                0x00000000   Number         0  stubs.o ABSOLUTE
    _printf_wc                               0x00000000   Number         0  stubs.o ABSOLUTE
    _printf_wctomb                           0x00000000   Number         0  stubs.o ABSOLUTE
    _printf_widthprec                        0x00000000   Number         0  stubs.o ABSOLUTE
    _printf_x                                0x00000000   Number         0  stubs.o ABSOLUTE
    __cpp_initialize__aeabi_                  - Undefined Weak Reference
    __cxa_finalize                            - Undefined Weak Reference
    _clock_init                               - Undefined Weak Reference
    _microlib_exit                            - Undefined Weak Reference
    __Vectors_Size                           0x000000c0   Number         0  arm_startup_nrf51.o ABSOLUTE
    __Vectors                                0x0001b000   Data           4  arm_startup_nrf51.o(RESET)
    __Vectors_End                            0x0001b0c0   Data           0  arm_startup_nrf51.o(RESET)
    __main                                   0x0001b0c1   Thumb Code     0  entry.o(.ARM.Collect$$$$00000000)
    _main_stk                                0x0001b0c1   Thumb Code     0  entry2.o(.ARM.Collect$$$$00000001)
    _main_scatterload                        0x0001b0c5   Thumb Code     0  entry5.o(.ARM.Collect$$$$00000004)
    __main_after_scatterload                 0x0001b0c9   Thumb Code     0  entry5.o(.ARM.Collect$$$$00000004)
    _main_clock                              0x0001b0c9   Thumb Code     0  entry7b.o(.ARM.Collect$$$$00000008)
    _main_cpp_init                           0x0001b0c9   Thumb Code     0  entry8b.o(.ARM.Collect$$$$0000000A)
    _main_init                               0x0001b0c9   Thumb Code     0  entry9a.o(.ARM.Collect$$$$0000000B)
    __rt_final_cpp                           0x0001b0d1   Thumb Code     0  entry10a.o(.ARM.Collect$$$$0000000D)
    __rt_final_exit                          0x0001b0d1   Thumb Code     0  entry11a.o(.ARM.Collect$$$$0000000F)
    Reset_Handler                            0x0001b0d5   Thumb Code    26  arm_startup_nrf51.o(.text)
    NMI_Handler                              0x0001b0ef   Thumb Code     2  arm_startup_nrf51.o(.text)
    HardFault_Handler                        0x0001b0f1   Thumb Code     2  arm_startup_nrf51.o(.text)
    SVC_Handler                              0x0001b0f3   Thumb Code     2  arm_startup_nrf51.o(.text)
    PendSV_Handler                           0x0001b0f5   Thumb Code     2  arm_startup_nrf51.o(.text)
    SysTick_Handler                          0x0001b0f7   Thumb Code     2  arm_startup_nrf51.o(.text)
    ADC_IRQHandler                           0x0001b0f9   Thumb Code     0  arm_startup_nrf51.o(.text)
    CCM_AAR_IRQHandler                       0x0001b0f9   Thumb Code     0  arm_startup_nrf51.o(.text)
    ECB_IRQHandler                           0x0001b0f9   Thumb Code     0  arm_startup_nrf51.o(.text)
    LPCOMP_IRQHandler                        0x0001b0f9   Thumb Code     0  arm_startup_nrf51.o(.text)
    QDEC_IRQHandler                          0x0001b0f9   Thumb Code     0  arm_startup_nrf51.o(.text)
    RADIO_IRQHandler                         0x0001b0f9   Thumb Code     0  arm_startup_nrf51.o(.text)
    RNG_IRQHandler                           0x0001b0f9   Thumb Code     0  arm_startup_nrf51.o(.text)
    RTC0_IRQHandler                          0x0001b0f9   Thumb Code     0  arm_startup_nrf51.o(.text)
    SPI0_TWI0_IRQHandler                     0x0001b0f9   Thumb Code     0  arm_startup_nrf51.o(.text)
    SPI1_TWI1_IRQHandler                     0x0001b0f9   Thumb Code     0  arm_startup_nrf51.o(.text)
    SWI1_IRQHandler                          0x0001b0f9   Thumb Code     0  arm_startup_nrf51.o(.text)
    SWI3_IRQHandler                          0x0001b0f9   Thumb Code     0  arm_startup_nrf51.o(.text)
    SWI4_IRQHandler                          0x0001b0f9   Thumb Code     0  arm_startup_nrf51.o(.text)
    SWI5_IRQHandler                          0x0001b0f9   Thumb Code     0  arm_startup_nrf51.o(.text)
    TEMP_IRQHandler                          0x0001b0f9   Thumb Code     0  arm_startup_nrf51.o(.text)
    TIMER0_IRQHandler                        0x0001b0f9   Thumb Code     0  arm_startup_nrf51.o(.text)
    TIMER1_IRQHandler                        0x0001b0f9   Thumb Code     0  arm_startup_nrf51.o(.text)
    TIMER2_IRQHandler                        0x0001b0f9   Thumb Code     0  arm_startup_nrf51.o(.text)
    WDT_IRQHandler                           0x0001b0f9   Thumb Code     0  arm_startup_nrf51.o(.text)
    __aeabi_uidiv                            0x0001b10d   Thumb Code     0  uidiv.o(.text)
    __aeabi_uidivmod                         0x0001b10d   Thumb Code    44  uidiv.o(.text)
    __rt_ctype_table                         0x0001b139   Thumb Code     4  ctype_o.o(.text)
    __aeabi_memcpy                           0x0001b141   Thumb Code    36  memcpya.o(.text)
    __aeabi_memcpy4                          0x0001b141   Thumb Code     0  memcpya.o(.text)
    __aeabi_memcpy8                          0x0001b141   Thumb Code     0  memcpya.o(.text)
    __aeabi_memset                           0x0001b165   Thumb Code    14  memseta.o(.text)
    __aeabi_memset4                          0x0001b165   Thumb Code     0  memseta.o(.text)
    __aeabi_memset8                          0x0001b165   Thumb Code     0  memseta.o(.text)
    __aeabi_memclr                           0x0001b173   Thumb Code     4  memseta.o(.text)
    __aeabi_memclr4                          0x0001b173   Thumb Code     0  memseta.o(.text)
    __aeabi_memclr8                          0x0001b173   Thumb Code     0  memseta.o(.text)
    _memset$wrapper                          0x0001b177   Thumb Code    18  memseta.o(.text)
    strlen                                   0x0001b189   Thumb Code    14  strlen.o(.text)
    memcmp                                   0x0001b197   Thumb Code    26  memcmp.o(.text)
    strcpy                                   0x0001b1b1   Thumb Code    18  strcpy.o(.text)
    __aeabi_uldivmod                         0x0001b1c3   Thumb Code    96  uldiv.o(.text)
    __scatterload                            0x0001b225   Thumb Code    28  init.o(.text)
    __scatterload_rt2                        0x0001b225   Thumb Code     0  init.o(.text)
    __aeabi_llsl                             0x0001b249   Thumb Code    32  llshl.o(.text)
    __semihosting_library_function           0x0001b249   Thumb Code     0  semi.o(.text)
    _ll_shift_l                              0x0001b249   Thumb Code     0  llshl.o(.text)
    __aeabi_llsr                             0x0001b269   Thumb Code    34  llushr.o(.text)
    _ll_ushift_r                             0x0001b269   Thumb Code     0  llushr.o(.text)
    __I$use$semihosting$fputc                0x0001b28b   Thumb Code     0  iusesemip.o(.text)
    __decompress                             0x0001b28b   Thumb Code     0  __dczerorl2.o(.text)
    __decompress1                            0x0001b28b   Thumb Code    86  __dczerorl2.o(.text)
    GPIOTE_IRQHandler                        0x0001b2e1   Thumb Code   364  nrf_drv_gpiote.o(i.GPIOTE_IRQHandler)
    POWER_CLOCK_IRQHandler                   0x0001b49d   Thumb Code    70  nrf_drv_clock.o(i.POWER_CLOCK_IRQHandler)
    RTC1_IRQHandler                          0x0001b4f1   Thumb Code    28  app_timer.o(i.RTC1_IRQHandler)
    SEGGER_RTT_Init                          0x0001b511   Thumb Code    16  segger_rtt.o(i.SEGGER_RTT_Init)
    SEGGER_RTT_WriteNoLock                   0x0001b525   Thumb Code    86  segger_rtt.o(i.SEGGER_RTT_WriteNoLock)
    SWI0_IRQHandler                          0x0001b581   Thumb Code     8  app_timer.o(i.SWI0_IRQHandler)
    SWI2_IRQHandler                          0x0001b589   Thumb Code    28  softdevice_handler.o(i.SWI2_IRQHandler)
    SystemInit                               0x0001b5a9   Thumb Code   130  system_nrf51.o(i.SystemInit)
    UART0_IRQHandler                         0x0001b649   Thumb Code    12  nrf_drv_uart.o(i.UART0_IRQHandler)
    __0printf$8                              0x0001b77d   Thumb Code    24  printf8.o(i.__0printf$8)
    __1printf$8                              0x0001b77d   Thumb Code     0  printf8.o(i.__0printf$8)
    __2printf                                0x0001b77d   Thumb Code     0  printf8.o(i.__0printf$8)
    __0snprintf$8                            0x0001b79d   Thumb Code    46  printf8.o(i.__0snprintf$8)
    __1snprintf$8                            0x0001b79d   Thumb Code     0  printf8.o(i.__0snprintf$8)
    __2snprintf                              0x0001b79d   Thumb Code     0  printf8.o(i.__0snprintf$8)
    __ARM_common_switch8                     0x0001b7d1   Thumb Code    26  main.o(i.__ARM_common_switch8)
    __scatterload_copy                       0x0001b7eb   Thumb Code    14  handlers.o(i.__scatterload_copy)
    __scatterload_null                       0x0001b7f9   Thumb Code     2  handlers.o(i.__scatterload_null)
    __scatterload_zeroinit                   0x0001b7fb   Thumb Code    14  handlers.o(i.__scatterload_zeroinit)
    addr_compare                             0x0001bcaf   Thumb Code    40  id_manager.o(i.addr_compare)
    adv_data_encode                          0x0001bcd7   Thumb Code   398  ble_advdata.o(i.adv_data_encode)
    ah                                       0x0001bf71   Thumb Code    78  id_manager.o(i.ah)
    app_button_enable                        0x0001bfc9   Thumb Code    32  app_button.o(i.app_button_enable)
    app_button_init                          0x0001bfed   Thumb Code   100  app_button.o(i.app_button_init)
    app_error_fault_handler                  0x0001c061   Thumb Code    40  app_error_weak.o(i.app_error_fault_handler)
    app_error_handler_bare                   0x0001c0a9   Thumb Code    20  app_error.o(i.app_error_handler_bare)
    app_timer_create                         0x0001c0c1   Thumb Code    44  app_timer.o(i.app_timer_create)
    app_timer_init                           0x0001c0f1   Thumb Code    98  app_timer.o(i.app_timer_init)
    app_timer_start                          0x0001c165   Thumb Code   128  app_timer.o(i.app_timer_start)
    app_timer_stop                           0x0001c1ed   Thumb Code    36  app_timer.o(i.app_timer_stop)
    app_uart_get                             0x0001c215   Thumb Code    28  app_uart.o(i.app_uart_get)
    app_uart_init                            0x0001c235   Thumb Code   122  app_uart.o(i.app_uart_init)
    app_uart_put                             0x0001c2bd   Thumb Code    32  app_uart.o(i.app_uart_put)
    app_util_critical_region_enter           0x0001c2e1   Thumb Code    48  app_util_platform.o(i.app_util_critical_region_enter)
    app_util_critical_region_exit            0x0001c31d   Thumb Code    36  app_util_platform.o(i.app_util_critical_region_exit)
    ble_advdata_set                          0x0001c46d   Thumb Code   104  ble_advdata.o(i.ble_advdata_set)
    ble_advertising_init                     0x0001c4d5   Thumb Code   340  ble_advertising.o(i.ble_advertising_init)
    ble_advertising_on_ble_evt               0x0001c631   Thumb Code    82  ble_advertising.o(i.ble_advertising_on_ble_evt)
    ble_advertising_on_sys_evt               0x0001c689   Thumb Code    42  ble_advertising.o(i.ble_advertising_on_sys_evt)
    ble_advertising_restart_without_whitelist 0x0001c6b9   Thumb Code    50  ble_advertising.o(i.ble_advertising_restart_without_whitelist)
    ble_advertising_start                    0x0001c6f5   Thumb Code   256  ble_advertising.o(i.ble_advertising_start)
    ble_conn_params_init                     0x0001c7fd   Thumb Code    68  ble_conn_params.o(i.ble_conn_params_init)
    ble_conn_params_on_ble_evt               0x0001c851   Thumb Code   130  ble_conn_params.o(i.ble_conn_params_on_ble_evt)
    ble_conn_state_conn_handles              0x0001c8e1   Thumb Code    14  ble_conn_state.o(i.ble_conn_state_conn_handles)
    ble_conn_state_encrypted                 0x0001c8f5   Thumb Code    16  ble_conn_state.o(i.ble_conn_state_encrypted)
    ble_conn_state_mitm_protected            0x0001c909   Thumb Code    16  ble_conn_state.o(i.ble_conn_state_mitm_protected)
    ble_conn_state_on_ble_evt                0x0001c91d   Thumb Code   238  ble_conn_state.o(i.ble_conn_state_on_ble_evt)
    ble_conn_state_role                      0x0001ca15   Thumb Code    46  ble_conn_state.o(i.ble_conn_state_role)
    ble_conn_state_user_flag_acquire         0x0001ca49   Thumb Code    42  ble_conn_state.o(i.ble_conn_state_user_flag_acquire)
    ble_conn_state_user_flag_collection      0x0001ca79   Thumb Code    20  ble_conn_state.o(i.ble_conn_state_user_flag_collection)
    ble_conn_state_user_flag_get             0x0001ca91   Thumb Code    32  ble_conn_state.o(i.ble_conn_state_user_flag_get)
    ble_conn_state_user_flag_set             0x0001cab5   Thumb Code    36  ble_conn_state.o(i.ble_conn_state_user_flag_set)
    ble_nus_init                             0x0001cb71   Thumb Code    98  ble_nus.o(i.ble_nus_init)
    ble_nus_on_ble_evt                       0x0001cbd9   Thumb Code    92  ble_nus.o(i.ble_nus_on_ble_evt)
    ble_srv_is_notification_enabled          0x0001cc35   Thumb Code    14  ble_srv_common.o(i.ble_srv_is_notification_enabled)
    bsp_board_button_idx_to_pin              0x0001ccb5   Thumb Code     6  boards.o(i.bsp_board_button_idx_to_pin)
    bsp_board_button_state_get               0x0001ccc1   Thumb Code    24  boards.o(i.bsp_board_button_state_get)
    bsp_board_led_invert                     0x0001cce1   Thumb Code    24  boards.o(i.bsp_board_led_invert)
    bsp_board_led_off                        0x0001cd01   Thumb Code    14  boards.o(i.bsp_board_led_off)
    bsp_board_led_on                         0x0001cd15   Thumb Code    14  boards.o(i.bsp_board_led_on)
    bsp_board_led_state_get                  0x0001cd29   Thumb Code    24  boards.o(i.bsp_board_led_state_get)
    bsp_board_leds_init                      0x0001cd49   Thumb Code    36  boards.o(i.bsp_board_leds_init)
    bsp_board_leds_off                       0x0001cd71   Thumb Code    18  boards.o(i.bsp_board_leds_off)
    bsp_board_leds_on                        0x0001cd83   Thumb Code    18  boards.o(i.bsp_board_leds_on)
    bsp_board_pin_to_button_idx              0x0001cd95   Thumb Code    30  boards.o(i.bsp_board_pin_to_button_idx)
    bsp_btn_ble_init                         0x0001cdb9   Thumb Code    58  bsp_btn_ble.o(i.bsp_btn_ble_init)
    bsp_btn_ble_on_ble_evt                   0x0001cdf9   Thumb Code   114  bsp_btn_ble.o(i.bsp_btn_ble_on_ble_evt)
    bsp_btn_ble_sleep_mode_prepare           0x0001ce71   Thumb Code    34  bsp_btn_ble.o(i.bsp_btn_ble_sleep_mode_prepare)
    bsp_button_is_pressed                    0x0001cf29   Thumb Code     8  bsp.o(i.bsp_button_is_pressed)
    bsp_event_to_button_action_assign        0x0001cf75   Thumb Code    66  bsp.o(i.bsp_event_to_button_action_assign)
    bsp_indication_set                       0x0001cfbd   Thumb Code    22  bsp.o(i.bsp_indication_set)
    bsp_init                                 0x0001cfd9   Thumb Code   132  bsp.o(i.bsp_init)
    bsp_wakeup_button_enable                 0x0001d1f1   Thumb Code    16  bsp.o(i.bsp_wakeup_button_enable)
    buffer_is_empty                          0x0001d285   Thumb Code    16  nrf_log_frontend.o(i.buffer_is_empty)
    chunk_queue_next                         0x0001d339   Thumb Code    20  fds.o(i.chunk_queue_next)
    fds_file_delete                          0x0001d91d   Thumb Code    66  fds.o(i.fds_file_delete)
    fds_gc                                   0x0001d969   Thumb Code    62  fds.o(i.fds_gc)
    fds_init                                 0x0001d9b1   Thumb Code   134  fds.o(i.fds_init)
    fds_record_close                         0x0001da3d   Thumb Code    60  fds.o(i.fds_record_close)
    fds_record_find                          0x0001da7d   Thumb Code    14  fds.o(i.fds_record_find)
    fds_record_find_by_key                   0x0001da8b   Thumb Code    16  fds.o(i.fds_record_find_by_key)
    fds_record_find_in_file                  0x0001da9b   Thumb Code    16  fds.o(i.fds_record_find_in_file)
    fds_record_id_from_desc                  0x0001daab   Thumb Code    20  fds.o(i.fds_record_id_from_desc)
    fds_record_open                          0x0001dac1   Thumb Code    64  fds.o(i.fds_record_open)
    fds_record_update                        0x0001db05   Thumb Code    20  fds.o(i.fds_record_update)
    fds_record_write                         0x0001db19   Thumb Code    12  fds.o(i.fds_record_write)
    fds_record_write_reserved                0x0001db25   Thumb Code    18  fds.o(i.fds_record_write_reserved)
    fds_register                             0x0001db39   Thumb Code    28  fds.o(i.fds_register)
    fds_reserve                              0x0001db5d   Thumb Code    48  fds.o(i.fds_reserve)
    fds_reserve_cancel                       0x0001db91   Thumb Code    62  fds.o(i.fds_reserve_cancel)
    fputc                                    0x0001dc9d   Thumb Code    18  fputc.o(i.fputc)
    fs_erase                                 0x0001dcb1   Thumb Code   118  fstorage.o(i.fs_erase)
    fs_init                                  0x0001dd39   Thumb Code   154  fstorage.o(i.fs_init)
    fs_queued_op_count_get                   0x0001dde5   Thumb Code    18  fstorage.o(i.fs_queued_op_count_get)
    fs_store                                 0x0001ddfd   Thumb Code   128  fstorage.o(i.fs_store)
    fs_sys_event_handler                     0x0001de81   Thumb Code    94  fstorage.o(i.fs_sys_event_handler)
    gcm_ble_evt_handler                      0x0001e0c5   Thumb Code   232  gatt_cache_manager.o(i.gcm_ble_evt_handler)
    gcm_gscm_evt_handler                     0x0001e1b5   Thumb Code    96  gatt_cache_manager.o(i.gcm_gscm_evt_handler)
    gcm_im_evt_handler                       0x0001e21d   Thumb Code    40  gatt_cache_manager.o(i.gcm_im_evt_handler)
    gcm_init                                 0x0001e249   Thumb Code    66  gatt_cache_manager.o(i.gcm_init)
    gcm_local_database_has_changed           0x0001e291   Thumb Code    66  gatt_cache_manager.o(i.gcm_local_database_has_changed)
    gcm_smd_evt_handler                      0x0001e2dd   Thumb Code    16  gatt_cache_manager.o(i.gcm_smd_evt_handler)
    get_connection_by_conn_handle            0x0001e2ed   Thumb Code    48  id_manager.o(i.get_connection_by_conn_handle)
    get_free_connection                      0x0001e325   Thumb Code    40  id_manager.o(i.get_free_connection)
    gscm_db_change_notification_done         0x0001e3a5   Thumb Code    22  gatts_cache_manager.o(i.gscm_db_change_notification_done)
    gscm_init                                0x0001e3c1   Thumb Code    16  gatts_cache_manager.o(i.gscm_init)
    gscm_local_database_has_changed          0x0001e3d5   Thumb Code    18  gatts_cache_manager.o(i.gscm_local_database_has_changed)
    gscm_local_db_cache_apply                0x0001e3f1   Thumb Code   104  gatts_cache_manager.o(i.gscm_local_db_cache_apply)
    gscm_local_db_cache_update               0x0001e45d   Thumb Code   124  gatts_cache_manager.o(i.gscm_local_db_cache_update)
    gscm_pdb_evt_handler                     0x0001e4e1   Thumb Code    68  gatts_cache_manager.o(i.gscm_pdb_evt_handler)
    gscm_service_changed_ind_needed          0x0001e52d   Thumb Code    28  gatts_cache_manager.o(i.gscm_service_changed_ind_needed)
    gscm_service_changed_ind_send            0x0001e549   Thumb Code    32  gatts_cache_manager.o(i.gscm_service_changed_ind_send)
    im_address_resolve                       0x0001e591   Thumb Code    64  id_manager.o(i.im_address_resolve)
    im_ble_addr_get                          0x0001e5d1   Thumb Code    38  id_manager.o(i.im_ble_addr_get)
    im_ble_evt_handler                       0x0001e5fd   Thumb Code   162  id_manager.o(i.im_ble_evt_handler)
    im_conn_handle_get                       0x0001e6a5   Thumb Code    34  id_manager.o(i.im_conn_handle_get)
    im_init                                  0x0001e6d1   Thumb Code    60  id_manager.o(i.im_init)
    im_is_duplicate_bonding_data             0x0001e719   Thumb Code    56  id_manager.o(i.im_is_duplicate_bonding_data)
    im_master_id_is_valid                    0x0001e751   Thumb Code    28  id_manager.o(i.im_master_id_is_valid)
    im_master_ids_compare                    0x0001e76d   Thumb Code    44  id_manager.o(i.im_master_ids_compare)
    im_new_peer_id                           0x0001e799   Thumb Code     8  id_manager.o(i.im_new_peer_id)
    im_pdb_evt_handler                       0x0001e7a1   Thumb Code   110  id_manager.o(i.im_pdb_evt_handler)
    im_peer_free                             0x0001e811   Thumb Code    38  id_manager.o(i.im_peer_free)
    im_peer_id_get_by_conn_handle            0x0001e83d   Thumb Code    24  id_manager.o(i.im_peer_id_get_by_conn_handle)
    im_peer_id_get_by_master_id              0x0001e85d   Thumb Code    62  id_manager.o(i.im_peer_id_get_by_master_id)
    intern_softdevice_events_execute         0x0001e961   Thumb Code   122  softdevice_handler.o(i.intern_softdevice_events_execute)
    is_valid_irk                             0x0001ea45   Thumb Code    22  id_manager.o(i.is_valid_irk)
    main                                     0x0001f019   Thumb Code   358  main.o(i.main)
    new_connection                           0x0001f2f5   Thumb Code    80  id_manager.o(i.new_connection)
    next_id_get                              0x0001f351   Thumb Code    48  peer_id.o(i.next_id_get)
    nrf_drv_clock_init                       0x0001f3d5   Thumb Code    60  nrf_drv_clock.o(i.nrf_drv_clock_init)
    nrf_drv_clock_on_sd_enable               0x0001f41d   Thumb Code    46  nrf_drv_clock.o(i.nrf_drv_clock_on_sd_enable)
    nrf_drv_clock_on_soc_event               0x0001f451   Thumb Code    12  nrf_drv_clock.o(i.nrf_drv_clock_on_soc_event)
    nrf_drv_common_irq_enable                0x0001f45d   Thumb Code    78  nrf_drv_common.o(i.nrf_drv_common_irq_enable)
    nrf_drv_gpiote_in_event_enable           0x0001f4bd   Thumb Code   136  nrf_drv_gpiote.o(i.nrf_drv_gpiote_in_event_enable)
    nrf_drv_gpiote_in_init                   0x0001f555   Thumb Code   154  nrf_drv_gpiote.o(i.nrf_drv_gpiote_in_init)
    nrf_drv_gpiote_in_is_set                 0x0001f5fd   Thumb Code    16  nrf_drv_gpiote.o(i.nrf_drv_gpiote_in_is_set)
    nrf_drv_gpiote_init                      0x0001f611   Thumb Code    84  nrf_drv_gpiote.o(i.nrf_drv_gpiote_init)
    nrf_drv_gpiote_is_init                   0x0001f66d   Thumb Code    12  nrf_drv_gpiote.o(i.nrf_drv_gpiote_is_init)
    nrf_drv_uart_init                        0x0001f67d   Thumb Code   118  nrf_drv_uart.o(i.nrf_drv_uart_init)
    nrf_drv_uart_rx                          0x0001f6fd   Thumb Code    86  nrf_drv_uart.o(i.nrf_drv_uart_rx)
    nrf_drv_uart_rx_enable                   0x0001f759   Thumb Code    40  nrf_drv_uart.o(i.nrf_drv_uart_rx_enable)
    nrf_drv_uart_tx                          0x0001f82d   Thumb Code    46  nrf_drv_uart.o(i.nrf_drv_uart_tx)
    nrf_drv_uart_tx_in_progress              0x0001f8ed   Thumb Code    20  nrf_drv_uart.o(i.nrf_drv_uart_tx_in_progress)
    nrf_drv_uart_uninit                      0x0001f905   Thumb Code   140  nrf_drv_uart.o(i.nrf_drv_uart_uninit)
    nrf_log_backend_hexdump_handler_get      0x0001faf5   Thumb Code     4  nrf_log_backend_serial.o(i.nrf_log_backend_hexdump_handler_get)
    nrf_log_backend_init                     0x0001fafd   Thumb Code   106  nrf_log_backend_serial.o(i.nrf_log_backend_init)
    nrf_log_backend_std_handler_get          0x0001fdb1   Thumb Code     4  nrf_log_backend_serial.o(i.nrf_log_backend_std_handler_get)
    nrf_log_blocking_backend_set             0x0001fdb9   Thumb Code    10  nrf_log_frontend.o(i.nrf_log_blocking_backend_set)
    nrf_log_frontend_dequeue                 0x0001fdc5   Thumb Code   318  nrf_log_frontend.o(i.nrf_log_frontend_dequeue)
    nrf_log_frontend_init                    0x0001ff11   Thumb Code    20  nrf_log_frontend.o(i.nrf_log_frontend_init)
    nrf_log_frontend_std_0                   0x0001ff29   Thumb Code    68  nrf_log_frontend.o(i.nrf_log_frontend_std_0)
    nrf_log_frontend_std_1                   0x0001ff75   Thumb Code    86  nrf_log_frontend.o(i.nrf_log_frontend_std_1)
    nrf_log_frontend_std_3                   0x0001ffd5   Thumb Code   114  nrf_log_frontend.o(i.nrf_log_frontend_std_3)
    nrf_log_handlers_set                     0x00020051   Thumb Code     8  nrf_log_frontend.o(i.nrf_log_handlers_set)
    nrf_log_init                             0x0002005d   Thumb Code    36  nrf_log_frontend.o(i.nrf_log_init)
    pdb_init                                 0x00020569   Thumb Code    62  peer_database.o(i.pdb_init)
    pdb_next_deleted_peer_id_get             0x000205b5   Thumb Code     8  peer_database.o(i.pdb_next_deleted_peer_id_get)
    pdb_next_peer_id_get                     0x000205bd   Thumb Code     8  peer_database.o(i.pdb_next_peer_id_get)
    pdb_pds_evt_handler                      0x000205c5   Thumb Code   300  peer_database.o(i.pdb_pds_evt_handler)
    pdb_peer_allocate                        0x000206f9   Thumb Code     8  peer_database.o(i.pdb_peer_allocate)
    pdb_peer_data_ptr_get                    0x00020701   Thumb Code    10  peer_database.o(i.pdb_peer_data_ptr_get)
    pdb_peer_free                            0x0002070b   Thumb Code    74  peer_database.o(i.pdb_peer_free)
    pdb_raw_store                            0x00020755   Thumb Code    12  peer_database.o(i.pdb_raw_store)
    pdb_write_buf_get                        0x00020761   Thumb Code   256  peer_database.o(i.pdb_write_buf_get)
    pdb_write_buf_release                    0x00020869   Thumb Code    42  peer_database.o(i.pdb_write_buf_release)
    pdb_write_buf_store                      0x00020895   Thumb Code   190  peer_database.o(i.pdb_write_buf_store)
    pdb_write_buf_store_prepare              0x0002095d   Thumb Code    98  peer_database.o(i.pdb_write_buf_store_prepare)
    pds_init                                 0x000209d1   Thumb Code   100  peer_data_storage.o(i.pds_init)
    pds_next_deleted_peer_id_get             0x00020a41   Thumb Code     8  peer_data_storage.o(i.pds_next_deleted_peer_id_get)
    pds_next_peer_id_get                     0x00020a49   Thumb Code     8  peer_data_storage.o(i.pds_next_peer_id_get)
    pds_peer_data_iterate                    0x00020a51   Thumb Code    80  peer_data_storage.o(i.pds_peer_data_iterate)
    pds_peer_data_iterate_prepare            0x00020aa5   Thumb Code    10  peer_data_storage.o(i.pds_peer_data_iterate_prepare)
    pds_peer_data_read                       0x00020ab5   Thumb Code   112  peer_data_storage.o(i.pds_peer_data_read)
    pds_peer_data_store                      0x00020b25   Thumb Code   170  peer_data_storage.o(i.pds_peer_data_store)
    pds_peer_id_allocate                     0x00020bd1   Thumb Code    10  peer_data_storage.o(i.pds_peer_id_allocate)
    pds_peer_id_free                         0x00020be1   Thumb Code    22  peer_data_storage.o(i.pds_peer_id_free)
    pds_peer_id_is_allocated                 0x00020bf7   Thumb Code     8  peer_data_storage.o(i.pds_peer_id_is_allocated)
    pds_space_reserve                        0x00020bff   Thumb Code    48  peer_data_storage.o(i.pds_space_reserve)
    pds_space_reserve_cancel                 0x00020c2f   Thumb Code    16  peer_data_storage.o(i.pds_space_reserve_cancel)
    peer_id_allocate                         0x00020d2d   Thumb Code    10  peer_id.o(i.peer_id_allocate)
    peer_id_delete                           0x00020d3d   Thumb Code    30  peer_id.o(i.peer_id_delete)
    peer_id_free                             0x00020d65   Thumb Code    22  peer_id.o(i.peer_id_free)
    peer_id_get_next_deleted                 0x00020d81   Thumb Code    10  peer_id.o(i.peer_id_get_next_deleted)
    peer_id_get_next_used                    0x00020d91   Thumb Code    42  peer_id.o(i.peer_id_get_next_used)
    peer_id_init                             0x00020dc5   Thumb Code    34  peer_id.o(i.peer_id_init)
    peer_id_is_allocated                     0x00020ded   Thumb Code    20  peer_id.o(i.peer_id_is_allocated)
    peer_id_is_deleted                       0x00020e05   Thumb Code    20  peer_id.o(i.peer_id_is_deleted)
    pm_buffer_block_acquire                  0x00020eed   Thumb Code    94  pm_buffer.o(i.pm_buffer_block_acquire)
    pm_buffer_init                           0x00020f4b   Thumb Code    66  pm_buffer.o(i.pm_buffer_init)
    pm_buffer_ptr_get                        0x00020f8d   Thumb Code    46  pm_buffer.o(i.pm_buffer_ptr_get)
    pm_buffer_release                        0x00020fbb   Thumb Code    42  pm_buffer.o(i.pm_buffer_release)
    pm_conn_sec_config_reply                 0x00020fe5   Thumb Code     8  peer_manager.o(i.pm_conn_sec_config_reply)
    pm_gcm_evt_handler                       0x000210a1   Thumb Code   128  peer_manager.o(i.pm_gcm_evt_handler)
    pm_im_evt_handler                        0x00021121   Thumb Code    74  peer_manager.o(i.pm_im_evt_handler)
    pm_init                                  0x00021171   Thumb Code   108  peer_manager.o(i.pm_init)
    pm_local_database_has_changed            0x000211e1   Thumb Code    16  peer_manager.o(i.pm_local_database_has_changed)
    pm_mutex_init                            0x000211f5   Thumb Code    16  pm_mutex.o(i.pm_mutex_init)
    pm_mutex_lock                            0x00021205   Thumb Code    28  pm_mutex.o(i.pm_mutex_lock)
    pm_mutex_lock_first_available            0x00021221   Thumb Code    52  pm_mutex.o(i.pm_mutex_lock_first_available)
    pm_mutex_lock_status_get                 0x00021255   Thumb Code    24  pm_mutex.o(i.pm_mutex_lock_status_get)
    pm_mutex_unlock                          0x0002126d   Thumb Code    54  pm_mutex.o(i.pm_mutex_unlock)
    pm_on_ble_evt                            0x000212a5   Thumb Code    32  peer_manager.o(i.pm_on_ble_evt)
    pm_pdb_evt_handler                       0x000212c9   Thumb Code   306  peer_manager.o(i.pm_pdb_evt_handler)
    pm_peer_delete                           0x00021405   Thumb Code    20  peer_manager.o(i.pm_peer_delete)
    pm_peers_delete                          0x0002141d   Thumb Code    52  peer_manager.o(i.pm_peers_delete)
    pm_register                              0x00021459   Thumb Code    38  peer_manager.o(i.pm_register)
    pm_sec_params_set                        0x00021489   Thumb Code    20  peer_manager.o(i.pm_sec_params_set)
    pm_sm_evt_handler                        0x000214a1   Thumb Code   324  peer_manager.o(i.pm_sm_evt_handler)
    sdk_mapped_flags_bulk_update_by_key      0x00021ba9   Thumb Code    70  sdk_mapped_flags.o(i.sdk_mapped_flags_bulk_update_by_key)
    sdk_mapped_flags_first_key_index_get     0x00021bf1   Thumb Code    34  sdk_mapped_flags.o(i.sdk_mapped_flags_first_key_index_get)
    sdk_mapped_flags_get_by_key              0x00021c29   Thumb Code    38  sdk_mapped_flags.o(i.sdk_mapped_flags_get_by_key)
    sdk_mapped_flags_key_list_get            0x00021c4f   Thumb Code    70  sdk_mapped_flags.o(i.sdk_mapped_flags_key_list_get)
    sdk_mapped_flags_update_by_key           0x00021c95   Thumb Code    14  sdk_mapped_flags.o(i.sdk_mapped_flags_update_by_key)
    sm_ble_evt_handler                       0x00022179   Thumb Code    16  security_manager.o(i.sm_ble_evt_handler)
    sm_conn_sec_config_reply                 0x0002218d   Thumb Code    24  security_manager.o(i.sm_conn_sec_config_reply)
    sm_init                                  0x000221a9   Thumb Code    76  security_manager.o(i.sm_init)
    sm_pdb_evt_handler                       0x000221f9   Thumb Code    48  security_manager.o(i.sm_pdb_evt_handler)
    sm_sec_params_set                        0x0002222d   Thumb Code    44  security_manager.o(i.sm_sec_params_set)
    sm_smd_evt_handler                       0x0002225d   Thumb Code   118  security_manager.o(i.sm_smd_evt_handler)
    smd_ble_evt_handler                      0x000222d9   Thumb Code   214  security_dispatcher.o(i.smd_ble_evt_handler)
    smd_init                                 0x000223bd   Thumb Code    56  security_dispatcher.o(i.smd_init)
    smd_link_secure                          0x000223f9   Thumb Code    44  security_dispatcher.o(i.smd_link_secure)
    smd_params_reply                         0x00022429   Thumb Code   260  security_dispatcher.o(i.smd_params_reply)
    smd_pdb_evt_handler                      0x000225c1   Thumb Code    46  security_dispatcher.o(i.smd_pdb_evt_handler)
    softdevice_ble_evt_handler_set           0x000225f5   Thumb Code    16  softdevice_handler.o(i.softdevice_ble_evt_handler_set)
    softdevice_enable                        0x00022609   Thumb Code    62  softdevice_handler.o(i.softdevice_enable)
    softdevice_enable_get_default_config     0x000226ad   Thumb Code    40  softdevice_handler.o(i.softdevice_enable_get_default_config)
    softdevice_fault_handler                 0x000226d5   Thumb Code     8  softdevice_handler.o(i.softdevice_fault_handler)
    softdevice_handler_init                  0x000226dd   Thumb Code    74  softdevice_handler.o(i.softdevice_handler_init)
    softdevice_handler_is_enabled            0x00022735   Thumb Code     6  softdevice_handler.o(i.softdevice_handler_is_enabled)
    softdevice_sys_evt_handler_set           0x00022741   Thumb Code    16  softdevice_handler.o(i.softdevice_sys_evt_handler_set)
    uart_event_handle                        0x000229ed   Thumb Code    64  main.o(i.uart_event_handle)
    __ctype_table                            0x000231fc   Data         129  ctype_o.o(.constdata)
    Region$$Table$$Base                      0x0002331c   Number         0  anon$$obj.o(Region$$Table)
    Region$$Table$$Limit                     0x0002333c   Number         0  anon$$obj.o(Region$$Table)
    Image$$RW_IRAM1$$Base                    0x20001fe8   Number         0  anon$$obj.o ABSOLUTE
    nrf_nvic_state                           0x200020f0   Data           8  app_util_platform.o(.data)
    SystemCoreClock                          0x20002148   Data           4  system_nrf51.o(.data)
    __stdout                                 0x2000214c   Data           4  stdout.o(.data)
    fs_data$$Base                            0x20002150   Number         0  fds.o(fs_data)
    fs_data$$Limit                           0x20002160   Number         0  fds.o(fs_data)
    _SEGGER_RTT                              0x200033c0   Data         120  segger_rtt.o(.bss)
    __initial_sp                             0x20003c38   Data           0  arm_startup_nrf51.o(STACK)



==============================================================================

Memory Map of the image

  Image Entry point : 0x0001b0c1

  Load Region LR_IROM1 (Base: 0x0001b000, Size: 0x000084b4, Max: 0x00025000, ABSOLUTE, COMPRESSED[0x00008378])

    Execution Region ER_IROM1 (Exec base: 0x0001b000, Load base: 0x0001b000, Size: 0x0000833c, Max: 0x00025000, ABSOLUTE)

    Exec Addr    Load Addr    Size         Type   Attr      Idx    E Section Name        Object

    0x0001b000   0x0001b000   0x000000c0   Data   RO         4772    RESET               arm_startup_nrf51.o
    0x0001b0c0   0x0001b0c0   0x00000000   Code   RO         4814  * .ARM.Collect$$$$00000000  mc_p.l(entry.o)
    0x0001b0c0   0x0001b0c0   0x00000004   Code   RO         5120    .ARM.Collect$$$$00000001  mc_p.l(entry2.o)
    0x0001b0c4   0x0001b0c4   0x00000004   Code   RO         5123    .ARM.Collect$$$$00000004  mc_p.l(entry5.o)
    0x0001b0c8   0x0001b0c8   0x00000000   Code   RO         5125    .ARM.Collect$$$$00000008  mc_p.l(entry7b.o)
    0x0001b0c8   0x0001b0c8   0x00000000   Code   RO         5127    .ARM.Collect$$$$0000000A  mc_p.l(entry8b.o)
    0x0001b0c8   0x0001b0c8   0x00000008   Code   RO         5128    .ARM.Collect$$$$0000000B  mc_p.l(entry9a.o)
    0x0001b0d0   0x0001b0d0   0x00000000   Code   RO         5130    .ARM.Collect$$$$0000000D  mc_p.l(entry10a.o)
    0x0001b0d0   0x0001b0d0   0x00000000   Code   RO         5132    .ARM.Collect$$$$0000000F  mc_p.l(entry11a.o)
    0x0001b0d0   0x0001b0d0   0x00000004   Code   RO         5121    .ARM.Collect$$$$00002712  mc_p.l(entry2.o)
    0x0001b0d4   0x0001b0d4   0x00000038   Code   RO         4773    .text               arm_startup_nrf51.o
    0x0001b10c   0x0001b10c   0x0000002c   Code   RO         4817    .text               mc_p.l(uidiv.o)
    0x0001b138   0x0001b138   0x00000008   Code   RO         4819    .text               mc_p.l(ctype_o.o)
    0x0001b140   0x0001b140   0x00000024   Code   RO         4847    .text               mc_p.l(memcpya.o)
    0x0001b164   0x0001b164   0x00000024   Code   RO         4849    .text               mc_p.l(memseta.o)
    0x0001b188   0x0001b188   0x0000000e   Code   RO         4851    .text               mc_p.l(strlen.o)
    0x0001b196   0x0001b196   0x0000001a   Code   RO         4853    .text               mc_p.l(memcmp.o)
    0x0001b1b0   0x0001b1b0   0x00000012   Code   RO         4855    .text               mc_p.l(strcpy.o)
    0x0001b1c2   0x0001b1c2   0x00000060   Code   RO         5137    .text               mc_p.l(uldiv.o)
    0x0001b222   0x0001b222   0x00000002   PAD
    0x0001b224   0x0001b224   0x00000024   Code   RO         5150    .text               mc_p.l(init.o)
    0x0001b248   0x0001b248   0x00000000   Code   RO         5152    .text               mc_p.l(semi.o)
    0x0001b248   0x0001b248   0x00000020   Code   RO         5153    .text               mc_p.l(llshl.o)
    0x0001b268   0x0001b268   0x00000022   Code   RO         5155    .text               mc_p.l(llushr.o)
    0x0001b28a   0x0001b28a   0x00000000   Code   RO         5159    .text               mc_p.l(iusesemip.o)
    0x0001b28a   0x0001b28a   0x00000056   Code   RO         5172    .text               mc_p.l(__dczerorl2.o)
    0x0001b2e0   0x0001b2e0   0x00000178   Code   RO         2927    i.GPIOTE_IRQHandler  nrf_drv_gpiote.o
    0x0001b458   0x0001b458   0x00000044   Code   RO         3439    i.NVIC_SetPriority  app_timer.o
    0x0001b49c   0x0001b49c   0x00000054   Code   RO         2715    i.POWER_CLOCK_IRQHandler  nrf_drv_clock.o
    0x0001b4f0   0x0001b4f0   0x00000020   Code   RO         3440    i.RTC1_IRQHandler   app_timer.o
    0x0001b510   0x0001b510   0x00000014   Code   RO         4488    i.SEGGER_RTT_Init   segger_rtt.o
    0x0001b524   0x0001b524   0x0000005c   Code   RO         4497    i.SEGGER_RTT_WriteNoLock  segger_rtt.o
    0x0001b580   0x0001b580   0x00000008   Code   RO         3441    i.SWI0_IRQHandler   app_timer.o
    0x0001b588   0x0001b588   0x00000020   Code   RO         4633    i.SWI2_IRQHandler   softdevice_handler.o
    0x0001b5a8   0x0001b5a8   0x000000a0   Code   RO         4780    i.SystemInit        system_nrf51.o
    0x0001b648   0x0001b648   0x00000014   Code   RO         3142    i.UART0_IRQHandler  nrf_drv_uart.o
    0x0001b65c   0x0001b65c   0x0000006c   Code   RO         4500    i._DoInit           segger_rtt.o
    0x0001b6c8   0x0001b6c8   0x00000016   Code   RO         4501    i._GetAvailWriteSpace  segger_rtt.o
    0x0001b6de   0x0001b6de   0x00000060   Code   RO         4503    i._WriteBlocking    segger_rtt.o
    0x0001b73e   0x0001b73e   0x0000003c   Code   RO         4504    i._WriteNoCheck     segger_rtt.o
    0x0001b77a   0x0001b77a   0x00000002   PAD
    0x0001b77c   0x0001b77c   0x00000020   Code   RO         5066    i.__0printf$8       mc_p.l(printf8.o)
    0x0001b79c   0x0001b79c   0x00000034   Code   RO         5067    i.__0snprintf$8     mc_p.l(printf8.o)
    0x0001b7d0   0x0001b7d0   0x0000001a   Code   RO          107    i.__ARM_common_switch8  main.o
    0x0001b7ea   0x0001b7ea   0x0000000e   Code   RO         5166    i.__scatterload_copy  mc_p.l(handlers.o)
    0x0001b7f8   0x0001b7f8   0x00000002   Code   RO         5167    i.__scatterload_null  mc_p.l(handlers.o)
    0x0001b7fa   0x0001b7fa   0x0000000e   Code   RO         5168    i.__scatterload_zeroinit  mc_p.l(handlers.o)
    0x0001b808   0x0001b808   0x0000001c   Code   RO         4634    i.__sd_nvic_app_accessible_irq  softdevice_handler.o
    0x0001b824   0x0001b824   0x00000428   Code   RO         5073    i._printf_core      mc_p.l(printf8.o)
    0x0001bc4c   0x0001bc4c   0x00000020   Code   RO         5074    i._printf_post_padding  mc_p.l(printf8.o)
    0x0001bc6c   0x0001bc6c   0x0000002c   Code   RO         5075    i._printf_pre_padding  mc_p.l(printf8.o)
    0x0001bc98   0x0001bc98   0x00000016   Code   RO         5076    i._snputc           mc_p.l(printf8.o)
    0x0001bcae   0x0001bcae   0x00000028   Code   RO         1463    i.addr_compare      id_manager.o
    0x0001bcd6   0x0001bcd6   0x0000018e   Code   RO          829    i.adv_data_encode   ble_advdata.o
    0x0001be64   0x0001be64   0x00000068   Code   RO          908    i.adv_mode_next_avail_get  ble_advertising.o
    0x0001becc   0x0001becc   0x0000003c   Code   RO          725    i.advertising_buttons_configure  bsp_btn_ble.o
    0x0001bf08   0x0001bf08   0x00000068   Code   RO            3    i.advertising_init  main.o
    0x0001bf70   0x0001bf70   0x0000004e   Code   RO         1465    i.ah                id_manager.o
    0x0001bfbe   0x0001bfbe   0x0000000a   Code   RO          604    i.alert_timer_handler  bsp.o
    0x0001bfc8   0x0001bfc8   0x00000024   Code   RO         3320    i.app_button_enable  app_button.o
    0x0001bfec   0x0001bfec   0x00000074   Code   RO         3321    i.app_button_init   app_button.o
    0x0001c060   0x0001c060   0x00000048   Code   RO         3416    i.app_error_fault_handler  app_error_weak.o
    0x0001c0a8   0x0001c0a8   0x00000018   Code   RO         3378    i.app_error_handler_bare  app_error.o
    0x0001c0c0   0x0001c0c0   0x00000030   Code   RO         3444    i.app_timer_create  app_timer.o
    0x0001c0f0   0x0001c0f0   0x00000074   Code   RO         3445    i.app_timer_init    app_timer.o
    0x0001c164   0x0001c164   0x00000088   Code   RO         3446    i.app_timer_start   app_timer.o
    0x0001c1ec   0x0001c1ec   0x00000028   Code   RO         3447    i.app_timer_stop    app_timer.o
    0x0001c214   0x0001c214   0x00000020   Code   RO         4200    i.app_uart_get      app_uart.o
    0x0001c234   0x0001c234   0x00000088   Code   RO         4201    i.app_uart_init     app_uart.o
    0x0001c2bc   0x0001c2bc   0x00000024   Code   RO         4202    i.app_uart_put      app_uart.o
    0x0001c2e0   0x0001c2e0   0x0000003c   Code   RO         3581    i.app_util_critical_region_enter  app_util_platform.o
    0x0001c31c   0x0001c31c   0x0000002c   Code   RO         3582    i.app_util_critical_region_exit  app_util_platform.o
    0x0001c348   0x0001c348   0x00000084   Code   RO         3143    i.apply_config      nrf_drv_uart.o
    0x0001c3cc   0x0001c3cc   0x000000a0   Code   RO         2442    i.auth_status_success_process  security_dispatcher.o
    0x0001c46c   0x0001c46c   0x00000068   Code   RO          830    i.ble_advdata_set   ble_advdata.o
    0x0001c4d4   0x0001c4d4   0x0000015c   Code   RO          909    i.ble_advertising_init  ble_advertising.o
    0x0001c630   0x0001c630   0x00000058   Code   RO          910    i.ble_advertising_on_ble_evt  ble_advertising.o
    0x0001c688   0x0001c688   0x00000030   Code   RO          911    i.ble_advertising_on_sys_evt  ble_advertising.o
    0x0001c6b8   0x0001c6b8   0x0000003c   Code   RO          913    i.ble_advertising_restart_without_whitelist  ble_advertising.o
    0x0001c6f4   0x0001c6f4   0x00000108   Code   RO          914    i.ble_advertising_start  ble_advertising.o
    0x0001c7fc   0x0001c7fc   0x00000054   Code   RO         1005    i.ble_conn_params_init  ble_conn_params.o
    0x0001c850   0x0001c850   0x00000090   Code   RO         1006    i.ble_conn_params_on_ble_evt  ble_conn_params.o
    0x0001c8e0   0x0001c8e0   0x00000014   Code   RO         1074    i.ble_conn_state_conn_handles  ble_conn_state.o
    0x0001c8f4   0x0001c8f4   0x00000014   Code   RO         1075    i.ble_conn_state_encrypted  ble_conn_state.o
    0x0001c908   0x0001c908   0x00000014   Code   RO         1077    i.ble_conn_state_mitm_protected  ble_conn_state.o
    0x0001c91c   0x0001c91c   0x000000f8   Code   RO         1081    i.ble_conn_state_on_ble_evt  ble_conn_state.o
    0x0001ca14   0x0001ca14   0x00000034   Code   RO         1083    i.ble_conn_state_role  ble_conn_state.o
    0x0001ca48   0x0001ca48   0x00000030   Code   RO         1085    i.ble_conn_state_user_flag_acquire  ble_conn_state.o
    0x0001ca78   0x0001ca78   0x00000018   Code   RO         1086    i.ble_conn_state_user_flag_collection  ble_conn_state.o
    0x0001ca90   0x0001ca90   0x00000024   Code   RO         1087    i.ble_conn_state_user_flag_get  ble_conn_state.o
    0x0001cab4   0x0001cab4   0x00000028   Code   RO         1088    i.ble_conn_state_user_flag_set  ble_conn_state.o
    0x0001cadc   0x0001cadc   0x0000005e   Code   RO          831    i.ble_device_addr_encode  ble_advdata.o
    0x0001cb3a   0x0001cb3a   0x00000002   PAD
    0x0001cb3c   0x0001cb3c   0x00000034   Code   RO            5    i.ble_evt_dispatch  main.o
    0x0001cb70   0x0001cb70   0x00000068   Code   RO         2675    i.ble_nus_init      ble_nus.o
    0x0001cbd8   0x0001cbd8   0x0000005c   Code   RO         2676    i.ble_nus_on_ble_evt  ble_nus.o
    0x0001cc34   0x0001cc34   0x0000000e   Code   RO         1209    i.ble_srv_is_notification_enabled  ble_srv_common.o
    0x0001cc42   0x0001cc42   0x00000002   PAD
    0x0001cc44   0x0001cc44   0x00000070   Code   RO            7    i.ble_stack_init    main.o
    0x0001ccb4   0x0001ccb4   0x0000000c   Code   RO          485    i.bsp_board_button_idx_to_pin  boards.o
    0x0001ccc0   0x0001ccc0   0x00000020   Code   RO          486    i.bsp_board_button_state_get  boards.o
    0x0001cce0   0x0001cce0   0x00000020   Code   RO          489    i.bsp_board_led_invert  boards.o
    0x0001cd00   0x0001cd00   0x00000014   Code   RO          490    i.bsp_board_led_off  boards.o
    0x0001cd14   0x0001cd14   0x00000014   Code   RO          491    i.bsp_board_led_on  boards.o
    0x0001cd28   0x0001cd28   0x00000020   Code   RO          492    i.bsp_board_led_state_get  boards.o
    0x0001cd48   0x0001cd48   0x00000028   Code   RO          493    i.bsp_board_leds_init  boards.o
    0x0001cd70   0x0001cd70   0x00000012   Code   RO          494    i.bsp_board_leds_off  boards.o
    0x0001cd82   0x0001cd82   0x00000012   Code   RO          495    i.bsp_board_leds_on  boards.o
    0x0001cd94   0x0001cd94   0x00000024   Code   RO          496    i.bsp_board_pin_to_button_idx  boards.o
    0x0001cdb8   0x0001cdb8   0x00000040   Code   RO          726    i.bsp_btn_ble_init  bsp_btn_ble.o
    0x0001cdf8   0x0001cdf8   0x00000078   Code   RO          727    i.bsp_btn_ble_on_ble_evt  bsp_btn_ble.o
    0x0001ce70   0x0001ce70   0x00000022   Code   RO          728    i.bsp_btn_ble_sleep_mode_prepare  bsp_btn_ble.o
    0x0001ce92   0x0001ce92   0x00000002   PAD
    0x0001ce94   0x0001ce94   0x00000094   Code   RO          605    i.bsp_button_event_handler  bsp.o
    0x0001cf28   0x0001cf28   0x00000008   Code   RO          606    i.bsp_button_is_pressed  bsp.o
    0x0001cf30   0x0001cf30   0x00000044   Code   RO            8    i.bsp_event_handler  main.o
    0x0001cf74   0x0001cf74   0x00000048   Code   RO          609    i.bsp_event_to_button_action_assign  bsp.o
    0x0001cfbc   0x0001cfbc   0x0000001c   Code   RO          610    i.bsp_indication_set  bsp.o
    0x0001cfd8   0x0001cfd8   0x00000098   Code   RO          611    i.bsp_init          bsp.o
    0x0001d070   0x0001d070   0x00000180   Code   RO          612    i.bsp_led_indication  bsp.o
    0x0001d1f0   0x0001d1f0   0x00000010   Code   RO          614    i.bsp_wakeup_button_enable  bsp.o
    0x0001d200   0x0001d200   0x00000012   Code   RO         4259    i.buf_len_update    nrf_log_backend_serial.o
    0x0001d212   0x0001d212   0x00000002   PAD
    0x0001d214   0x0001d214   0x00000070   Code   RO         4357    i.buf_prealloc      nrf_log_frontend.o
    0x0001d284   0x0001d284   0x00000014   Code   RO         4358    i.buffer_is_empty   nrf_log_frontend.o
    0x0001d298   0x0001d298   0x0000000c   Code   RO          615    i.button_timer_handler  bsp.o
    0x0001d2a4   0x0001d2a4   0x0000001c   Code   RO         2928    i.channel_free      nrf_drv_gpiote.o
    0x0001d2c0   0x0001d2c0   0x00000048   Code   RO         2929    i.channel_port_alloc  nrf_drv_gpiote.o
    0x0001d308   0x0001d308   0x00000010   Code   RO         2930    i.channel_port_get  nrf_drv_gpiote.o
    0x0001d318   0x0001d318   0x00000020   Code   RO         3953    i.check_config      fstorage.o
    0x0001d338   0x0001d338   0x00000018   Code   RO         3651    i.chunk_queue_next  fds.o
    0x0001d350   0x0001d350   0x0000003c   Code   RO         2003    i.claim             peer_id.o
    0x0001d38c   0x0001d38c   0x00000028   Code   RO         2716    i.clock_clk_started_notify  nrf_drv_clock.o
    0x0001d3b4   0x0001d3b4   0x000000a8   Code   RO         3449    i.compare_reg_update  app_timer.o
    0x0001d45c   0x0001d45c   0x00000088   Code   RO          832    i.conn_int_encode   ble_advdata.o
    0x0001d4e4   0x0001d4e4   0x00000008   Code   RO            9    i.conn_params_error_handler  main.o
    0x0001d4ec   0x0001d4ec   0x00000068   Code   RO         1008    i.conn_params_negotiation  ble_conn_params.o
    0x0001d554   0x0001d554   0x000000a4   Code   RO         3652    i.delete_execute    fds.o
    0x0001d5f8   0x0001d5f8   0x00000060   Code   RO         3323    i.detection_delay_timeout_handler  app_button.o
    0x0001d658   0x0001d658   0x00000040   Code   RO         3450    i.elapsed_ticks_acquire  app_timer.o
    0x0001d698   0x0001d698   0x00000030   Code   RO         2443    i.encryption_failure  security_dispatcher.o
    0x0001d6c8   0x0001d6c8   0x0000006a   Code   RO         3653    i.event_prepare     fds.o
    0x0001d732   0x0001d732   0x00000002   PAD
    0x0001d734   0x0001d734   0x00000020   Code   RO         3654    i.event_send        fds.o
    0x0001d754   0x0001d754   0x00000032   Code   RO         2553    i.events_send_from_err_code  security_manager.o
    0x0001d786   0x0001d786   0x00000002   PAD
    0x0001d788   0x0001d788   0x0000000c   Code   RO         1262    i.evt_send          gatt_cache_manager.o
    0x0001d794   0x0001d794   0x0000001c   Code   RO         1466    i.evt_send          id_manager.o
    0x0001d7b0   0x0001d7b0   0x00000028   Code   RO         2089    i.evt_send          peer_manager.o
    0x0001d7d8   0x0001d7d8   0x0000001c   Code   RO         2444    i.evt_send          security_dispatcher.o
    0x0001d7f4   0x0001d7f4   0x0000000c   Code   RO         2554    i.evt_send          security_manager.o
    0x0001d800   0x0001d800   0x0000011c   Code   RO         1689    i.fds_evt_handler   peer_data_storage.o
    0x0001d91c   0x0001d91c   0x0000004c   Code   RO         3656    i.fds_file_delete   fds.o
    0x0001d968   0x0001d968   0x00000048   Code   RO         3657    i.fds_gc            fds.o
    0x0001d9b0   0x0001d9b0   0x0000008c   Code   RO         3658    i.fds_init          fds.o
    0x0001da3c   0x0001da3c   0x00000040   Code   RO         3659    i.fds_record_close  fds.o
    0x0001da7c   0x0001da7c   0x0000000e   Code   RO         3661    i.fds_record_find   fds.o
    0x0001da8a   0x0001da8a   0x00000010   Code   RO         3662    i.fds_record_find_by_key  fds.o
    0x0001da9a   0x0001da9a   0x00000010   Code   RO         3663    i.fds_record_find_in_file  fds.o
    0x0001daaa   0x0001daaa   0x00000014   Code   RO         3664    i.fds_record_id_from_desc  fds.o
    0x0001dabe   0x0001dabe   0x00000002   PAD
    0x0001dac0   0x0001dac0   0x00000044   Code   RO         3666    i.fds_record_open   fds.o
    0x0001db04   0x0001db04   0x00000014   Code   RO         3667    i.fds_record_update  fds.o
    0x0001db18   0x0001db18   0x0000000c   Code   RO         3668    i.fds_record_write  fds.o
    0x0001db24   0x0001db24   0x00000012   Code   RO         3669    i.fds_record_write_reserved  fds.o
    0x0001db36   0x0001db36   0x00000002   PAD
    0x0001db38   0x0001db38   0x00000024   Code   RO         3670    i.fds_register      fds.o
    0x0001db5c   0x0001db5c   0x00000034   Code   RO         3671    i.fds_reserve       fds.o
    0x0001db90   0x0001db90   0x00000048   Code   RO         3672    i.fds_reserve_cancel  fds.o
    0x0001dbd8   0x0001dbd8   0x0000000a   Code   RO         1690    i.file_id_to_peer_id  peer_data_storage.o
    0x0001dbe2   0x0001dbe2   0x00000002   PAD
    0x0001dbe4   0x0001dbe4   0x00000018   Code   RO         1691    i.file_id_within_pm_range  peer_data_storage.o
    0x0001dbfc   0x0001dbfc   0x00000010   Code   RO         3674    i.flag_clear        fds.o
    0x0001dc0c   0x0001dc0c   0x00000012   Code   RO         2445    i.flag_id_init      security_dispatcher.o
    0x0001dc1e   0x0001dc1e   0x00000012   Code   RO         2555    i.flag_id_init      security_manager.o
    0x0001dc30   0x0001dc30   0x00000010   Code   RO         3675    i.flag_set          fds.o
    0x0001dc40   0x0001dc40   0x0000005c   Code   RO         2556    i.flags_set_from_err_code  security_manager.o
    0x0001dc9c   0x0001dc9c   0x00000012   Code   RO         5134    i.fputc             mc_p.l(fputc.o)
    0x0001dcae   0x0001dcae   0x00000002   PAD
    0x0001dcb0   0x0001dcb0   0x0000007c   Code   RO         3954    i.fs_erase          fstorage.o
    0x0001dd2c   0x0001dd2c   0x0000000a   Code   RO         3676    i.fs_event_handler  fds.o
    0x0001dd36   0x0001dd36   0x00000002   PAD
    0x0001dd38   0x0001dd38   0x000000ac   Code   RO         3956    i.fs_init           fstorage.o
    0x0001dde4   0x0001dde4   0x00000018   Code   RO         3959    i.fs_queued_op_count_get  fstorage.o
    0x0001ddfc   0x0001ddfc   0x00000084   Code   RO         3960    i.fs_store          fstorage.o
    0x0001de80   0x0001de80   0x00000068   Code   RO         3961    i.fs_sys_event_handler  fstorage.o
    0x0001dee8   0x0001dee8   0x00000070   Code   RO         3677    i.gc_execute        fds.o
    0x0001df58   0x0001df58   0x0000004c   Code   RO         3678    i.gc_next_page      fds.o
    0x0001dfa4   0x0001dfa4   0x0000004c   Code   RO         3679    i.gc_page_erase     fds.o
    0x0001dff0   0x0001dff0   0x00000034   Code   RO         3680    i.gc_record_copy    fds.o
    0x0001e024   0x0001e024   0x00000020   Code   RO         3681    i.gc_record_find_next  fds.o
    0x0001e044   0x0001e044   0x00000080   Code   RO         3682    i.gc_state_advance  fds.o
    0x0001e0c4   0x0001e0c4   0x000000f0   Code   RO         1263    i.gcm_ble_evt_handler  gatt_cache_manager.o
    0x0001e1b4   0x0001e1b4   0x00000068   Code   RO         1264    i.gcm_gscm_evt_handler  gatt_cache_manager.o
    0x0001e21c   0x0001e21c   0x0000002c   Code   RO         1265    i.gcm_im_evt_handler  gatt_cache_manager.o
    0x0001e248   0x0001e248   0x00000048   Code   RO         1266    i.gcm_init          gatt_cache_manager.o
    0x0001e290   0x0001e290   0x0000004c   Code   RO         1267    i.gcm_local_database_has_changed  gatt_cache_manager.o
    0x0001e2dc   0x0001e2dc   0x00000010   Code   RO         1270    i.gcm_smd_evt_handler  gatt_cache_manager.o
    0x0001e2ec   0x0001e2ec   0x00000038   Code   RO         1467    i.get_connection_by_conn_handle  id_manager.o
    0x0001e324   0x0001e324   0x00000030   Code   RO         1468    i.get_free_connection  id_manager.o
    0x0001e354   0x0001e354   0x00000050   Code   RO         3324    i.gpiote_event_handler  app_button.o
    0x0001e3a4   0x0001e3a4   0x0000001c   Code   RO         1382    i.gscm_db_change_notification_done  gatts_cache_manager.o
    0x0001e3c0   0x0001e3c0   0x00000014   Code   RO         1383    i.gscm_init         gatts_cache_manager.o
    0x0001e3d4   0x0001e3d4   0x0000001c   Code   RO         1384    i.gscm_local_database_has_changed  gatts_cache_manager.o
    0x0001e3f0   0x0001e3f0   0x0000006c   Code   RO         1385    i.gscm_local_db_cache_apply  gatts_cache_manager.o
    0x0001e45c   0x0001e45c   0x00000084   Code   RO         1387    i.gscm_local_db_cache_update  gatts_cache_manager.o
    0x0001e4e0   0x0001e4e0   0x0000004c   Code   RO         1388    i.gscm_pdb_evt_handler  gatts_cache_manager.o
    0x0001e52c   0x0001e52c   0x0000001c   Code   RO         1389    i.gscm_service_changed_ind_needed  gatts_cache_manager.o
    0x0001e548   0x0001e548   0x0000002c   Code   RO         1390    i.gscm_service_changed_ind_send  gatts_cache_manager.o
    0x0001e574   0x0001e574   0x0000001c   Code   RO         3683    i.header_is_valid   fds.o
    0x0001e590   0x0001e590   0x00000040   Code   RO         1469    i.im_address_resolve  id_manager.o
    0x0001e5d0   0x0001e5d0   0x0000002c   Code   RO         1470    i.im_ble_addr_get   id_manager.o
    0x0001e5fc   0x0001e5fc   0x000000a8   Code   RO         1471    i.im_ble_evt_handler  id_manager.o
    0x0001e6a4   0x0001e6a4   0x0000002c   Code   RO         1472    i.im_conn_handle_get  id_manager.o
    0x0001e6d0   0x0001e6d0   0x00000048   Code   RO         1476    i.im_init           id_manager.o
    0x0001e718   0x0001e718   0x00000038   Code   RO         1477    i.im_is_duplicate_bonding_data  id_manager.o
    0x0001e750   0x0001e750   0x0000001c   Code   RO         1478    i.im_master_id_is_valid  id_manager.o
    0x0001e76c   0x0001e76c   0x0000002c   Code   RO         1479    i.im_master_ids_compare  id_manager.o
    0x0001e798   0x0001e798   0x00000008   Code   RO         1480    i.im_new_peer_id    id_manager.o
    0x0001e7a0   0x0001e7a0   0x0000006e   Code   RO         1481    i.im_pdb_evt_handler  id_manager.o
    0x0001e80e   0x0001e80e   0x00000002   PAD
    0x0001e810   0x0001e810   0x0000002c   Code   RO         1482    i.im_peer_free      id_manager.o
    0x0001e83c   0x0001e83c   0x00000020   Code   RO         1483    i.im_peer_id_get_by_conn_handle  id_manager.o
    0x0001e85c   0x0001e85c   0x00000044   Code   RO         1484    i.im_peer_id_get_by_master_id  id_manager.o
    0x0001e8a0   0x0001e8a0   0x000000c0   Code   RO         3684    i.init_execute      fds.o
    0x0001e960   0x0001e960   0x00000080   Code   RO         4635    i.intern_softdevice_events_execute  softdevice_handler.o
    0x0001e9e0   0x0001e9e0   0x0000001c   Code   RO         1009    i.is_conn_params_ok  ble_conn_params.o
    0x0001e9fc   0x0001e9fc   0x00000048   Code   RO         4781    i.is_manual_peripheral_setup_needed  system_nrf51.o
    0x0001ea44   0x0001ea44   0x00000016   Code   RO         1489    i.is_valid_irk      id_manager.o
    0x0001ea5a   0x0001ea5a   0x0000000c   Code   RO         3685    i.is_word_aligned   fds.o
    0x0001ea66   0x0001ea66   0x00000002   PAD
    0x0001ea68   0x0001ea68   0x00000018   Code   RO          616    i.leds_timer_handler  bsp.o
    0x0001ea80   0x0001ea80   0x0000009c   Code   RO         2557    i.link_secure       security_manager.o
    0x0001eb1c   0x0001eb1c   0x00000088   Code   RO         2446    i.link_secure_central  security_dispatcher.o
    0x0001eba4   0x0001eba4   0x000000c6   Code   RO         2447    i.link_secure_central_existing_peer  security_dispatcher.o
    0x0001ec6a   0x0001ec6a   0x00000002   PAD
    0x0001ec6c   0x0001ec6c   0x00000074   Code   RO         2448    i.link_secure_central_new_peer  security_dispatcher.o
    0x0001ece0   0x0001ece0   0x00000050   Code   RO         2449    i.link_secure_failure  security_dispatcher.o
    0x0001ed30   0x0001ed30   0x0000005c   Code   RO         2558    i.link_secure_pending_process  security_manager.o
    0x0001ed8c   0x0001ed8c   0x000000ac   Code   RO         3451    i.list_deletions_handler  app_timer.o
    0x0001ee38   0x0001ee38   0x000000bc   Code   RO         3452    i.list_insertions_handler  app_timer.o
    0x0001eef4   0x0001eef4   0x00000078   Code   RO         1271    i.local_db_apply_in_evt  gatt_cache_manager.o
    0x0001ef6c   0x0001ef6c   0x00000078   Code   RO         1272    i.local_db_update_in_evt  gatt_cache_manager.o
    0x0001efe4   0x0001efe4   0x00000032   Code   RO         2393    i.lock_by_mask      pm_mutex.o
    0x0001f016   0x0001f016   0x00000002   PAD
    0x0001f018   0x0001f018   0x000001d4   Code   RO           10    i.main              main.o
    0x0001f1ec   0x0001f1ec   0x00000068   Code   RO          833    i.manuf_specific_data_encode  ble_advdata.o
    0x0001f254   0x0001f254   0x0000009e   Code   RO          834    i.name_encode       ble_advdata.o
    0x0001f2f2   0x0001f2f2   0x00000002   PAD
    0x0001f2f4   0x0001f2f4   0x0000005c   Code   RO         1490    i.new_connection    id_manager.o
    0x0001f350   0x0001f350   0x00000034   Code   RO         2004    i.next_id_get       peer_id.o
    0x0001f384   0x0001f384   0x00000010   Code   RO         2931    i.nrf_bitmask_bit_is_set  nrf_drv_gpiote.o
    0x0001f394   0x0001f394   0x00000010   Code   RO         2720    i.nrf_clock_event_check  nrf_drv_clock.o
    0x0001f3a4   0x0001f3a4   0x00000030   Code   RO         3453    i.nrf_delay_us      app_timer.o
    0x0001f3d4   0x0001f3d4   0x00000048   Code   RO         2727    i.nrf_drv_clock_init  nrf_drv_clock.o
    0x0001f41c   0x0001f41c   0x00000034   Code   RO         2734    i.nrf_drv_clock_on_sd_enable  nrf_drv_clock.o
    0x0001f450   0x0001f450   0x0000000c   Code   RO         2735    i.nrf_drv_clock_on_soc_event  nrf_drv_clock.o
    0x0001f45c   0x0001f45c   0x00000060   Code   RO         2886    i.nrf_drv_common_irq_enable  nrf_drv_common.o
    0x0001f4bc   0x0001f4bc   0x00000098   Code   RO         2934    i.nrf_drv_gpiote_in_event_enable  nrf_drv_gpiote.o
    0x0001f554   0x0001f554   0x000000a8   Code   RO         2935    i.nrf_drv_gpiote_in_init  nrf_drv_gpiote.o
    0x0001f5fc   0x0001f5fc   0x00000014   Code   RO         2936    i.nrf_drv_gpiote_in_is_set  nrf_drv_gpiote.o
    0x0001f610   0x0001f610   0x0000005c   Code   RO         2938    i.nrf_drv_gpiote_init  nrf_drv_gpiote.o
    0x0001f66c   0x0001f66c   0x00000010   Code   RO         2939    i.nrf_drv_gpiote_is_init  nrf_drv_gpiote.o
    0x0001f67c   0x0001f67c   0x00000080   Code   RO         3145    i.nrf_drv_uart_init  nrf_drv_uart.o
    0x0001f6fc   0x0001f6fc   0x0000005c   Code   RO         3146    i.nrf_drv_uart_rx   nrf_drv_uart.o
    0x0001f758   0x0001f758   0x0000002c   Code   RO         3149    i.nrf_drv_uart_rx_enable  nrf_drv_uart.o
    0x0001f784   0x0001f784   0x000000a8   Code   RO         3150    i.nrf_drv_uart_rx_for_uart  nrf_drv_uart.o
    0x0001f82c   0x0001f82c   0x00000034   Code   RO         3151    i.nrf_drv_uart_tx   nrf_drv_uart.o
    0x0001f860   0x0001f860   0x0000008c   Code   RO         3153    i.nrf_drv_uart_tx_for_uart  nrf_drv_uart.o
    0x0001f8ec   0x0001f8ec   0x00000018   Code   RO         3154    i.nrf_drv_uart_tx_in_progress  nrf_drv_uart.o
    0x0001f904   0x0001f904   0x00000098   Code   RO         3155    i.nrf_drv_uart_uninit  nrf_drv_uart.o
    0x0001f99c   0x0001f99c   0x00000028   Code   RO          498    i.nrf_gpio_cfg      boards.o
    0x0001f9c4   0x0001f9c4   0x00000028   Code   RO         2951    i.nrf_gpio_cfg      nrf_drv_gpiote.o
    0x0001f9ec   0x0001f9ec   0x00000028   Code   RO         3156    i.nrf_gpio_cfg      nrf_drv_uart.o
    0x0001fa14   0x0001fa14   0x00000012   Code   RO         3157    i.nrf_gpio_cfg_default  nrf_drv_uart.o
    0x0001fa26   0x0001fa26   0x00000012   Code   RO         3158    i.nrf_gpio_cfg_input  nrf_drv_uart.o
    0x0001fa38   0x0001fa38   0x00000014   Code   RO         3159    i.nrf_gpio_cfg_output  nrf_drv_uart.o
    0x0001fa4c   0x0001fa4c   0x00000022   Code   RO          617    i.nrf_gpio_cfg_sense_set  bsp.o
    0x0001fa6e   0x0001fa6e   0x00000022   Code   RO         2953    i.nrf_gpio_cfg_sense_set  nrf_drv_gpiote.o
    0x0001fa90   0x0001fa90   0x00000018   Code   RO          499    i.nrf_gpio_pin_write  boards.o
    0x0001faa8   0x0001faa8   0x00000028   Code   RO         2954    i.nrf_gpio_ports_read  nrf_drv_gpiote.o
    0x0001fad0   0x0001fad0   0x00000010   Code   RO         2955    i.nrf_gpiote_event_clear  nrf_drv_gpiote.o
    0x0001fae0   0x0001fae0   0x00000014   Code   RO         2956    i.nrf_gpiote_event_is_set  nrf_drv_gpiote.o
    0x0001faf4   0x0001faf4   0x00000008   Code   RO         4261    i.nrf_log_backend_hexdump_handler_get  nrf_log_backend_serial.o
    0x0001fafc   0x0001fafc   0x0000007c   Code   RO         4262    i.nrf_log_backend_init  nrf_log_backend_serial.o
    0x0001fb78   0x0001fb78   0x00000132   Code   RO         4263    i.nrf_log_backend_serial_hexdump_handler  nrf_log_backend_serial.o
    0x0001fcaa   0x0001fcaa   0x00000104   Code   RO         4264    i.nrf_log_backend_serial_std_handler  nrf_log_backend_serial.o
    0x0001fdae   0x0001fdae   0x00000002   PAD
    0x0001fdb0   0x0001fdb0   0x00000008   Code   RO         4265    i.nrf_log_backend_std_handler_get  nrf_log_backend_serial.o
    0x0001fdb8   0x0001fdb8   0x0000000a   Code   RO         4360    i.nrf_log_blocking_backend_set  nrf_log_frontend.o
    0x0001fdc2   0x0001fdc2   0x00000002   PAD
    0x0001fdc4   0x0001fdc4   0x0000014c   Code   RO         4361    i.nrf_log_frontend_dequeue  nrf_log_frontend.o
    0x0001ff10   0x0001ff10   0x00000018   Code   RO         4363    i.nrf_log_frontend_init  nrf_log_frontend.o
    0x0001ff28   0x0001ff28   0x0000004c   Code   RO         4364    i.nrf_log_frontend_std_0  nrf_log_frontend.o
    0x0001ff74   0x0001ff74   0x00000060   Code   RO         4365    i.nrf_log_frontend_std_1  nrf_log_frontend.o
    0x0001ffd4   0x0001ffd4   0x0000007c   Code   RO         4367    i.nrf_log_frontend_std_3  nrf_log_frontend.o
    0x00020050   0x00020050   0x0000000c   Code   RO         4372    i.nrf_log_handlers_set  nrf_log_frontend.o
    0x0002005c   0x0002005c   0x00000024   Code   RO         4373    i.nrf_log_init      nrf_log_frontend.o
    0x00020080   0x00020080   0x0000000a   Code   RO         3160    i.nrf_uart_event_check  nrf_drv_uart.o
    0x0002008a   0x0002008a   0x00000010   Code   RO         3161    i.nrf_uart_int_enable_check  nrf_drv_uart.o
    0x0002009a   0x0002009a   0x00000002   PAD
    0x0002009c   0x0002009c   0x00000050   Code   RO           11    i.nus_data_handler  main.o
    0x000200ec   0x000200ec   0x00000044   Code   RO           12    i.on_adv_evt        main.o
    0x00020130   0x00020130   0x000000ec   Code   RO           13    i.on_ble_evt        main.o
    0x0002021c   0x0002021c   0x00000020   Code   RO           14    i.on_conn_params_evt  main.o
    0x0002023c   0x0002023c   0x00000054   Code   RO         3962    i.on_operation_success  fstorage.o
    0x00020290   0x00020290   0x00000078   Code   RO         3686    i.op_enqueue        fds.o
    0x00020308   0x00020308   0x00000012   Code   RO         3687    i.page_offsets_update  fds.o
    0x0002031a   0x0002031a   0x00000002   PAD
    0x0002031c   0x0002031c   0x00000058   Code   RO         3688    i.page_scan         fds.o
    0x00020374   0x00020374   0x0000001c   Code   RO         3689    i.page_tag_write_data  fds.o
    0x00020390   0x00020390   0x00000024   Code   RO         3690    i.page_tag_write_swap  fds.o
    0x000203b4   0x000203b4   0x000000f0   Code   RO         3691    i.pages_init        fds.o
    0x000204a4   0x000204a4   0x0000006c   Code   RO         2450    i.pairing_failure   security_dispatcher.o
    0x00020510   0x00020510   0x0000003c   Code   RO         2559    i.params_reply_pending_process  security_manager.o
    0x0002054c   0x0002054c   0x0000001c   Code   RO         1844    i.pdb_evt_send      peer_database.o
    0x00020568   0x00020568   0x0000004c   Code   RO         1845    i.pdb_init          peer_database.o
    0x000205b4   0x000205b4   0x00000008   Code   RO         1847    i.pdb_next_deleted_peer_id_get  peer_database.o
    0x000205bc   0x000205bc   0x00000008   Code   RO         1848    i.pdb_next_peer_id_get  peer_database.o
    0x000205c4   0x000205c4   0x00000134   Code   RO         1849    i.pdb_pds_evt_handler  peer_database.o
    0x000206f8   0x000206f8   0x00000008   Code   RO         1850    i.pdb_peer_allocate  peer_database.o
    0x00020700   0x00020700   0x0000000a   Code   RO         1852    i.pdb_peer_data_ptr_get  peer_database.o
    0x0002070a   0x0002070a   0x0000004a   Code   RO         1853    i.pdb_peer_free     peer_database.o
    0x00020754   0x00020754   0x0000000c   Code   RO         1854    i.pdb_raw_store     peer_database.o
    0x00020760   0x00020760   0x00000108   Code   RO         1855    i.pdb_write_buf_get  peer_database.o
    0x00020868   0x00020868   0x0000002a   Code   RO         1856    i.pdb_write_buf_release  peer_database.o
    0x00020892   0x00020892   0x00000002   PAD
    0x00020894   0x00020894   0x000000c8   Code   RO         1857    i.pdb_write_buf_store  peer_database.o
    0x0002095c   0x0002095c   0x00000068   Code   RO         1858    i.pdb_write_buf_store_prepare  peer_database.o
    0x000209c4   0x000209c4   0x0000000c   Code   RO         1692    i.pds_evt_send      peer_data_storage.o
    0x000209d0   0x000209d0   0x00000070   Code   RO         1693    i.pds_init          peer_data_storage.o
    0x00020a40   0x00020a40   0x00000008   Code   RO         1694    i.pds_next_deleted_peer_id_get  peer_data_storage.o
    0x00020a48   0x00020a48   0x00000008   Code   RO         1695    i.pds_next_peer_id_get  peer_data_storage.o
    0x00020a50   0x00020a50   0x00000054   Code   RO         1698    i.pds_peer_data_iterate  peer_data_storage.o
    0x00020aa4   0x00020aa4   0x00000010   Code   RO         1699    i.pds_peer_data_iterate_prepare  peer_data_storage.o
    0x00020ab4   0x00020ab4   0x00000070   Code   RO         1700    i.pds_peer_data_read  peer_data_storage.o
    0x00020b24   0x00020b24   0x000000aa   Code   RO         1701    i.pds_peer_data_store  peer_data_storage.o
    0x00020bce   0x00020bce   0x00000002   PAD
    0x00020bd0   0x00020bd0   0x00000010   Code   RO         1702    i.pds_peer_id_allocate  peer_data_storage.o
    0x00020be0   0x00020be0   0x00000016   Code   RO         1703    i.pds_peer_id_free  peer_data_storage.o
    0x00020bf6   0x00020bf6   0x00000008   Code   RO         1704    i.pds_peer_id_is_allocated  peer_data_storage.o
    0x00020bfe   0x00020bfe   0x00000030   Code   RO         1705    i.pds_space_reserve  peer_data_storage.o
    0x00020c2e   0x00020c2e   0x00000010   Code   RO         1706    i.pds_space_reserve_cancel  peer_data_storage.o
    0x00020c3e   0x00020c3e   0x0000000a   Code   RO         1859    i.peer_data_const_point_to_buffer  peer_database.o
    0x00020c48   0x00020c48   0x00000080   Code   RO         1707    i.peer_data_delete  peer_data_storage.o
    0x00020cc8   0x00020cc8   0x00000030   Code   RO         1708    i.peer_data_find    peer_data_storage.o
    0x00020cf8   0x00020cf8   0x00000020   Code   RO         1709    i.peer_data_id_is_valid  peer_data_storage.o
    0x00020d18   0x00020d18   0x00000014   Code   RO         1860    i.peer_data_point_to_buffer  peer_database.o
    0x00020d2c   0x00020d2c   0x00000010   Code   RO         2005    i.peer_id_allocate  peer_id.o
    0x00020d3c   0x00020d3c   0x00000028   Code   RO         2006    i.peer_id_delete    peer_id.o
    0x00020d64   0x00020d64   0x0000001c   Code   RO         2007    i.peer_id_free      peer_id.o
    0x00020d80   0x00020d80   0x00000010   Code   RO         2008    i.peer_id_get_next_deleted  peer_id.o
    0x00020d90   0x00020d90   0x00000034   Code   RO         2009    i.peer_id_get_next_used  peer_id.o
    0x00020dc4   0x00020dc4   0x00000028   Code   RO         2010    i.peer_id_init      peer_id.o
    0x00020dec   0x00020dec   0x00000018   Code   RO         2011    i.peer_id_is_allocated  peer_id.o
    0x00020e04   0x00020e04   0x00000018   Code   RO         2012    i.peer_id_is_deleted  peer_id.o
    0x00020e1c   0x00020e1c   0x0000001c   Code   RO         1491    i.peer_id_set       id_manager.o
    0x00020e38   0x00020e38   0x0000000a   Code   RO         1710    i.peer_id_to_file_id  peer_data_storage.o
    0x00020e42   0x00020e42   0x00000002   PAD
    0x00020e44   0x00020e44   0x00000078   Code   RO           15    i.peer_manager_init  main.o
    0x00020ebc   0x00020ebc   0x00000018   Code   RO         2957    i.pin_in_use_by_port  nrf_drv_gpiote.o
    0x00020ed4   0x00020ed4   0x00000018   Code   RO         2958    i.pin_in_use_by_te  nrf_drv_gpiote.o
    0x00020eec   0x00020eec   0x0000005e   Code   RO         2355    i.pm_buffer_block_acquire  pm_buffer.o
    0x00020f4a   0x00020f4a   0x00000042   Code   RO         2356    i.pm_buffer_init    pm_buffer.o
    0x00020f8c   0x00020f8c   0x0000002e   Code   RO         2357    i.pm_buffer_ptr_get  pm_buffer.o
    0x00020fba   0x00020fba   0x0000002a   Code   RO         2358    i.pm_buffer_release  pm_buffer.o
    0x00020fe4   0x00020fe4   0x00000008   Code   RO         2091    i.pm_conn_sec_config_reply  peer_manager.o
    0x00020fec   0x00020fec   0x000000b4   Code   RO           16    i.pm_evt_handler    main.o
    0x000210a0   0x000210a0   0x00000080   Code   RO         2095    i.pm_gcm_evt_handler  peer_manager.o
    0x00021120   0x00021120   0x00000050   Code   RO         2098    i.pm_im_evt_handler  peer_manager.o
    0x00021170   0x00021170   0x00000070   Code   RO         2099    i.pm_init           peer_manager.o
    0x000211e0   0x000211e0   0x00000014   Code   RO         2101    i.pm_local_database_has_changed  peer_manager.o
    0x000211f4   0x000211f4   0x00000010   Code   RO         2394    i.pm_mutex_init     pm_mutex.o
    0x00021204   0x00021204   0x0000001c   Code   RO         2395    i.pm_mutex_lock     pm_mutex.o
    0x00021220   0x00021220   0x00000034   Code   RO         2396    i.pm_mutex_lock_first_available  pm_mutex.o
    0x00021254   0x00021254   0x00000018   Code   RO         2397    i.pm_mutex_lock_status_get  pm_mutex.o
    0x0002126c   0x0002126c   0x00000036   Code   RO         2398    i.pm_mutex_unlock   pm_mutex.o
    0x000212a2   0x000212a2   0x00000002   PAD
    0x000212a4   0x000212a4   0x00000024   Code   RO         2103    i.pm_on_ble_evt     peer_manager.o
    0x000212c8   0x000212c8   0x0000013c   Code   RO         2104    i.pm_pdb_evt_handler  peer_manager.o
    0x00021404   0x00021404   0x00000018   Code   RO         2115    i.pm_peer_delete    peer_manager.o
    0x0002141c   0x0002141c   0x0000003c   Code   RO         2120    i.pm_peers_delete   peer_manager.o
    0x00021458   0x00021458   0x00000030   Code   RO         2123    i.pm_register       peer_manager.o
    0x00021488   0x00021488   0x00000018   Code   RO         2125    i.pm_sec_params_set  peer_manager.o
    0x000214a0   0x000214a0   0x0000014c   Code   RO         2126    i.pm_sm_evt_handler  peer_manager.o
    0x000215ec   0x000215ec   0x0000002c   Code   RO         3963    i.queue_advance     fstorage.o
    0x00021618   0x00021618   0x00000038   Code   RO         3964    i.queue_get_next_free  fstorage.o
    0x00021650   0x00021650   0x000000b8   Code   RO         3692    i.queue_process     fds.o
    0x00021708   0x00021708   0x0000006c   Code   RO         3965    i.queue_process     fstorage.o
    0x00021774   0x00021774   0x0000001c   Code   RO         3693    i.queue_start       fds.o
    0x00021790   0x00021790   0x0000001c   Code   RO         3966    i.queue_start       fstorage.o
    0x000217ac   0x000217ac   0x00000010   Code   RO         4636    i.ram_end_address_get  softdevice_handler.o
    0x000217bc   0x000217bc   0x00000084   Code   RO         3694    i.record_find       fds.o
    0x00021840   0x00021840   0x000000a0   Code   RO         3695    i.record_find_by_desc  fds.o
    0x000218e0   0x000218e0   0x00000054   Code   RO         3696    i.record_find_next  fds.o
    0x00021934   0x00021934   0x00000024   Code   RO         3697    i.record_header_flag_dirty  fds.o
    0x00021958   0x00021958   0x0000000a   Code   RO         1711    i.record_key_to_peer_data_id  peer_data_storage.o
    0x00021962   0x00021962   0x00000002   PAD
    0x00021964   0x00021964   0x00000018   Code   RO         1712    i.record_key_within_pm_range  peer_data_storage.o
    0x0002197c   0x0002197c   0x0000005c   Code   RO         3698    i.record_write_chunk  fds.o
    0x000219d8   0x000219d8   0x00000012   Code   RO         2014    i.release           peer_id.o
    0x000219ea   0x000219ea   0x00000002   PAD
    0x000219ec   0x000219ec   0x00000044   Code   RO         3454    i.rtc1_stop         app_timer.o
    0x00021a30   0x00021a30   0x00000026   Code   RO         3162    i.rx_byte           nrf_drv_uart.o
    0x00021a56   0x00021a56   0x0000009e   Code   RO         2677    i.rx_char_add       ble_nus.o
    0x00021af4   0x00021af4   0x00000014   Code   RO         3163    i.rx_done_event     nrf_drv_uart.o
    0x00021b08   0x00021b08   0x0000001a   Code   RO         3164    i.rx_enable         nrf_drv_uart.o
    0x00021b22   0x00021b22   0x00000002   PAD
    0x00021b24   0x00021b24   0x00000084   Code   RO         4638    i.sd_nvic_EnableIRQ  softdevice_handler.o
    0x00021ba8   0x00021ba8   0x00000046   Code   RO         4111    i.sdk_mapped_flags_bulk_update_by_key  sdk_mapped_flags.o
    0x00021bee   0x00021bee   0x00000002   PAD
    0x00021bf0   0x00021bf0   0x00000028   Code   RO         4112    i.sdk_mapped_flags_first_key_index_get  sdk_mapped_flags.o
    0x00021c18   0x00021c18   0x00000010   Code   RO         4113    i.sdk_mapped_flags_get_by_index  sdk_mapped_flags.o
    0x00021c28   0x00021c28   0x00000026   Code   RO         4114    i.sdk_mapped_flags_get_by_key  sdk_mapped_flags.o
    0x00021c4e   0x00021c4e   0x00000046   Code   RO         4115    i.sdk_mapped_flags_key_list_get  sdk_mapped_flags.o
    0x00021c94   0x00021c94   0x0000000e   Code   RO         4117    i.sdk_mapped_flags_update_by_key  sdk_mapped_flags.o
    0x00021ca2   0x00021ca2   0x00000002   PAD
    0x00021ca4   0x00021ca4   0x000000b4   Code   RO         2451    i.sec_info_request_process  security_dispatcher.o
    0x00021d58   0x00021d58   0x00000076   Code   RO         2560    i.sec_params_verify  security_manager.o
    0x00021dce   0x00021dce   0x00000002   PAD
    0x00021dd0   0x00021dd0   0x0000004c   Code   RO         2452    i.sec_proc_start    security_dispatcher.o
    0x00021e1c   0x00021e1c   0x0000001c   Code   RO         2453    i.sec_start_send    security_dispatcher.o
    0x00021e38   0x00021e38   0x00000048   Code   RO         3967    i.send_event        fstorage.o
    0x00021e80   0x00021e80   0x00000010   Code   RO         4266    i.serial_is_busy    nrf_log_backend_serial.o
    0x00021e90   0x00021e90   0x00000050   Code   RO         4267    i.serial_tx         nrf_log_backend_serial.o
    0x00021ee0   0x00021ee0   0x00000058   Code   RO         1273    i.service_changed_pending_flags_check  gatt_cache_manager.o
    0x00021f38   0x00021f38   0x00000044   Code   RO         1391    i.service_changed_pending_set  gatts_cache_manager.o
    0x00021f7c   0x00021f7c   0x00000098   Code   RO         1274    i.service_changed_send_in_evt  gatt_cache_manager.o
    0x00022014   0x00022014   0x0000008e   Code   RO          835    i.service_data_encode  ble_advdata.o
    0x000220a2   0x000220a2   0x00000002   PAD
    0x000220a4   0x000220a4   0x00000058   Code   RO          916    i.set_adv_mode_fast  ble_advertising.o
    0x000220fc   0x000220fc   0x00000054   Code   RO          917    i.set_adv_mode_slow  ble_advertising.o
    0x00022150   0x00022150   0x00000028   Code   RO           17    i.sleep_mode_enter  main.o
    0x00022178   0x00022178   0x00000014   Code   RO         2561    i.sm_ble_evt_handler  security_manager.o
    0x0002218c   0x0002218c   0x0000001c   Code   RO         2562    i.sm_conn_sec_config_reply  security_manager.o
    0x000221a8   0x000221a8   0x00000050   Code   RO         2563    i.sm_init           security_manager.o
    0x000221f8   0x000221f8   0x00000034   Code   RO         2566    i.sm_pdb_evt_handler  security_manager.o
    0x0002222c   0x0002222c   0x00000030   Code   RO         2568    i.sm_sec_params_set  security_manager.o
    0x0002225c   0x0002225c   0x0000007c   Code   RO         2569    i.sm_smd_evt_handler  security_manager.o
    0x000222d8   0x000222d8   0x000000e4   Code   RO         2454    i.smd_ble_evt_handler  security_dispatcher.o
    0x000223bc   0x000223bc   0x0000003c   Code   RO         2455    i.smd_init          security_dispatcher.o
    0x000223f8   0x000223f8   0x00000030   Code   RO         2456    i.smd_link_secure   security_dispatcher.o
    0x00022428   0x00022428   0x00000110   Code   RO         2457    i.smd_params_reply  security_dispatcher.o
    0x00022538   0x00022538   0x00000088   Code   RO         2570    i.smd_params_reply_perform  security_manager.o
    0x000225c0   0x000225c0   0x00000034   Code   RO         2458    i.smd_pdb_evt_handler  security_dispatcher.o
    0x000225f4   0x000225f4   0x00000014   Code   RO         4639    i.softdevice_ble_evt_handler_set  softdevice_handler.o
    0x00022608   0x00022608   0x000000a4   Code   RO         4640    i.softdevice_enable  softdevice_handler.o
    0x000226ac   0x000226ac   0x00000028   Code   RO         4641    i.softdevice_enable_get_default_config  softdevice_handler.o
    0x000226d4   0x000226d4   0x00000008   Code   RO         4642    i.softdevice_fault_handler  softdevice_handler.o
    0x000226dc   0x000226dc   0x00000058   Code   RO         4643    i.softdevice_handler_init  softdevice_handler.o
    0x00022734   0x00022734   0x0000000c   Code   RO         4644    i.softdevice_handler_is_enabled  softdevice_handler.o
    0x00022740   0x00022740   0x00000014   Code   RO         4649    i.softdevice_sys_evt_handler_set  softdevice_handler.o
    0x00022754   0x00022754   0x00000010   Code   RO           18    i.sys_evt_dispatch  main.o
    0x00022764   0x00022764   0x00000084   Code   RO         3455    i.timer_list_handler  app_timer.o
    0x000227e8   0x000227e8   0x00000010   Code   RO         3456    i.timer_list_handler_sched  app_timer.o
    0x000227f8   0x000227f8   0x00000040   Code   RO         3457    i.timer_list_insert  app_timer.o
    0x00022838   0x00022838   0x00000048   Code   RO         3458    i.timer_stop_op_schedule  app_timer.o
    0x00022880   0x00022880   0x00000080   Code   RO         3459    i.timer_timeouts_check  app_timer.o
    0x00022900   0x00022900   0x00000034   Code   RO         4268    i.timestamp_process  nrf_log_backend_serial.o
    0x00022934   0x00022934   0x0000001e   Code   RO         3165    i.tx_byte           nrf_drv_uart.o
    0x00022952   0x00022952   0x00000080   Code   RO         2678    i.tx_char_add       ble_nus.o
    0x000229d2   0x000229d2   0x00000018   Code   RO         3166    i.tx_done_event     nrf_drv_uart.o
    0x000229ea   0x000229ea   0x00000002   PAD
    0x000229ec   0x000229ec   0x00000048   Code   RO           19    i.uart_event_handle  main.o
    0x00022a34   0x00022a34   0x0000005c   Code   RO         4203    i.uart_event_handler  app_uart.o
    0x00022a90   0x00022a90   0x00000010   Code   RO         4269    i.uart_event_handler  nrf_log_backend_serial.o
    0x00022aa0   0x00022aa0   0x00000128   Code   RO         3167    i.uart_irq_handler  nrf_drv_uart.o
    0x00022bc8   0x00022bc8   0x0000000a   Code   RO          836    i.uint16_encode     ble_advdata.o
    0x00022bd2   0x00022bd2   0x00000002   PAD
    0x00022bd4   0x00022bd4   0x00000064   Code   RO         1010    i.update_timeout_handler  ble_conn_params.o
    0x00022c38   0x00022c38   0x00000018   Code   RO         1090    i.user_flag_is_acquired  ble_conn_state.o
    0x00022c50   0x00022c50   0x0000002c   Code   RO         3460    i.user_op_alloc     app_timer.o
    0x00022c7c   0x00022c7c   0x00000030   Code   RO          837    i.uuid_list_encode  ble_advdata.o
    0x00022cac   0x00022cac   0x000000ae   Code   RO          838    i.uuid_list_sized_encode  ble_advdata.o
    0x00022d5a   0x00022d5a   0x00000002   PAD
    0x00022d5c   0x00022d5c   0x00000018   Code   RO          918    i.whitelist_has_entries  ble_advertising.o
    0x00022d74   0x00022d74   0x00000024   Code   RO         1861    i.write_buf_length_words_set  peer_database.o
    0x00022d98   0x00022d98   0x00000024   Code   RO         1862    i.write_buffer_record_find  peer_database.o
    0x00022dbc   0x00022dbc   0x00000028   Code   RO         1863    i.write_buffer_record_find_next  peer_database.o
    0x00022de4   0x00022de4   0x00000022   Code   RO         1864    i.write_buffer_record_invalidate  peer_database.o
    0x00022e06   0x00022e06   0x00000002   PAD
    0x00022e08   0x00022e08   0x00000028   Code   RO         1865    i.write_buffer_record_release  peer_database.o
    0x00022e30   0x00022e30   0x00000118   Code   RO         3699    i.write_enqueue     fds.o
    0x00022f48   0x00022f48   0x000000ec   Code   RO         3700    i.write_execute     fds.o
    0x00023034   0x00023034   0x00000014   Code   RO         3701    i.write_space_free  fds.o
    0x00023048   0x00023048   0x0000004c   Code   RO         3702    i.write_space_reserve  fds.o
    0x00023094   0x00023094   0x0000001c   Data   RO           21    .constdata          main.o
    0x000230b0   0x000230b0   0x00000008   Data   RO          500    .constdata          boards.o
    0x000230b8   0x000230b8   0x0000002c   Data   RO          622    .constdata          bsp.o
    0x000230e4   0x000230e4   0x00000004   Data   RO         1013    .constdata          ble_conn_params.o
    0x000230e8   0x000230e8   0x00000004   Data   RO         1392    .constdata          gatts_cache_manager.o
    0x000230ec   0x000230ec   0x00000010   Data   RO         1393    .constdata          gatts_cache_manager.o
    0x000230fc   0x000230fc   0x00000004   Data   RO         1394    .constdata          gatts_cache_manager.o
    0x00023100   0x00023100   0x00000008   Data   RO         1494    .constdata          id_manager.o
    0x00023108   0x00023108   0x00000004   Data   RO         1713    .constdata          peer_data_storage.o
    0x0002310c   0x0002310c   0x00000014   Data   RO         1867    .constdata          peer_database.o
    0x00023120   0x00023120   0x00000044   Data   RO         2460    .constdata          security_dispatcher.o
    0x00023164   0x00023164   0x00000004   Data   RO         2571    .constdata          security_manager.o
    0x00023168   0x00023168   0x00000010   Data   RO         2679    .constdata          ble_nus.o
    0x00023178   0x00023178   0x00000004   Data   RO         2960    .constdata          nrf_drv_gpiote.o
    0x0002317c   0x0002317c   0x00000008   Data   RO         3326    .constdata          app_button.o
    0x00023184   0x00023184   0x00000014   Data   RO         3704    .constdata          fds.o
    0x00023198   0x00023198   0x00000020   Data   RO         4204    .constdata          app_uart.o
    0x000231b8   0x000231b8   0x00000020   Data   RO         4272    .constdata          nrf_log_backend_serial.o
    0x000231d8   0x000231d8   0x00000024   Data   RO         4376    .constdata          nrf_log_frontend.o
    0x000231fc   0x000231fc   0x00000081   Data   RO         4820    .constdata          mc_p.l(ctype_o.o)
    0x0002327d   0x0002327d   0x00000003   PAD
    0x00023280   0x00023280   0x00000004   Data   RO         4821    .constdata          mc_p.l(ctype_o.o)
    0x00023284   0x00023284   0x00000048   Data   RO           22    .conststring        main.o
    0x000232cc   0x000232cc   0x0000000b   Data   RO         4377    .conststring        nrf_log_frontend.o
    0x000232d7   0x000232d7   0x00000001   PAD
    0x000232d8   0x000232d8   0x00000042   Data   RO         4650    .conststring        softdevice_handler.o
    0x0002331a   0x0002331a   0x00000002   PAD
    0x0002331c   0x0002331c   0x00000020   Data   RO         5164    Region$$Table       anon$$obj.o


    Execution Region RW_IRAM1 (Exec base: 0x20001fe8, Load base: 0x0002333c, Size: 0x00001c50, Max: 0x00006018, ABSOLUTE, COMPRESSED[0x0000003c])

    Exec Addr    Load Addr    Size         Type   Attr      Idx    E Section Name        Object

    0x20001fe8   COMPRESSED   0x0000000c   Data   RW           23    .data               main.o
    0x20001ff4   COMPRESSED   0x00000014   Data   RW          623    .data               bsp.o
    0x20002008   COMPRESSED   0x00000008   Data   RW          729    .data               bsp_btn_ble.o
    0x20002010   COMPRESSED   0x00000030   Data   RW          922    .data               ble_advertising.o
    0x20002040   COMPRESSED   0x00000014   Data   RW         1014    .data               ble_conn_params.o
    0x20002054   COMPRESSED   0x0000000c   Data   RW         1275    .data               gatt_cache_manager.o
    0x20002060   COMPRESSED   0x0000000c   Data   RW         1395    .data               gatts_cache_manager.o
    0x2000206c   COMPRESSED   0x0000000a   Data   RW         1495    .data               id_manager.o
    0x20002076   COMPRESSED   0x00000002   PAD
    0x20002078   COMPRESSED   0x0000000c   Data   RW         1714    .data               peer_data_storage.o
    0x20002084   COMPRESSED   0x00000008   Data   RW         1868    .data               peer_database.o
    0x2000208c   COMPRESSED   0x00000010   Data   RW         2131    .data               peer_manager.o
    0x2000209c   COMPRESSED   0x00000004   Data   RW         2461    .data               security_dispatcher.o
    0x200020a0   COMPRESSED   0x00000015   Data   RW         2572    .data               security_manager.o
    0x200020b5   COMPRESSED   0x00000003   PAD
    0x200020b8   COMPRESSED   0x00000014   Data   RW         3327    .data               app_button.o
    0x200020cc   COMPRESSED   0x00000020   Data   RW         3461    .data               app_timer.o
    0x200020ec   COMPRESSED   0x0000000c   Data   RW         3585    .data               app_util_platform.o
    0x200020f8   COMPRESSED   0x00000018   Data   RW         3705    .data               fds.o
    0x20002110   COMPRESSED   0x00000002   Data   RW         3969    .data               fstorage.o
    0x20002112   COMPRESSED   0x00000002   PAD
    0x20002114   COMPRESSED   0x00000010   Data   RW         4205    .data               app_uart.o
    0x20002124   COMPRESSED   0x0000000c   Data   RW         4273    .data               nrf_log_backend_serial.o
    0x20002130   COMPRESSED   0x00000004   Data   RW         4378    .data               nrf_log_frontend.o
    0x20002134   COMPRESSED   0x00000014   Data   RW         4651    .data               softdevice_handler.o
    0x20002148   COMPRESSED   0x00000004   Data   RW         4782    .data               system_nrf51.o
    0x2000214c   COMPRESSED   0x00000004   Data   RW         5136    .data               mc_p.l(stdout.o)
    0x20002150   COMPRESSED   0x00000010   Data   RW         3706    fs_data             fds.o
    0x20002160        -       0x00000268   Zero   RW           20    .bss                main.o
    0x200023c8        -       0x00000020   Zero   RW          618    .bss                bsp.o
    0x200023e8        -       0x00000020   Zero   RW          619    .bss                bsp.o
    0x20002408        -       0x0000000c   Zero   RW          620    .bss                bsp.o
    0x20002414        -       0x00000020   Zero   RW          621    .bss                bsp.o
    0x20002434        -       0x0000016b   Zero   RW          919    .bss                ble_advertising.o
    0x2000259f   COMPRESSED   0x00000001   PAD
    0x200025a0        -       0x00000020   Zero   RW          920    .bss                ble_advertising.o
    0x200025c0        -       0x00000020   Zero   RW          921    .bss                ble_advertising.o
    0x200025e0        -       0x00000020   Zero   RW         1011    .bss                ble_conn_params.o
    0x20002600        -       0x0000001c   Zero   RW         1012    .bss                ble_conn_params.o
    0x2000261c        -       0x00000034   Zero   RW         1091    .bss                ble_conn_state.o
    0x20002650        -       0x00000070   Zero   RW         1493    .bss                id_manager.o
    0x200026c0        -       0x00000330   Zero   RW         1866    .bss                peer_database.o
    0x200029f0        -       0x00000040   Zero   RW         2015    .bss                peer_id.o
    0x20002a30        -       0x0000000c   Zero   RW         2129    .bss                peer_manager.o
    0x20002a3c        -       0x00000040   Zero   RW         2459    .bss                security_dispatcher.o
    0x20002a7c        -       0x00000014   Zero   RW         2737    .bss                nrf_drv_clock.o
    0x20002a90        -       0x00000048   Zero   RW         2959    .bss                nrf_drv_gpiote.o
    0x20002ad8        -       0x0000001c   Zero   RW         3168    .bss                nrf_drv_uart.o
    0x20002af4        -       0x00000020   Zero   RW         3325    .bss                app_button.o
    0x20002b14        -       0x0000011c   Zero   RW         3703    .bss                fds.o
    0x20002c30        -       0x00000068   Zero   RW         3968    .bss                fstorage.o
    0x20002c98        -       0x00000100   Zero   RW         4270    .bss                nrf_log_backend_serial.o
    0x20002d98        -       0x00000418   Zero   RW         4375    .bss                nrf_log_frontend.o
    0x200031b0        -       0x00000288   Zero   RW         4505    .bss                segger_rtt.o
    0x20003438        -       0x00000800   Zero   RW         4770    STACK               arm_startup_nrf51.o

