Archive member included to satisfy reference by file (symbol)

c:/program files (x86)/gnu tools arm embedded/8 2018-q4-major/bin/../lib/gcc/arm-none-eabi/8.2.1/../../../../arm-none-eabi/lib/thumb/v6-m/nofp\libc_nano.a(lib_a-exit.o)
                              c:/program files (x86)/gnu tools arm embedded/8 2018-q4-major/bin/../lib/gcc/arm-none-eabi/8.2.1/../../../../arm-none-eabi/lib/thumb/v6-m/nofp/crt0.o (exit)
c:/program files (x86)/gnu tools arm embedded/8 2018-q4-major/bin/../lib/gcc/arm-none-eabi/8.2.1/../../../../arm-none-eabi/lib/thumb/v6-m/nofp\libc_nano.a(lib_a-impure.o)
                              c:/program files (x86)/gnu tools arm embedded/8 2018-q4-major/bin/../lib/gcc/arm-none-eabi/8.2.1/../../../../arm-none-eabi/lib/thumb/v6-m/nofp\libc_nano.a(lib_a-exit.o) (_global_impure_ptr)
c:/program files (x86)/gnu tools arm embedded/8 2018-q4-major/bin/../lib/gcc/arm-none-eabi/8.2.1/../../../../arm-none-eabi/lib/thumb/v6-m/nofp\libc_nano.a(lib_a-init.o)
                              c:/program files (x86)/gnu tools arm embedded/8 2018-q4-major/bin/../lib/gcc/arm-none-eabi/8.2.1/../../../../arm-none-eabi/lib/thumb/v6-m/nofp/crt0.o (__libc_init_array)
c:/program files (x86)/gnu tools arm embedded/8 2018-q4-major/bin/../lib/gcc/arm-none-eabi/8.2.1/../../../../arm-none-eabi/lib/thumb/v6-m/nofp\libc_nano.a(lib_a-memset.o)
                              c:/program files (x86)/gnu tools arm embedded/8 2018-q4-major/bin/../lib/gcc/arm-none-eabi/8.2.1/../../../../arm-none-eabi/lib/thumb/v6-m/nofp/crt0.o (memset)
c:/program files (x86)/gnu tools arm embedded/8 2018-q4-major/bin/../lib/gcc/arm-none-eabi/8.2.1/../../../../arm-none-eabi/lib/thumb/v6-m/nofp\libnosys.a(_exit.o)
                              c:/program files (x86)/gnu tools arm embedded/8 2018-q4-major/bin/../lib/gcc/arm-none-eabi/8.2.1/../../../../arm-none-eabi/lib/thumb/v6-m/nofp\libc_nano.a(lib_a-exit.o) (_exit)
c:/program files (x86)/gnu tools arm embedded/8 2018-q4-major/bin/../lib/gcc/arm-none-eabi/8.2.1/thumb/v6-m/nofp\libgcc.a(_udivsi3.o)
                              _build/nrf51422_xxac_bsp.c.o (__aeabi_uidiv)
c:/program files (x86)/gnu tools arm embedded/8 2018-q4-major/bin/../lib/gcc/arm-none-eabi/8.2.1/thumb/v6-m/nofp\libgcc.a(_divsi3.o)
                              _build/nrf51422_xxac_ble_advertising.c.o (__aeabi_idivmod)
c:/program files (x86)/gnu tools arm embedded/8 2018-q4-major/bin/../lib/gcc/arm-none-eabi/8.2.1/thumb/v6-m/nofp\libgcc.a(_dvmd_tls.o)
                              c:/program files (x86)/gnu tools arm embedded/8 2018-q4-major/bin/../lib/gcc/arm-none-eabi/8.2.1/thumb/v6-m/nofp\libgcc.a(_udivsi3.o) (__aeabi_idiv0)
c:/program files (x86)/gnu tools arm embedded/8 2018-q4-major/bin/../lib/gcc/arm-none-eabi/8.2.1/../../../../arm-none-eabi/lib/thumb/v6-m/nofp\libc_nano.a(lib_a-ctype_.o)
                              _build/nrf51422_xxac_nrf_log_backend_serial.c.o (_ctype_)
c:/program files (x86)/gnu tools arm embedded/8 2018-q4-major/bin/../lib/gcc/arm-none-eabi/8.2.1/../../../../arm-none-eabi/lib/thumb/v6-m/nofp\libc_nano.a(lib_a-memcmp.o)
                              _build/nrf51422_xxac_id_manager.c.o (memcmp)
c:/program files (x86)/gnu tools arm embedded/8 2018-q4-major/bin/../lib/gcc/arm-none-eabi/8.2.1/../../../../arm-none-eabi/lib/thumb/v6-m/nofp\libc_nano.a(lib_a-memcpy-stub.o)
                              _build/nrf51422_xxac_nrf_log_backend_serial.c.o (memcpy)
c:/program files (x86)/gnu tools arm embedded/8 2018-q4-major/bin/../lib/gcc/arm-none-eabi/8.2.1/../../../../arm-none-eabi/lib/thumb/v6-m/nofp\libc_nano.a(lib_a-printf.o)
                              _build/nrf51422_xxac_main.c.o (printf)
c:/program files (x86)/gnu tools arm embedded/8 2018-q4-major/bin/../lib/gcc/arm-none-eabi/8.2.1/../../../../arm-none-eabi/lib/thumb/v6-m/nofp\libc_nano.a(lib_a-snprintf.o)
                              _build/nrf51422_xxac_nrf_log_backend_serial.c.o (snprintf)
c:/program files (x86)/gnu tools arm embedded/8 2018-q4-major/bin/../lib/gcc/arm-none-eabi/8.2.1/../../../../arm-none-eabi/lib/thumb/v6-m/nofp\libc_nano.a(lib_a-strcpy.o)
                              _build/nrf51422_xxac_SEGGER_RTT.c.o (strcpy)
c:/program files (x86)/gnu tools arm embedded/8 2018-q4-major/bin/../lib/gcc/arm-none-eabi/8.2.1/../../../../arm-none-eabi/lib/thumb/v6-m/nofp\libc_nano.a(lib_a-strlen.o)
                              _build/nrf51422_xxac_nrf_log_backend_serial.c.o (strlen)
c:/program files (x86)/gnu tools arm embedded/8 2018-q4-major/bin/../lib/gcc/arm-none-eabi/8.2.1/../../../../arm-none-eabi/lib/thumb/v6-m/nofp\libc_nano.a(lib_a-findfp.o)
                              c:/program files (x86)/gnu tools arm embedded/8 2018-q4-major/bin/../lib/gcc/arm-none-eabi/8.2.1/../../../../arm-none-eabi/lib/thumb/v6-m/nofp\libc_nano.a(lib_a-printf.o) (__sinit)
c:/program files (x86)/gnu tools arm embedded/8 2018-q4-major/bin/../lib/gcc/arm-none-eabi/8.2.1/../../../../arm-none-eabi/lib/thumb/v6-m/nofp\libc_nano.a(lib_a-fwalk.o)
[...]
Memory Configuration

Name             Origin             Length             Attributes
FLASH            0x0001b000         0x00025000         xr
RAM              0x20001fe8         0x00006018         xrw
*default*        0x00000000         0xffffffff

Linker script and memory map


.text           0x0001b000    0x12824
 *(.isr_vector)
 .isr_vector    0x0001b000       0xc0 _build/nrf51422_xxac_gcc_startup_nrf51.S.o
                0x0001b000                __isr_vector
 *(.text*)
 .text          0x0001b0c0       0x48 c:/program files (x86)/gnu tools arm embedded/8 2018-q4-major/bin/../lib/gcc/arm-none-eabi/8.2.1/thumb/v6-m/nofp/crtbegin.o
 .text          0x0001b108       0x78 c:/program files (x86)/gnu tools arm embedded/8 2018-q4-major/bin/../lib/gcc/arm-none-eabi/8.2.1/../../../../arm-none-eabi/lib/thumb/v6-m/nofp/crt0.o
                0x0001b108                _start
                0x0001b108                _mainCRTStartup
 .text.exit     0x0001b180       0x2c c:/program files (x86)/gnu tools arm embedded/8 2018-q4-major/bin/../lib/gcc/arm-none-eabi/8.2.1/../../../../arm-none-eabi/lib/thumb/v6-m/nofp\libc_nano.a(lib_a-exit.o)
                0x0001b180                exit
 .text.__libc_init_array
                0x0001b1ac       0x48 c:/program files (x86)/gnu tools arm embedded/8 2018-q4-major/bin/../lib/gcc/arm-none-eabi/8.2.1/../../../../arm-none-eabi/lib/thumb/v6-m/nofp\libc_nano.a(lib_a-init.o)
                0x0001b1ac                __libc_init_array
 .text.memset   0x0001b1f4       0x10 c:/program files (x86)/gnu tools arm embedded/8 2018-q4-major/bin/../lib/gcc/arm-none-eabi/8.2.1/../../../../arm-none-eabi/lib/thumb/v6-m/nofp\libc_nano.a(lib_a-memset.o)
                0x0001b1f4                memset
 .text._exit    0x0001b204        0x4 c:/program files (x86)/gnu tools arm embedded/8 2018-q4-major/bin/../lib/gcc/arm-none-eabi/8.2.1/../../../../arm-none-eabi/lib/thumb/v6-m/nofp\libnosys.a(_exit.o)
                0x0001b204                _exit
 .text.uart_event_handler
                0x0001b208       0x24 _build/nrf51422_xxac_nrf_log_backend_serial.c.o
 .text.nrf_log_backend_init
                0x0001b22c       0xbc _build/nrf51422_xxac_nrf_log_backend_serial.c.o
                0x0001b22c                nrf_log_backend_init
 .text.serial_is_busy
                0x0001b2e8       0x2c _build/nrf51422_xxac_nrf_log_backend_serial.c.o
 .text.serial_tx
                0x0001b314       0x54 _build/nrf51422_xxac_nrf_log_backend_serial.c.o
 .text.buf_len_update
                0x0001b368       0x3c _build/nrf51422_xxac_nrf_log_backend_serial.c.o
 .text.timestamp_process
                0x0001b3a4       0x68 _build/nrf51422_xxac_nrf_log_backend_serial.c.o
 .text.nrf_log_backend_serial_std_handler
                0x0001b40c      0x2b4 _build/nrf51422_xxac_nrf_log_backend_serial.c.o
 .text.byte2hex
                0x0001b6c0       0x68 _build/nrf51422_xxac_nrf_log_backend_serial.c.o
 .text.nrf_log_backend_serial_hexdump_handler
                0x0001b728      0x368 _build/nrf51422_xxac_nrf_log_backend_serial.c.o
 .text.nrf_log_backend_std_handler_get
                0x0001ba90       0x10 _build/nrf51422_xxac_nrf_log_backend_serial.c.o
                0x0001ba90                nrf_log_backend_std_handler_get
 .text.nrf_log_backend_hexdump_handler_get
                0x0001baa0       0x10 _build/nrf51422_xxac_nrf_log_backend_serial.c.o
                0x0001baa0                nrf_log_backend_hexdump_handler_get
 .text.nrf_log_init
                0x0001bab0       0x38 _build/nrf51422_xxac_nrf_log_frontend.c.o
                0x0001bab0                nrf_log_init
 .text.nrf_log_blocking_backend_set
                0x0001bae8       0x12 _build/nrf51422_xxac_nrf_log_frontend.c.o
                0x0001bae8                nrf_log_blocking_backend_set
 *fill*         0x0001bafa        0x2 
 .text.nrf_log_frontend_init
                0x0001bafc       0x38 _build/nrf51422_xxac_nrf_log_frontend.c.o
                0x0001bafc                nrf_log_frontend_init
 .text.nrf_log_handlers_set
                0x0001bb34       0x2c _build/nrf51422_xxac_nrf_log_frontend.c.o
                0x0001bb34                nrf_log_handlers_set
 .text.buf_prealloc
                0x0001bb60      0x104 _build/nrf51422_xxac_nrf_log_frontend.c.o
 .text.nrf_log_frontend_std_0
                0x0001bc64       0xc4 _build/nrf51422_xxac_nrf_log_frontend.c.o
                0x0001bc64                nrf_log_frontend_std_0
 .text.nrf_log_frontend_std_1
                0x0001bd28       0xdc _build/nrf51422_xxac_nrf_log_frontend.c.o
                0x0001bd28                nrf_log_frontend_std_1
 .text.nrf_log_frontend_std_3
                0x0001be04      0x10c _build/nrf51422_xxac_nrf_log_frontend.c.o
                0x0001be04                nrf_log_frontend_std_3
 .text.buffer_is_empty
                0x0001bf10       0x20 _build/nrf51422_xxac_nrf_log_frontend.c.o
                0x0001bf10                buffer_is_empty
 .text.nrf_log_frontend_dequeue
                0x0001bf30      0x2e0 _build/nrf51422_xxac_nrf_log_frontend.c.o
                0x0001bf30                nrf_log_frontend_dequeue
 .text.detection_delay_timeout_handler
                0x0001c210       0xdc _build/nrf51422_xxac_app_button.c.o
 .text.gpiote_event_handler
                0x0001c2ec       0xa4 _build/nrf51422_xxac_app_button.c.o
 .text.app_button_init
                0x0001c390       0xf8 _build/nrf51422_xxac_app_button.c.o
                0x0001c390                app_button_init
 .text.app_button_enable
                0x0001c488       0x44 _build/nrf51422_xxac_app_button.c.o
                0x0001c488                app_button_enable
 .text.app_error_handler_bare
                0x0001c4cc       0x34 _build/nrf51422_xxac_app_error.c.o
                0x0001c4cc                app_error_handler_bare
 .text.NVIC_SystemReset
                0x0001c500       0x20 _build/nrf51422_xxac_app_error_weak.c.o
 .text.app_error_fault_handler
                0x0001c520       0x34 _build/nrf51422_xxac_app_error_weak.c.o
                0x0001c520                app_error_fault_handler
 .text.NVIC_EnableIRQ
                0x0001c554       0x2c _build/nrf51422_xxac_app_timer.c.o
 .text.NVIC_DisableIRQ
                0x0001c580       0x30 _build/nrf51422_xxac_app_timer.c.o
 .text.NVIC_SetPendingIRQ
                0x0001c5b0       0x30 _build/nrf51422_xxac_app_timer.c.o
 .text.NVIC_ClearPendingIRQ
                0x0001c5e0       0x30 _build/nrf51422_xxac_app_timer.c.o
 .text.NVIC_SetPriority
                0x0001c610       0xdc _build/nrf51422_xxac_app_timer.c.o
 .text.is_word_aligned
                0x0001c6ec       0x1c _build/nrf51422_xxac_app_timer.c.o
 .text.nrf_delay_us
                0x0001c708       0x48 _build/nrf51422_xxac_app_timer.c.o
 .text.rtc1_init
                0x0001c750       0x28 _build/nrf51422_xxac_app_timer.c.o
 .text.rtc1_start
                0x0001c778       0x48 _build/nrf51422_xxac_app_timer.c.o
 .text.rtc1_stop
                0x0001c7c0       0x58 _build/nrf51422_xxac_app_timer.c.o
 .text.rtc1_counter_get
                0x0001c818       0x18 _build/nrf51422_xxac_app_timer.c.o
 .text.ticks_diff_get
                0x0001c830       0x1c _build/nrf51422_xxac_app_timer.c.o
 .text.rtc1_compare0_set
                0x0001c84c       0x20 _build/nrf51422_xxac_app_timer.c.o
 .text.timer_list_insert
                0x0001c86c       0xb0 _build/nrf51422_xxac_app_timer.c.o
 .text.timer_list_remove
                0x0001c91c       0xa4 _build/nrf51422_xxac_app_timer.c.o
 .text.timer_timeouts_check_sched
                0x0001c9c0       0x10 _build/nrf51422_xxac_app_timer.c.o
 .text.timer_list_handler_sched
                0x0001c9d0       0x10 _build/nrf51422_xxac_app_timer.c.o
 .text.timeout_handler_exec
                0x0001c9e0       0x50 _build/nrf51422_xxac_app_timer.c.o
 .text.timer_timeouts_check
                0x0001ca30       0xcc _build/nrf51422_xxac_app_timer.c.o
 .text.elapsed_ticks_acquire
                0x0001cafc       0x7c _build/nrf51422_xxac_app_timer.c.o
 .text.list_deletions_handler
                0x0001cb78       0xb0 _build/nrf51422_xxac_app_timer.c.o
 .text.expired_timers_handler
                0x0001cc28       0x98 _build/nrf51422_xxac_app_timer.c.o
 .text.list_insertions_handler
                0x0001ccc0      0x160 _build/nrf51422_xxac_app_timer.c.o
 .text.compare_reg_update
                0x0001ce20       0xc4 _build/nrf51422_xxac_app_timer.c.o
 .text.timer_list_handler
                0x0001cee4       0x8c _build/nrf51422_xxac_app_timer.c.o
 .text.user_op_enque
                0x0001cf70       0x20 _build/nrf51422_xxac_app_timer.c.o
 .text.user_op_alloc
                0x0001cf90       0x68 _build/nrf51422_xxac_app_timer.c.o
 .text.timer_start_op_schedule
                0x0001cff8       0x90 _build/nrf51422_xxac_app_timer.c.o
 .text.timer_stop_op_schedule
                0x0001d088       0x76 _build/nrf51422_xxac_app_timer.c.o
 *fill*         0x0001d0fe        0x2 
 .text.RTC1_IRQHandler
                0x0001d100       0x50 _build/nrf51422_xxac_app_timer.c.o
                0x0001d100                RTC1_IRQHandler
 .text.SWI0_IRQHandler
                0x0001d150        0xe _build/nrf51422_xxac_app_timer.c.o
                0x0001d150                SWI0_IRQHandler
 *fill*         0x0001d15e        0x2 
 .text.app_timer_init
                0x0001d160       0xb8 _build/nrf51422_xxac_app_timer.c.o
                0x0001d160                app_timer_init
 .text.app_timer_create
                0x0001d218       0x6c _build/nrf51422_xxac_app_timer.c.o
                0x0001d218                app_timer_create
 .text.app_timer_start
                0x0001d284       0x68 _build/nrf51422_xxac_app_timer.c.o
                0x0001d284                app_timer_start
 .text.app_timer_stop
                0x0001d2ec       0x48 _build/nrf51422_xxac_app_timer.c.o
                0x0001d2ec                app_timer_stop
 .text.__sd_nvic_irq_disable
                0x0001d334       0x1c _build/nrf51422_xxac_app_util_platform.c.o
 .text.__sd_nvic_irq_enable
                0x0001d350        0xc _build/nrf51422_xxac_app_util_platform.c.o
 .text.sd_nvic_critical_region_enter
                0x0001d35c       0x64 _build/nrf51422_xxac_app_util_platform.c.o
 .text.sd_nvic_critical_region_exit
                0x0001d3c0       0x50 _build/nrf51422_xxac_app_util_platform.c.o
 .text.app_util_critical_region_enter
                0x0001d410       0x18 _build/nrf51422_xxac_app_util_platform.c.o
                0x0001d410                app_util_critical_region_enter
 .text.app_util_critical_region_exit
                0x0001d428       0x1e _build/nrf51422_xxac_app_util_platform.c.o
                0x0001d428                app_util_critical_region_exit
 .text.is_word_aligned
                0x0001d446       0x1c _build/nrf51422_xxac_fds.c.o
 *fill*         0x0001d462        0x2 
 .text.flag_set
                0x0001d464       0x28 _build/nrf51422_xxac_fds.c.o
 .text.flag_clear
                0x0001d48c       0x34 _build/nrf51422_xxac_fds.c.o
 .text.flag_is_set
                0x0001d4c0       0x2c _build/nrf51422_xxac_fds.c.o
 .text.event_send
                0x0001d4ec       0x40 _build/nrf51422_xxac_fds.c.o
 .text.event_prepare
                0x0001d52c       0xc0 _build/nrf51422_xxac_fds.c.o
 .text.header_is_valid
                0x0001d5ec       0x34 _build/nrf51422_xxac_fds.c.o
 .text.address_is_valid
                0x0001d620       0x48 _build/nrf51422_xxac_fds.c.o
 .text.chunk_is_aligned
                0x0001d668       0x4a _build/nrf51422_xxac_fds.c.o
 *fill*         0x0001d6b2        0x2 
 .text.page_identify
                0x0001d6b4       0x48 _build/nrf51422_xxac_fds.c.o
 .text.page_is_erased
                0x0001d6fc       0x36 _build/nrf51422_xxac_fds.c.o
 *fill*         0x0001d732        0x2 
 .text.page_has_space
                0x0001d734       0x5c _build/nrf51422_xxac_fds.c.o
 .text.page_from_record
                0x0001d790       0x7c _build/nrf51422_xxac_fds.c.o
 .text.page_scan
                0x0001d80c       0xb4 _build/nrf51422_xxac_fds.c.o
 .text.page_offsets_update
                0x0001d8c0       0x3e _build/nrf51422_xxac_fds.c.o
 *fill*         0x0001d8fe        0x2 
 .text.page_tag_write_swap
                0x0001d900       0x2c _build/nrf51422_xxac_fds.c.o
 .text.page_tag_write_data
                0x0001d92c       0x2c _build/nrf51422_xxac_fds.c.o
 .text.write_space_reserve
                0x0001d958       0xc8 _build/nrf51422_xxac_fds.c.o
 .text.write_space_free
                0x0001da20       0x48 _build/nrf51422_xxac_fds.c.o
 .text.record_id_new
                0x0001da68       0x1c _build/nrf51422_xxac_fds.c.o
 .text.record_find_next
                0x0001da84       0x9c _build/nrf51422_xxac_fds.c.o
 .text.record_find_by_desc
                0x0001db20       0xb0 _build/nrf51422_xxac_fds.c.o
 .text.record_find
                0x0001dbd0       0xd4 _build/nrf51422_xxac_fds.c.o
 .text.queue_advance
                0x0001dca4       0x54 _build/nrf51422_xxac_fds.c.o
 .text.chunk_queue_next
                0x0001dcf8       0x34 _build/nrf51422_xxac_fds.c.o
                0x0001dcf8                chunk_queue_next
 .text.chunk_queue_get_and_advance
                0x0001dd2c       0x44 _build/nrf51422_xxac_fds.c.o
 .text.chunk_queue_skip
                0x0001dd70       0x40 _build/nrf51422_xxac_fds.c.o
 .text.op_enqueue
                0x0001ddb0       0xd8 _build/nrf51422_xxac_fds.c.o
 .text.pages_init
                0x0001de88      0x1e4 _build/nrf51422_xxac_fds.c.o
 .text.record_header_write_begin
                0x0001e06c       0x40 _build/nrf51422_xxac_fds.c.o
 .text.record_header_write_id
                0x0001e0ac       0x50 _build/nrf51422_xxac_fds.c.o
 .text.record_header_write_finalize
                0x0001e0fc       0x50 _build/nrf51422_xxac_fds.c.o
 .text.record_header_flag_dirty
                0x0001e14c       0x40 _build/nrf51422_xxac_fds.c.o
 .text.record_find_and_delete
                0x0001e18c       0x7c _build/nrf51422_xxac_fds.c.o
 .text.file_find_and_delete
                0x0001e208       0x60 _build/nrf51422_xxac_fds.c.o
 .text.record_write_chunk
                0x0001e268       0x7c _build/nrf51422_xxac_fds.c.o
 .text.gc_init  0x0001e2e4       0x64 _build/nrf51422_xxac_fds.c.o
 .text.gc_page_next
                0x0001e348       0x98 _build/nrf51422_xxac_fds.c.o
 .text.gc_swap_erase
                0x0001e3e0       0x34 _build/nrf51422_xxac_fds.c.o
 .text.gc_page_erase
                0x0001e414       0x64 _build/nrf51422_xxac_fds.c.o
 .text.gc_record_copy
                0x0001e478       0x58 _build/nrf51422_xxac_fds.c.o
 .text.gc_record_find_next
                0x0001e4d0       0x3c _build/nrf51422_xxac_fds.c.o
 .text.gc_swap_promote
                0x0001e50c       0x30 _build/nrf51422_xxac_fds.c.o
 .text.gc_tag_new_swap
                0x0001e53c       0x20 _build/nrf51422_xxac_fds.c.o
 .text.gc_next_page
                0x0001e55c       0x48 _build/nrf51422_xxac_fds.c.o
 .text.gc_update_swap_offset
                0x0001e5a4       0x38 _build/nrf51422_xxac_fds.c.o
 .text.gc_swap_pages
                0x0001e5dc       0x60 _build/nrf51422_xxac_fds.c.o
 .text.gc_state_advance
                0x0001e63c       0x5c _build/nrf51422_xxac_fds.c.o
 .text.init_execute
                0x0001e698      0x18c _build/nrf51422_xxac_fds.c.o
 .text.write_execute
                0x0001e824      0x114 _build/nrf51422_xxac_fds.c.o
 .text.delete_execute
                0x0001e938       0x6c _build/nrf51422_xxac_fds.c.o
 .text.gc_execute
                0x0001e9a4       0x8c _build/nrf51422_xxac_fds.c.o
 .text.queue_process
                0x0001ea30       0xec _build/nrf51422_xxac_fds.c.o
 .text.queue_start
                0x0001eb1c       0x2a _build/nrf51422_xxac_fds.c.o
 .text.fs_event_handler
                0x0001eb46       0x20 _build/nrf51422_xxac_fds.c.o
 *fill*         0x0001eb66        0x2 
 .text.write_enqueue
                0x0001eb68      0x1cc _build/nrf51422_xxac_fds.c.o
 .text.fds_register
                0x0001ed34       0x48 _build/nrf51422_xxac_fds.c.o
                0x0001ed34                fds_register
 .text.fds_init
                0x0001ed7c       0xdc _build/nrf51422_xxac_fds.c.o
                0x0001ed7c                fds_init
 .text.fds_record_open
                0x0001ee58       0x7c _build/nrf51422_xxac_fds.c.o
                0x0001ee58                fds_record_open
 .text.fds_record_close
                0x0001eed4       0x84 _build/nrf51422_xxac_fds.c.o
                0x0001eed4                fds_record_close
 .text.fds_reserve
                0x0001ef58       0x64 _build/nrf51422_xxac_fds.c.o
                0x0001ef58                fds_reserve
 .text.fds_reserve_cancel
                0x0001efbc       0x88 _build/nrf51422_xxac_fds.c.o
                0x0001efbc                fds_reserve_cancel
 .text.fds_record_write
                0x0001f044       0x20 _build/nrf51422_xxac_fds.c.o
                0x0001f044                fds_record_write
 .text.fds_record_write_reserved
                0x0001f064       0x2c _build/nrf51422_xxac_fds.c.o
                0x0001f064                fds_record_write_reserved
 .text.fds_record_update
                0x0001f090       0x2a _build/nrf51422_xxac_fds.c.o
                0x0001f090                fds_record_update
 *fill*         0x0001f0ba        0x2 
 .text.fds_file_delete
                0x0001f0bc       0x70 _build/nrf51422_xxac_fds.c.o
                0x0001f0bc                fds_file_delete
 .text.fds_gc   0x0001f12c       0x58 _build/nrf51422_xxac_fds.c.o
                0x0001f12c                fds_gc
 .text.fds_record_find
                0x0001f184       0x30 _build/nrf51422_xxac_fds.c.o
                0x0001f184                fds_record_find
 .text.fds_record_find_by_key
                0x0001f1b4       0x28 _build/nrf51422_xxac_fds.c.o
                0x0001f1b4                fds_record_find_by_key
 .text.fds_record_find_in_file
                0x0001f1dc       0x28 _build/nrf51422_xxac_fds.c.o
                0x0001f1dc                fds_record_find_in_file
 .text.fds_record_id_from_desc
                0x0001f204       0x2c _build/nrf51422_xxac_fds.c.o
                0x0001f204                fds_record_id_from_desc
 .text.fs_flash_page_end_addr
                0x0001f230       0x2c _build/nrf51422_xxac_fstorage.c.o
 .text.sd_flash_write
                0x0001f25c        0x8 _build/nrf51422_xxac_fstorage.c.o
 .text.sd_flash_page_erase
                0x0001f264        0x8 _build/nrf51422_xxac_fstorage.c.o
 .text.send_event
                0x0001f26c       0x88 _build/nrf51422_xxac_fstorage.c.o
 .text.check_config
                0x0001f2f4       0x34 _build/nrf51422_xxac_fstorage.c.o
 .text.store_execute
                0x0001f328       0x62 _build/nrf51422_xxac_fstorage.c.o
 .text.erase_execute
                0x0001f38a       0x1c _build/nrf51422_xxac_fstorage.c.o
 *fill*         0x0001f3a6        0x2 
 .text.queue_advance
                0x0001f3a8       0x4c _build/nrf51422_xxac_fstorage.c.o
 .text.queue_process
                0x0001f3f4       0x94 _build/nrf51422_xxac_fstorage.c.o
 .text.queue_start
                0x0001f488       0x38 _build/nrf51422_xxac_fstorage.c.o
 .text.on_operation_success
                0x0001f4c0       0xbc _build/nrf51422_xxac_fstorage.c.o
 .text.on_operation_failure
                0x0001f57c       0x3c _build/nrf51422_xxac_fstorage.c.o
 .text.queue_get_next_free
                0x0001f5b8       0x80 _build/nrf51422_xxac_fstorage.c.o
 .text.fs_init  0x0001f638      0x134 _build/nrf51422_xxac_fstorage.c.o
                0x0001f638                fs_init
 .text.fs_store
                0x0001f76c       0xe0 _build/nrf51422_xxac_fstorage.c.o
                0x0001f76c                fs_store
 .text.fs_erase
                0x0001f84c       0xd0 _build/nrf51422_xxac_fstorage.c.o
                0x0001f84c                fs_erase
 .text.fs_queued_op_count_get
                0x0001f91c       0x28 _build/nrf51422_xxac_fstorage.c.o
                0x0001f91c                fs_queued_op_count_get
 .text.fs_sys_event_handler
                0x0001f944       0x90 _build/nrf51422_xxac_fstorage.c.o
                0x0001f944                fs_sys_event_handler
 .text.sdk_mapped_flags_set_by_index
                0x0001f9d4       0x2e _build/nrf51422_xxac_sdk_mapped_flags.c.o
 .text.sdk_mapped_flags_clear_by_index
                0x0001fa02       0x32 _build/nrf51422_xxac_sdk_mapped_flags.c.o
 .text.sdk_mapped_flags_get_by_index
                0x0001fa34       0x30 _build/nrf51422_xxac_sdk_mapped_flags.c.o
 .text.sdk_mapped_flags_first_key_index_get
                0x0001fa64       0x58 _build/nrf51422_xxac_sdk_mapped_flags.c.o
                0x0001fa64                sdk_mapped_flags_first_key_index_get
 .text.sdk_mapped_flags_update_by_key
                0x0001fabc       0x34 _build/nrf51422_xxac_sdk_mapped_flags.c.o
                0x0001fabc                sdk_mapped_flags_update_by_key
 .text.sdk_mapped_flags_bulk_update_by_key
                0x0001faf0       0x94 _build/nrf51422_xxac_sdk_mapped_flags.c.o
                0x0001faf0                sdk_mapped_flags_bulk_update_by_key
 .text.sdk_mapped_flags_get_by_key
                0x0001fb84       0x60 _build/nrf51422_xxac_sdk_mapped_flags.c.o
                0x0001fb84                sdk_mapped_flags_get_by_key
 .text.sdk_mapped_flags_key_list_get
                0x0001fbe4       0x7a _build/nrf51422_xxac_sdk_mapped_flags.c.o
                0x0001fbe4                sdk_mapped_flags_key_list_get
 .text.nrf_gpio_pin_port_decode
                0x0001fc5e       0x14 _build/nrf51422_xxac_boards.c.o
 .text.nrf_gpio_cfg
                0x0001fc72       0x6a _build/nrf51422_xxac_boards.c.o
 .text.nrf_gpio_cfg_output
                0x0001fcdc       0x24 _build/nrf51422_xxac_boards.c.o
 .text.nrf_gpio_pin_set
                0x0001fd00       0x2c _build/nrf51422_xxac_boards.c.o
 .text.nrf_gpio_pin_clear
                0x0001fd2c       0x2c _build/nrf51422_xxac_boards.c.o
 .text.nrf_gpio_pin_toggle
                0x0001fd58       0x58 _build/nrf51422_xxac_boards.c.o
 .text.nrf_gpio_pin_write
                0x0001fdb0       0x2a _build/nrf51422_xxac_boards.c.o
 .text.nrf_gpio_pin_read
                0x0001fdda       0x30 _build/nrf51422_xxac_boards.c.o
 .text.nrf_gpio_pin_out_read
                0x0001fe0a       0x30 _build/nrf51422_xxac_boards.c.o
 .text.nrf_gpio_port_in_read
                0x0001fe3a       0x18 _build/nrf51422_xxac_boards.c.o
 *fill*         0x0001fe52        0x2 
 .text.nrf_gpio_port_out_read
                0x0001fe54       0x1c _build/nrf51422_xxac_boards.c.o
 .text.nrf_gpio_port_out_set
                0x0001fe70       0x1c _build/nrf51422_xxac_boards.c.o
 .text.nrf_gpio_port_out_clear
                0x0001fe8c       0x20 _build/nrf51422_xxac_boards.c.o
 .text.bsp_board_led_state_get
                0x0001feac       0x48 _build/nrf51422_xxac_boards.c.o
                0x0001feac                bsp_board_led_state_get
 .text.bsp_board_led_on
                0x0001fef4       0x24 _build/nrf51422_xxac_boards.c.o
                0x0001fef4                bsp_board_led_on
 .text.bsp_board_led_off
                0x0001ff18       0x24 _build/nrf51422_xxac_boards.c.o
                0x0001ff18                bsp_board_led_off
 .text.bsp_board_leds_off
                0x0001ff3c       0x28 _build/nrf51422_xxac_boards.c.o
                0x0001ff3c                bsp_board_leds_off
 .text.bsp_board_leds_on
                0x0001ff64       0x28 _build/nrf51422_xxac_boards.c.o
                0x0001ff64                bsp_board_leds_on
 .text.bsp_board_led_invert
                0x0001ff8c       0x24 _build/nrf51422_xxac_boards.c.o
                0x0001ff8c                bsp_board_led_invert
 .text.bsp_board_leds_init
                0x0001ffb0       0x38 _build/nrf51422_xxac_boards.c.o
                0x0001ffb0                bsp_board_leds_init
 .text.bsp_board_button_state_get
                0x0001ffe8       0x48 _build/nrf51422_xxac_boards.c.o
                0x0001ffe8                bsp_board_button_state_get
 .text.bsp_board_pin_to_button_idx
                0x00020030       0x44 _build/nrf51422_xxac_boards.c.o
                0x00020030                bsp_board_pin_to_button_idx
 .text.bsp_board_button_idx_to_pin
                0x00020074       0x1c _build/nrf51422_xxac_boards.c.o
                0x00020074                bsp_board_button_idx_to_pin
 .text.nrf_clock_int_disable
                0x00020090       0x1c _build/nrf51422_xxac_nrf_drv_clock.c.o
 .text.nrf_clock_event_clear
                0x000200ac       0x24 _build/nrf51422_xxac_nrf_drv_clock.c.o
 .text.nrf_clock_event_check
                0x000200d0       0x28 _build/nrf51422_xxac_nrf_drv_clock.c.o
 .text.nrf_clock_lf_src_set
                0x000200f8       0x26 _build/nrf51422_xxac_nrf_drv_clock.c.o
 *fill*         0x0002011e        0x2 
 .text.nrf_drv_common_irq_enable_check
                0x00020120       0x40 _build/nrf51422_xxac_nrf_drv_clock.c.o
 .text.nrf_drv_common_power_clock_irq_init
                0x00020160       0x26 _build/nrf51422_xxac_nrf_drv_clock.c.o
 *fill*         0x00020186        0x2 
 .text.nrf_drv_clock_init
                0x00020188       0x60 _build/nrf51422_xxac_nrf_drv_clock.c.o
                0x00020188                nrf_drv_clock_init
 .text.item_dequeue
                0x000201e8       0x26 _build/nrf51422_xxac_nrf_drv_clock.c.o
 *fill*         0x0002020e        0x2 
 .text.clock_clk_started_notify
                0x00020210       0x50 _build/nrf51422_xxac_nrf_drv_clock.c.o
 .text.POWER_CLOCK_IRQHandler
                0x00020260       0x64 _build/nrf51422_xxac_nrf_drv_clock.c.o
                0x00020260                POWER_CLOCK_IRQHandler
 .text.nrf_drv_clock_on_soc_event
                0x000202c4       0x1c _build/nrf51422_xxac_nrf_drv_clock.c.o
                0x000202c4                nrf_drv_clock_on_soc_event
 .text.nrf_drv_clock_on_sd_enable
                0x000202e0       0x4c _build/nrf51422_xxac_nrf_drv_clock.c.o
                0x000202e0                nrf_drv_clock_on_sd_enable
 .text.NVIC_EnableIRQ
                0x0002032c       0x2c _build/nrf51422_xxac_nrf_drv_common.c.o
 .text.NVIC_ClearPendingIRQ
                0x00020358       0x30 _build/nrf51422_xxac_nrf_drv_common.c.o
 .text.NVIC_SetPriority
                0x00020388       0xdc _build/nrf51422_xxac_nrf_drv_common.c.o
 .text.nrf_drv_common_irq_enable
                0x00020464       0x44 _build/nrf51422_xxac_nrf_drv_common.c.o
                0x00020464                nrf_drv_common_irq_enable
 .text.nrf_gpiote_event_is_set
                0x000204a8       0x2a _build/nrf51422_xxac_nrf_drv_gpiote.c.o
 .text.nrf_gpiote_event_clear
                0x000204d2       0x24 _build/nrf51422_xxac_nrf_drv_gpiote.c.o
 *fill*         0x000204f6        0x2 
 .text.nrf_gpiote_event_addr_get
                0x000204f8       0x24 _build/nrf51422_xxac_nrf_drv_gpiote.c.o
 .text.nrf_gpiote_int_enable
                0x0002051c       0x20 _build/nrf51422_xxac_nrf_drv_gpiote.c.o
 .text.nrf_gpiote_int_is_enabled
                0x0002053c       0x20 _build/nrf51422_xxac_nrf_drv_gpiote.c.o
 .text.nrf_gpiote_event_enable
                0x0002055c       0x30 _build/nrf51422_xxac_nrf_drv_gpiote.c.o
 .text.nrf_gpiote_event_configure
                0x0002058c       0x70 _build/nrf51422_xxac_nrf_drv_gpiote.c.o
 .text.nrf_gpiote_event_pin_get
                0x000205fc       0x28 _build/nrf51422_xxac_nrf_drv_gpiote.c.o
 .text.nrf_gpiote_event_polarity_get
                0x00020624       0x28 _build/nrf51422_xxac_nrf_drv_gpiote.c.o
 .text.nrf_gpio_pin_port_decode
                0x0002064c       0x14 _build/nrf51422_xxac_nrf_drv_gpiote.c.o
 .text.nrf_gpio_cfg
                0x00020660       0x6a _build/nrf51422_xxac_nrf_drv_gpiote.c.o
 .text.nrf_gpio_cfg_input
                0x000206ca       0x2e _build/nrf51422_xxac_nrf_drv_gpiote.c.o
 .text.nrf_gpio_cfg_watcher
                0x000206f8       0x3c _build/nrf51422_xxac_nrf_drv_gpiote.c.o
 .text.nrf_gpio_cfg_sense_set
                0x00020734       0x64 _build/nrf51422_xxac_nrf_drv_gpiote.c.o
 .text.nrf_gpio_pin_read
                0x00020798       0x30 _build/nrf51422_xxac_nrf_drv_gpiote.c.o
 .text.nrf_gpio_pin_sense_get
                0x000207c8       0x30 _build/nrf51422_xxac_nrf_drv_gpiote.c.o
 .text.nrf_gpio_port_in_read
                0x000207f8       0x18 _build/nrf51422_xxac_nrf_drv_gpiote.c.o
 .text.nrf_gpio_ports_read
                0x00020810       0x54 _build/nrf51422_xxac_nrf_drv_gpiote.c.o
 .text.nrf_bitmask_bit_is_set
                0x00020864       0x36 _build/nrf51422_xxac_nrf_drv_gpiote.c.o
 .text.nrf_bitmask_bit_set
                0x0002089a       0x46 _build/nrf51422_xxac_nrf_drv_gpiote.c.o
 .text.pin_in_use_by_te
                0x000208e0       0x48 _build/nrf51422_xxac_nrf_drv_gpiote.c.o
 .text.pin_in_use_by_port
                0x00020928       0x30 _build/nrf51422_xxac_nrf_drv_gpiote.c.o
 .text.pin_in_use_by_gpiote
                0x00020958       0x2c _build/nrf51422_xxac_nrf_drv_gpiote.c.o
 .text.pin_in_use_by_te_set
                0x00020984       0x5c _build/nrf51422_xxac_nrf_drv_gpiote.c.o
 .text.pin_in_use_clear
                0x000209e0       0x24 _build/nrf51422_xxac_nrf_drv_gpiote.c.o
 .text.channel_port_get
                0x00020a04       0x24 _build/nrf51422_xxac_nrf_drv_gpiote.c.o
 .text.channel_handler_get
                0x00020a28       0x1c _build/nrf51422_xxac_nrf_drv_gpiote.c.o
 .text.channel_port_alloc
                0x00020a44       0x84 _build/nrf51422_xxac_nrf_drv_gpiote.c.o
 .text.channel_free
                0x00020ac8       0x40 _build/nrf51422_xxac_nrf_drv_gpiote.c.o
 .text.nrf_drv_gpiote_init
                0x00020b08       0x98 _build/nrf51422_xxac_nrf_drv_gpiote.c.o
                0x00020b08                nrf_drv_gpiote_init
 .text.nrf_drv_gpiote_is_init
                0x00020ba0       0x1c _build/nrf51422_xxac_nrf_drv_gpiote.c.o
                0x00020ba0                nrf_drv_gpiote_is_init
 .text.nrf_drv_gpiote_in_init
                0x00020bbc       0xcc _build/nrf51422_xxac_nrf_drv_gpiote.c.o
                0x00020bbc                nrf_drv_gpiote_in_init
 .text.nrf_drv_gpiote_in_event_enable
                0x00020c88      0x104 _build/nrf51422_xxac_nrf_drv_gpiote.c.o
                0x00020c88                nrf_drv_gpiote_in_event_enable
 .text.nrf_drv_gpiote_in_is_set
                0x00020d8c       0x20 _build/nrf51422_xxac_nrf_drv_gpiote.c.o
                0x00020d8c                nrf_drv_gpiote_in_is_set
 .text.GPIOTE_IRQHandler
                0x00020dac      0x34c _build/nrf51422_xxac_nrf_drv_gpiote.c.o
                0x00020dac                GPIOTE_IRQHandler
 .text.NVIC_DisableIRQ
                0x000210f8       0x30 _build/nrf51422_xxac_nrf_drv_uart.c.o
 .text.nrf_uart_event_clear
                0x00021128       0x22 _build/nrf51422_xxac_nrf_drv_uart.c.o
 .text.nrf_uart_event_check
                0x0002114a       0x26 _build/nrf51422_xxac_nrf_drv_uart.c.o
 .text.nrf_uart_int_enable
                0x00021170       0x1c _build/nrf51422_xxac_nrf_drv_uart.c.o
 .text.nrf_uart_int_enable_check
                0x0002118c       0x24 _build/nrf51422_xxac_nrf_drv_uart.c.o
 .text.nrf_uart_int_disable
                0x000211b0       0x1c _build/nrf51422_xxac_nrf_drv_uart.c.o
 .text.nrf_uart_errorsrc_get_and_clear
                0x000211cc       0x26 _build/nrf51422_xxac_nrf_drv_uart.c.o
 .text.nrf_uart_enable
                0x000211f2       0x1a _build/nrf51422_xxac_nrf_drv_uart.c.o
 .text.nrf_uart_disable
                0x0002120c       0x1a _build/nrf51422_xxac_nrf_drv_uart.c.o
 *fill*         0x00021226        0x2 
 .text.nrf_uart_txrx_pins_set
                0x00021228       0x2c _build/nrf51422_xxac_nrf_drv_uart.c.o
 .text.nrf_uart_txrx_pins_disconnect
                0x00021254       0x20 _build/nrf51422_xxac_nrf_drv_uart.c.o
 .text.nrf_uart_tx_pin_get
                0x00021274       0x1c _build/nrf51422_xxac_nrf_drv_uart.c.o
 .text.nrf_uart_rx_pin_get
                0x00021290       0x1c _build/nrf51422_xxac_nrf_drv_uart.c.o
 .text.nrf_uart_rts_pin_get
                0x000212ac       0x18 _build/nrf51422_xxac_nrf_drv_uart.c.o
 .text.nrf_uart_cts_pin_get
                0x000212c4       0x18 _build/nrf51422_xxac_nrf_drv_uart.c.o
 .text.nrf_uart_hwfc_pins_set
                0x000212dc       0x28 _build/nrf51422_xxac_nrf_drv_uart.c.o
 .text.nrf_uart_hwfc_pins_disconnect
                0x00021304       0x20 _build/nrf51422_xxac_nrf_drv_uart.c.o
 .text.nrf_uart_rxd_get
                0x00021324       0x1a _build/nrf51422_xxac_nrf_drv_uart.c.o
 *fill*         0x0002133e        0x2 
 .text.nrf_uart_txd_set
                0x00021340       0x24 _build/nrf51422_xxac_nrf_drv_uart.c.o
 .text.nrf_uart_task_trigger
                0x00021364       0x22 _build/nrf51422_xxac_nrf_drv_uart.c.o
 *fill*         0x00021386        0x2 
 .text.nrf_uart_configure
                0x00021388       0x38 _build/nrf51422_xxac_nrf_drv_uart.c.o
 .text.nrf_uart_baudrate_set
                0x000213c0       0x20 _build/nrf51422_xxac_nrf_drv_uart.c.o
 .text.nrf_drv_common_irq_disable
                0x000213e0       0x20 _build/nrf51422_xxac_nrf_drv_uart.c.o
 .text.nrf_drv_get_IRQn
                0x00021400       0x20 _build/nrf51422_xxac_nrf_drv_uart.c.o
 .text.nrf_gpio_pin_port_decode
                0x00021420       0x14 _build/nrf51422_xxac_nrf_drv_uart.c.o
 .text.nrf_gpio_cfg
                0x00021434       0x6a _build/nrf51422_xxac_nrf_drv_uart.c.o
 .text.nrf_gpio_cfg_output
                0x0002149e       0x24 _build/nrf51422_xxac_nrf_drv_uart.c.o
 .text.nrf_gpio_cfg_input
                0x000214c2       0x2e _build/nrf51422_xxac_nrf_drv_uart.c.o
 .text.nrf_gpio_cfg_default
                0x000214f0       0x24 _build/nrf51422_xxac_nrf_drv_uart.c.o
 .text.nrf_gpio_pin_set
                0x00021514       0x2c _build/nrf51422_xxac_nrf_drv_uart.c.o
 .text.nrf_gpio_port_out_set
                0x00021540       0x1c _build/nrf51422_xxac_nrf_drv_uart.c.o
 .text.apply_config
                0x0002155c       0xc0 _build/nrf51422_xxac_nrf_drv_uart.c.o
 .text.interrupts_enable
                0x0002161c       0x64 _build/nrf51422_xxac_nrf_drv_uart.c.o
 .text.interrupts_disable
                0x00021680       0x34 _build/nrf51422_xxac_nrf_drv_uart.c.o
 .text.pins_to_default
                0x000216b4       0x94 _build/nrf51422_xxac_nrf_drv_uart.c.o
 .text.uart_enable
                0x00021748       0x1a _build/nrf51422_xxac_nrf_drv_uart.c.o
 .text.uart_disable
                0x00021762       0x1a _build/nrf51422_xxac_nrf_drv_uart.c.o
 .text.nrf_drv_uart_init
                0x0002177c       0x98 _build/nrf51422_xxac_nrf_drv_uart.c.o
                0x0002177c                nrf_drv_uart_init
 .text.nrf_drv_uart_uninit
                0x00021814       0x54 _build/nrf51422_xxac_nrf_drv_uart.c.o
                0x00021814                nrf_drv_uart_uninit
 .text.tx_byte  0x00021868       0x50 _build/nrf51422_xxac_nrf_drv_uart.c.o
 .text.nrf_drv_uart_tx_for_uart
                0x000218b8      0x104 _build/nrf51422_xxac_nrf_drv_uart.c.o
 .text.nrf_drv_uart_tx
                0x000219bc       0x60 _build/nrf51422_xxac_nrf_drv_uart.c.o
                0x000219bc                nrf_drv_uart_tx
 .text.nrf_drv_uart_tx_in_progress
                0x00021a1c       0x30 _build/nrf51422_xxac_nrf_drv_uart.c.o
                0x00021a1c                nrf_drv_uart_tx_in_progress
 .text.rx_enable
                0x00021a4c       0x3c _build/nrf51422_xxac_nrf_drv_uart.c.o
 .text.rx_byte  0x00021a88       0x64 _build/nrf51422_xxac_nrf_drv_uart.c.o
 .text.nrf_drv_uart_rx_for_uart
                0x00021aec      0x17c _build/nrf51422_xxac_nrf_drv_uart.c.o
 .text.nrf_drv_uart_rx
                0x00021c68       0xd8 _build/nrf51422_xxac_nrf_drv_uart.c.o
                0x00021c68                nrf_drv_uart_rx
 .text.nrf_drv_uart_rx_enable
                0x00021d40       0x54 _build/nrf51422_xxac_nrf_drv_uart.c.o
                0x00021d40                nrf_drv_uart_rx_enable
 .text.rx_done_event
                0x00021d94       0x3e _build/nrf51422_xxac_nrf_drv_uart.c.o
 .text.tx_done_event
                0x00021dd2       0x42 _build/nrf51422_xxac_nrf_drv_uart.c.o
 .text.uart_irq_handler
                0x00021e14      0x210 _build/nrf51422_xxac_nrf_drv_uart.c.o
 .text.UART0_IRQHandler
                0x00022024       0x20 _build/nrf51422_xxac_nrf_drv_uart.c.o
                0x00022024                UART0_IRQHandler
 .text.nrf_gpio_pin_port_decode
                0x00022044       0x14 _build/nrf51422_xxac_bsp.c.o
 .text.nrf_gpio_cfg_sense_set
                0x00022058       0x64 _build/nrf51422_xxac_bsp.c.o
 .text.bsp_button_is_pressed
                0x000220bc       0x1a _build/nrf51422_xxac_bsp.c.o
                0x000220bc                bsp_button_is_pressed
 *fill*         0x000220d6        0x2 
 .text.bsp_button_event_handler
                0x000220d8      0x148 _build/nrf51422_xxac_bsp.c.o
 .text.button_timer_handler
                0x00022220       0x1c _build/nrf51422_xxac_bsp.c.o
 .text.bsp_led_indication
                0x0002223c      0x38c _build/nrf51422_xxac_bsp.c.o
 .text.leds_timer_handler
                0x000225c8       0x2c _build/nrf51422_xxac_bsp.c.o
 .text.alert_timer_handler
                0x000225f4       0x16 _build/nrf51422_xxac_bsp.c.o
 *fill*         0x0002260a        0x2 
 .text.bsp_indication_set
                0x0002260c       0x38 _build/nrf51422_xxac_bsp.c.o
                0x0002260c                bsp_indication_set
 .text.bsp_init
                0x00022644       0xf8 _build/nrf51422_xxac_bsp.c.o
                0x00022644                bsp_init
 .text.bsp_event_to_button_action_assign
                0x0002273c       0xac _build/nrf51422_xxac_bsp.c.o
                0x0002273c                bsp_event_to_button_action_assign
 .text.bsp_wakeup_button_enable
                0x000227e8       0x24 _build/nrf51422_xxac_bsp.c.o
                0x000227e8                bsp_wakeup_button_enable
 .text.connection_buttons_configure
                0x0002280c       0x6a _build/nrf51422_xxac_bsp_btn_ble.c.o
 .text.advertising_buttons_configure
                0x00022876       0x6a _build/nrf51422_xxac_bsp_btn_ble.c.o
 .text.startup_event_extract
                0x000228e0       0x3a _build/nrf51422_xxac_bsp_btn_ble.c.o
 .text.bsp_btn_ble_sleep_mode_prepare
                0x0002291a       0x44 _build/nrf51422_xxac_bsp_btn_ble.c.o
                0x0002291a                bsp_btn_ble_sleep_mode_prepare
 *fill*         0x0002295e        0x2 
 .text.bsp_btn_ble_on_ble_evt
                0x00022960       0x90 _build/nrf51422_xxac_bsp_btn_ble.c.o
                0x00022960                bsp_btn_ble_on_ble_evt
 .text.bsp_btn_ble_init
                0x000229f0       0x44 _build/nrf51422_xxac_bsp_btn_ble.c.o
                0x000229f0                bsp_btn_ble_init
 .text.sd_ble_gap_address_get
                0x00022a34        0x8 _build/nrf51422_xxac_ble_advdata.c.o
 .text.sd_ble_gap_adv_data_set
                0x00022a3c        0x8 _build/nrf51422_xxac_ble_advdata.c.o
 .text.sd_ble_gap_appearance_get
                0x00022a44        0x8 _build/nrf51422_xxac_ble_advdata.c.o
 .text.sd_ble_gap_device_name_get
                0x00022a4c        0x8 _build/nrf51422_xxac_ble_advdata.c.o
 .text.sd_ble_uuid_encode
                0x00022a54        0x8 _build/nrf51422_xxac_ble_advdata.c.o
 .text.uint16_encode
                0x00022a5c       0x32 _build/nrf51422_xxac_ble_advdata.c.o
 .text.ble_device_addr_encode
                0x00022a8e       0xce _build/nrf51422_xxac_ble_advdata.c.o
 .text.name_encode
                0x00022b5c      0x15c _build/nrf51422_xxac_ble_advdata.c.o
 .text.appearance_encode
                0x00022cb8       0xa0 _build/nrf51422_xxac_ble_advdata.c.o
 .text.flags_encode
                0x00022d58       0x8a _build/nrf51422_xxac_ble_advdata.c.o
 .text.tx_power_level_encode
                0x00022de2       0x8a _build/nrf51422_xxac_ble_advdata.c.o
 .text.uuid_list_sized_encode
                0x00022e6c      0x192 _build/nrf51422_xxac_ble_advdata.c.o
 .text.uuid_list_encode
                0x00022ffe       0x8a _build/nrf51422_xxac_ble_advdata.c.o
 .text.conn_int_check
                0x00023088       0x80 _build/nrf51422_xxac_ble_advdata.c.o
 .text.conn_int_encode
                0x00023108       0xc8 _build/nrf51422_xxac_ble_advdata.c.o
 .text.manuf_specific_data_encode
                0x000231d0       0xe4 _build/nrf51422_xxac_ble_advdata.c.o
 .text.service_data_encode
                0x000232b4      0x114 _build/nrf51422_xxac_ble_advdata.c.o
 .text.adv_data_encode
                0x000233c8      0x206 _build/nrf51422_xxac_ble_advdata.c.o
                0x000233c8                adv_data_encode
 .text.advdata_check
                0x000235ce       0x22 _build/nrf51422_xxac_ble_advdata.c.o
 .text.srdata_check
                0x000235f0       0x1e _build/nrf51422_xxac_ble_advdata.c.o
 .text.ble_advdata_set
                0x0002360e       0xd8 _build/nrf51422_xxac_ble_advdata.c.o
                0x0002360e                ble_advdata_set
 .text.sd_ble_gap_adv_start
                0x000236e6        0x8 _build/nrf51422_xxac_ble_advertising.c.o
 .text.sd_ble_gap_adv_stop
                0x000236ee        0x8 _build/nrf51422_xxac_ble_advertising.c.o
 *fill*         0x000236f6        0x2 
 .text.whitelist_has_entries
                0x000236f8       0x2c _build/nrf51422_xxac_ble_advertising.c.o
 .text.addr_is_valid
                0x00023724       0x34 _build/nrf51422_xxac_ble_advertising.c.o
 .text.adv_mode_next_get
                0x00023758       0x26 _build/nrf51422_xxac_ble_advertising.c.o
 *fill*         0x0002377e        0x2 
 .text.on_connected
                0x00023780       0x24 _build/nrf51422_xxac_ble_advertising.c.o
 .text.on_disconnected
                0x000237a4       0x50 _build/nrf51422_xxac_ble_advertising.c.o
 .text.on_timeout
                0x000237f4       0x50 _build/nrf51422_xxac_ble_advertising.c.o
 .text.flash_access_in_progress
                0x00023844       0x1e _build/nrf51422_xxac_ble_advertising.c.o
 *fill*         0x00023862        0x2 
 .text.adv_mode_next_avail_get
                0x00023864       0x8c _build/nrf51422_xxac_ble_advertising.c.o
 .text.set_adv_mode_directed
                0x000238f0       0x38 _build/nrf51422_xxac_ble_advertising.c.o
 .text.set_adv_mode_directed_slow
                0x00023928       0x44 _build/nrf51422_xxac_ble_advertising.c.o
 .text.set_adv_mode_fast
                0x0002396c       0x90 _build/nrf51422_xxac_ble_advertising.c.o
 .text.set_adv_mode_slow
                0x000239fc       0x90 _build/nrf51422_xxac_ble_advertising.c.o
 .text.ble_advertising_init
                0x00023a8c      0x258 _build/nrf51422_xxac_ble_advertising.c.o
                0x00023a8c                ble_advertising_init
 .text.ble_advertising_start
                0x00023ce4      0x1cc _build/nrf51422_xxac_ble_advertising.c.o
                0x00023ce4                ble_advertising_start
 .text.ble_advertising_on_ble_evt
                0x00023eb0       0x40 _build/nrf51422_xxac_ble_advertising.c.o
                0x00023eb0                ble_advertising_on_ble_evt
 .text.ble_advertising_on_sys_evt
                0x00023ef0       0x60 _build/nrf51422_xxac_ble_advertising.c.o
                0x00023ef0                ble_advertising_on_sys_evt
 .text.ble_advertising_restart_without_whitelist
                0x00023f50       0x70 _build/nrf51422_xxac_ble_advertising.c.o
                0x00023f50                ble_advertising_restart_without_whitelist
 .text.sd_ble_gap_conn_param_update
                0x00023fc0        0x8 _build/nrf51422_xxac_ble_conn_params.c.o
 .text.sd_ble_gap_disconnect
                0x00023fc8        0x8 _build/nrf51422_xxac_ble_conn_params.c.o
 .text.sd_ble_gap_ppcp_set
                0x00023fd0        0x8 _build/nrf51422_xxac_ble_conn_params.c.o
 .text.sd_ble_gap_ppcp_get
                0x00023fd8        0x8 _build/nrf51422_xxac_ble_conn_params.c.o
 .text.is_conn_params_ok
                0x00023fe0       0x34 _build/nrf51422_xxac_ble_conn_params.c.o
 .text.update_timeout_handler
                0x00024014       0xc4 _build/nrf51422_xxac_ble_conn_params.c.o
 .text.ble_conn_params_init
                0x000240d8       0xa4 _build/nrf51422_xxac_ble_conn_params.c.o
                0x000240d8                ble_conn_params_init
 .text.conn_params_negotiation
                0x0002417c       0xb8 _build/nrf51422_xxac_ble_conn_params.c.o
 .text.on_connect
                0x00024234       0x44 _build/nrf51422_xxac_ble_conn_params.c.o
 .text.on_disconnect
                0x00024278       0x54 _build/nrf51422_xxac_ble_conn_params.c.o
 .text.on_write
                0x000242cc       0x6c _build/nrf51422_xxac_ble_conn_params.c.o
 .text.on_conn_params_update
                0x00024338       0x24 _build/nrf51422_xxac_ble_conn_params.c.o
 .text.ble_conn_params_on_ble_evt
                0x0002435c       0x52 _build/nrf51422_xxac_ble_conn_params.c.o
                0x0002435c                ble_conn_params_on_ble_evt
 *fill*         0x000243ae        0x2 
 .text.record_activate
                0x000243b0       0x7c _build/nrf51422_xxac_ble_conn_state.c.o
 .text.record_invalidate
                0x0002442c       0x30 _build/nrf51422_xxac_ble_conn_state.c.o
 .text.record_set_disconnected
                0x0002445c       0x2c _build/nrf51422_xxac_ble_conn_state.c.o
 .text.record_purge_disconnected
                0x00024488       0x74 _build/nrf51422_xxac_ble_conn_state.c.o
 .text.user_flag_is_acquired
                0x000244fc       0x30 _build/nrf51422_xxac_ble_conn_state.c.o
 .text.user_flag_acquire
                0x0002452c       0x2c _build/nrf51422_xxac_ble_conn_state.c.o
 .text.ble_conn_state_on_ble_evt
                0x00024558       0xc8 _build/nrf51422_xxac_ble_conn_state.c.o
                0x00024558                ble_conn_state_on_ble_evt
 .text.ble_conn_state_role
                0x00024620       0x6c _build/nrf51422_xxac_ble_conn_state.c.o
                0x00024620                ble_conn_state_role
 .text.ble_conn_state_encrypted
                0x0002468c       0x30 _build/nrf51422_xxac_ble_conn_state.c.o
                0x0002468c                ble_conn_state_encrypted
 .text.ble_conn_state_mitm_protected
                0x000246bc       0x30 _build/nrf51422_xxac_ble_conn_state.c.o
                0x000246bc                ble_conn_state_mitm_protected
 .text.ble_conn_state_conn_handles
                0x000246ec       0x28 _build/nrf51422_xxac_ble_conn_state.c.o
                0x000246ec                ble_conn_state_conn_handles
 .text.ble_conn_state_user_flag_acquire
                0x00024714       0x52 _build/nrf51422_xxac_ble_conn_state.c.o
                0x00024714                ble_conn_state_user_flag_acquire
 *fill*         0x00024766        0x2 
 .text.ble_conn_state_user_flag_get
                0x00024768       0x4c _build/nrf51422_xxac_ble_conn_state.c.o
                0x00024768                ble_conn_state_user_flag_get
 .text.ble_conn_state_user_flag_set
                0x000247b4       0x5c _build/nrf51422_xxac_ble_conn_state.c.o
                0x000247b4                ble_conn_state_user_flag_set
 .text.ble_conn_state_user_flag_collection
                0x00024810       0x34 _build/nrf51422_xxac_ble_conn_state.c.o
                0x00024810                ble_conn_state_user_flag_collection
 .text.uint16_decode
                0x00024844       0x26 _build/nrf51422_xxac_ble_srv_common.c.o
 .text.ble_srv_is_notification_enabled
                0x0002486a       0x2e _build/nrf51422_xxac_ble_srv_common.c.o
                0x0002486a                ble_srv_is_notification_enabled
 .text.sdk_mapped_flags_any_set
                0x00024898       0x1e _build/nrf51422_xxac_gatt_cache_manager.c.o
 *fill*         0x000248b6        0x2 
 .text.internal_state_reset
                0x000248b8       0x14 _build/nrf51422_xxac_gatt_cache_manager.c.o
 .text.evt_send
                0x000248cc       0x34 _build/nrf51422_xxac_gatt_cache_manager.c.o
 .text.cccd_written
                0x00024900       0x3c _build/nrf51422_xxac_gatt_cache_manager.c.o
 .text.local_db_apply_in_evt
                0x0002493c      0x114 _build/nrf51422_xxac_gatt_cache_manager.c.o
 .text.local_db_update_in_evt
                0x00024a50      0x134 _build/nrf51422_xxac_gatt_cache_manager.c.o
 .text.service_changed_send_in_evt
                0x00024b84      0x130 _build/nrf51422_xxac_gatt_cache_manager.c.o
 .text.gcm_gscm_evt_handler
                0x00024cb4       0xac _build/nrf51422_xxac_gatt_cache_manager.c.o
                0x00024cb4                gcm_gscm_evt_handler
 .text.gcm_im_evt_handler
                0x00024d60       0x4c _build/nrf51422_xxac_gatt_cache_manager.c.o
                0x00024d60                gcm_im_evt_handler
 .text.gcm_smd_evt_handler
                0x00024dac       0x26 _build/nrf51422_xxac_gatt_cache_manager.c.o
                0x00024dac                gcm_smd_evt_handler
 *fill*         0x00024dd2        0x2 
 .text.gcm_init
                0x00024dd4       0x80 _build/nrf51422_xxac_gatt_cache_manager.c.o
                0x00024dd4                gcm_init
 .text.apply_pending_flags_check
                0x00024e54       0x94 _build/nrf51422_xxac_gatt_cache_manager.c.o
 .text.update_pending_flags_check
                0x00024ee8       0x94 _build/nrf51422_xxac_gatt_cache_manager.c.o
 .text.service_changed_pending_flags_check
                0x00024f7c       0xbc _build/nrf51422_xxac_gatt_cache_manager.c.o
 .text.gcm_ble_evt_handler
                0x00025038       0xa0 _build/nrf51422_xxac_gatt_cache_manager.c.o
                0x00025038                gcm_ble_evt_handler
 .text.gcm_local_database_has_changed
                0x000250d8       0x84 _build/nrf51422_xxac_gatt_cache_manager.c.o
                0x000250d8                gcm_local_database_has_changed
 .text.sd_ble_gatts_service_changed
                0x0002515c        0x8 _build/nrf51422_xxac_gatts_cache_manager.c.o
 .text.sd_ble_gatts_sys_attr_set
                0x00025164        0x8 _build/nrf51422_xxac_gatts_cache_manager.c.o
 .text.sd_ble_gatts_sys_attr_get
                0x0002516c        0x8 _build/nrf51422_xxac_gatts_cache_manager.c.o
 .text.internal_state_reset
                0x00025174       0x20 _build/nrf51422_xxac_gatts_cache_manager.c.o
 .text.evt_send
                0x00025194       0x34 _build/nrf51422_xxac_gatts_cache_manager.c.o
 .text.service_changed_pending_set
                0x000251c8       0x6c _build/nrf51422_xxac_gatts_cache_manager.c.o
 .text.gscm_pdb_evt_handler
                0x00025234       0x70 _build/nrf51422_xxac_gatts_cache_manager.c.o
                0x00025234                gscm_pdb_evt_handler
 .text.gscm_init
                0x000252a4       0x1c _build/nrf51422_xxac_gatts_cache_manager.c.o
                0x000252a4                gscm_init
 .text.gscm_local_db_cache_update
                0x000252c0      0x10c _build/nrf51422_xxac_gatts_cache_manager.c.o
                0x000252c0                gscm_local_db_cache_update
 .text.gscm_local_db_cache_apply
                0x000253cc      0x110 _build/nrf51422_xxac_gatts_cache_manager.c.o
                0x000253cc                gscm_local_db_cache_apply
 .text.gscm_local_database_has_changed
                0x000254dc       0x28 _build/nrf51422_xxac_gatts_cache_manager.c.o
                0x000254dc                gscm_local_database_has_changed
 .text.gscm_service_changed_ind_needed
                0x00025504       0x4c _build/nrf51422_xxac_gatts_cache_manager.c.o
                0x00025504                gscm_service_changed_ind_needed
 .text.gscm_service_changed_ind_send
                0x00025550       0x5c _build/nrf51422_xxac_gatts_cache_manager.c.o
                0x00025550                gscm_service_changed_ind_send
 .text.gscm_db_change_notification_done
                0x000255ac       0x30 _build/nrf51422_xxac_gatts_cache_manager.c.o
                0x000255ac                gscm_db_change_notification_done
 .text.sd_ble_gap_address_get
                0x000255dc        0x8 _build/nrf51422_xxac_id_manager.c.o
 .text.sd_ecb_block_encrypt
                0x000255e4        0x8 _build/nrf51422_xxac_id_manager.c.o
 .text.internal_state_reset
                0x000255ec       0x44 _build/nrf51422_xxac_id_manager.c.o
 .text.evt_send
                0x00025630       0x34 _build/nrf51422_xxac_id_manager.c.o
 .text.get_free_connection
                0x00025664       0x5c _build/nrf51422_xxac_id_manager.c.o
                0x00025664                get_free_connection
 .text.get_connection_by_conn_handle
                0x000256c0       0x64 _build/nrf51422_xxac_id_manager.c.o
                0x000256c0                get_connection_by_conn_handle
 .text.new_connection
                0x00025724       0xcc _build/nrf51422_xxac_id_manager.c.o
                0x00025724                new_connection
 .text.is_valid_irk
                0x000257f0       0x34 _build/nrf51422_xxac_id_manager.c.o
                0x000257f0                is_valid_irk
 .text.addr_compare
                0x00025824       0x4a _build/nrf51422_xxac_id_manager.c.o
                0x00025824                addr_compare
 *fill*         0x0002586e        0x2 
 .text.im_ble_evt_handler
                0x00025870      0x134 _build/nrf51422_xxac_id_manager.c.o
                0x00025870                im_ble_evt_handler
 .text.im_is_duplicate_bonding_data
                0x000259a4       0x82 _build/nrf51422_xxac_id_manager.c.o
                0x000259a4                im_is_duplicate_bonding_data
 .text.im_pdb_evt_handler
                0x00025a26       0xba _build/nrf51422_xxac_id_manager.c.o
                0x00025a26                im_pdb_evt_handler
 .text.im_init  0x00025ae0       0x54 _build/nrf51422_xxac_id_manager.c.o
                0x00025ae0                im_init
 .text.im_peer_id_get_by_conn_handle
                0x00025b34       0x4c _build/nrf51422_xxac_id_manager.c.o
                0x00025b34                im_peer_id_get_by_conn_handle
 .text.im_ble_addr_get
                0x00025b80       0x5c _build/nrf51422_xxac_id_manager.c.o
                0x00025b80                im_ble_addr_get
 .text.im_master_ids_compare
                0x00025bdc       0x54 _build/nrf51422_xxac_id_manager.c.o
                0x00025bdc                im_master_ids_compare
 .text.im_peer_id_get_by_master_id
                0x00025c30       0x68 _build/nrf51422_xxac_id_manager.c.o
                0x00025c30                im_peer_id_get_by_master_id
 .text.im_conn_handle_get
                0x00025c98       0x5c _build/nrf51422_xxac_id_manager.c.o
                0x00025c98                im_conn_handle_get
 .text.im_master_id_is_valid
                0x00025cf4       0x42 _build/nrf51422_xxac_id_manager.c.o
                0x00025cf4                im_master_id_is_valid
 *fill*         0x00025d36        0x2 
 .text.peer_id_set
                0x00025d38       0x4c _build/nrf51422_xxac_id_manager.c.o
 .text.im_new_peer_id
                0x00025d84       0x2a _build/nrf51422_xxac_id_manager.c.o
                0x00025d84                im_new_peer_id
 *fill*         0x00025dae        0x2 
 .text.im_peer_free
                0x00025db0       0x58 _build/nrf51422_xxac_id_manager.c.o
                0x00025db0                im_peer_free
 .text.ah       0x00025e08       0xae _build/nrf51422_xxac_id_manager.c.o
                0x00025e08                ah
 .text.im_address_resolve
                0x00025eb6       0x60 _build/nrf51422_xxac_id_manager.c.o
                0x00025eb6                im_address_resolve
 *fill*         0x00025f16        0x2 
 .text.pds_evt_send
                0x00025f18       0x30 _build/nrf51422_xxac_peer_data_storage.c.o
 .text.peer_id_to_file_id
                0x00025f48       0x24 _build/nrf51422_xxac_peer_data_storage.c.o
 .text.file_id_to_peer_id
                0x00025f6c       0x22 _build/nrf51422_xxac_peer_data_storage.c.o
 *fill*         0x00025f8e        0x2 
 .text.peer_data_id_to_record_key
                0x00025f90       0x28 _build/nrf51422_xxac_peer_data_storage.c.o
 .text.record_key_to_peer_data_id
                0x00025fb8       0x1a _build/nrf51422_xxac_peer_data_storage.c.o
 *fill*         0x00025fd2        0x2 
 .text.file_id_within_pm_range
                0x00025fd4       0x40 _build/nrf51422_xxac_peer_data_storage.c.o
 .text.record_key_within_pm_range
                0x00026014       0x40 _build/nrf51422_xxac_peer_data_storage.c.o
 .text.peer_data_id_is_valid
                0x00026054       0x52 _build/nrf51422_xxac_peer_data_storage.c.o
 *fill*         0x000260a6        0x2 
 .text.peer_data_delete
                0x000260a8      0x10c _build/nrf51422_xxac_peer_data_storage.c.o
 .text.peer_data_find
                0x000261b4       0x7c _build/nrf51422_xxac_peer_data_storage.c.o
 .text.peer_ids_load
                0x00026230       0x76 _build/nrf51422_xxac_peer_data_storage.c.o
 *fill*         0x000262a6        0x2 
 .text.fds_evt_handler
                0x000262a8      0x1f0 _build/nrf51422_xxac_peer_data_storage.c.o
 .text.pds_init
                0x00026498       0x50 _build/nrf51422_xxac_peer_data_storage.c.o
                0x00026498                pds_init
 .text.pds_peer_data_read
                0x000264e8       0xe8 _build/nrf51422_xxac_peer_data_storage.c.o
                0x000264e8                pds_peer_data_read
 .text.pds_peer_data_iterate_prepare
                0x000265d0       0x1c _build/nrf51422_xxac_peer_data_storage.c.o
                0x000265d0                pds_peer_data_iterate_prepare
 .text.pds_peer_data_iterate
                0x000265ec       0xa4 _build/nrf51422_xxac_peer_data_storage.c.o
                0x000265ec                pds_peer_data_iterate
 .text.pds_space_reserve
                0x00026690       0x60 _build/nrf51422_xxac_peer_data_storage.c.o
                0x00026690                pds_space_reserve
 .text.pds_space_reserve_cancel
                0x000266f0       0x28 _build/nrf51422_xxac_peer_data_storage.c.o
                0x000266f0                pds_space_reserve_cancel
 .text.pds_peer_data_store
                0x00026718      0x134 _build/nrf51422_xxac_peer_data_storage.c.o
                0x00026718                pds_peer_data_store
 .text.pds_peer_id_allocate
                0x0002684c       0x18 _build/nrf51422_xxac_peer_data_storage.c.o
                0x0002684c                pds_peer_id_allocate
 .text.pds_peer_id_free
                0x00026864       0x30 _build/nrf51422_xxac_peer_data_storage.c.o
                0x00026864                pds_peer_id_free
 .text.pds_peer_id_is_allocated
                0x00026894       0x20 _build/nrf51422_xxac_peer_data_storage.c.o
                0x00026894                pds_peer_id_is_allocated
 .text.pds_next_peer_id_get
                0x000268b4       0x20 _build/nrf51422_xxac_peer_data_storage.c.o
                0x000268b4                pds_next_peer_id_get
 .text.pds_next_deleted_peer_id_get
                0x000268d4       0x20 _build/nrf51422_xxac_peer_data_storage.c.o
                0x000268d4                pds_next_deleted_peer_id_get
 .text.write_buffer_record_invalidate
                0x000268f4       0x54 _build/nrf51422_xxac_peer_database.c.o
 .text.write_buffer_record_find_next
                0x00026948       0x58 _build/nrf51422_xxac_peer_database.c.o
 .text.write_buffer_record_find
                0x000269a0       0x62 _build/nrf51422_xxac_peer_database.c.o
 *fill*         0x00026a02        0x2 
 .text.write_buffer_record_find_unused
                0x00026a04       0x1c _build/nrf51422_xxac_peer_database.c.o
 .text.write_buffer_record_release
                0x00026a20       0x48 _build/nrf51422_xxac_peer_database.c.o
 .text.write_buffer_record_get
                0x00026a68       0x52 _build/nrf51422_xxac_peer_database.c.o
 *fill*         0x00026aba        0x2 
 .text.pdb_evt_send
                0x00026abc       0x34 _build/nrf51422_xxac_peer_database.c.o
 .text.internal_state_reset
                0x00026af0       0x38 _build/nrf51422_xxac_peer_database.c.o
 .text.pdb_pds_evt_handler
                0x00026b28      0x284 _build/nrf51422_xxac_peer_database.c.o
                0x00026b28                pdb_pds_evt_handler
 .text.pdb_init
                0x00026dac       0x54 _build/nrf51422_xxac_peer_database.c.o
                0x00026dac                pdb_init
 .text.pdb_peer_allocate
                0x00026e00       0x10 _build/nrf51422_xxac_peer_database.c.o
                0x00026e00                pdb_peer_allocate
 .text.pdb_peer_free
                0x00026e10       0xa6 _build/nrf51422_xxac_peer_database.c.o
                0x00026e10                pdb_peer_free
 .text.pdb_peer_data_ptr_get
                0x00026eb6       0x2e _build/nrf51422_xxac_peer_database.c.o
                0x00026eb6                pdb_peer_data_ptr_get
 .text.peer_data_point_to_buffer
                0x00026ee4       0x50 _build/nrf51422_xxac_peer_database.c.o
 .text.peer_data_const_point_to_buffer
                0x00026f34       0x2e _build/nrf51422_xxac_peer_database.c.o
 .text.write_buf_length_words_set
                0x00026f62       0x54 _build/nrf51422_xxac_peer_database.c.o
 *fill*         0x00026fb6        0x2 
 .text.pdb_write_buf_get
                0x00026fb8      0x1ec _build/nrf51422_xxac_peer_database.c.o
                0x00026fb8                pdb_write_buf_get
 .text.pdb_write_buf_release
                0x000271a4       0x66 _build/nrf51422_xxac_peer_database.c.o
                0x000271a4                pdb_write_buf_release
 *fill*         0x0002720a        0x2 
 .text.pdb_write_buf_store_prepare
                0x0002720c       0xcc _build/nrf51422_xxac_peer_database.c.o
                0x0002720c                pdb_write_buf_store_prepare
 .text.pdb_write_buf_store
                0x000272d8      0x17c _build/nrf51422_xxac_peer_database.c.o
                0x000272d8                pdb_write_buf_store
 .text.pdb_next_peer_id_get
                0x00027454       0x20 _build/nrf51422_xxac_peer_database.c.o
                0x00027454                pdb_next_peer_id_get
 .text.pdb_next_deleted_peer_id_get
                0x00027474       0x20 _build/nrf51422_xxac_peer_database.c.o
                0x00027474                pdb_next_deleted_peer_id_get
 .text.pdb_raw_store
                0x00027494       0x2c _build/nrf51422_xxac_peer_database.c.o
                0x00027494                pdb_raw_store
 .text.internal_state_reset
                0x000274c0       0x1c _build/nrf51422_xxac_peer_id.c.o
 .text.peer_id_init
                0x000274dc       0x38 _build/nrf51422_xxac_peer_id.c.o
                0x000274dc                peer_id_init
 .text.claim    0x00027514       0x94 _build/nrf51422_xxac_peer_id.c.o
 .text.release  0x000275a8       0x2c _build/nrf51422_xxac_peer_id.c.o
 .text.peer_id_allocate
                0x000275d4       0x28 _build/nrf51422_xxac_peer_id.c.o
                0x000275d4                peer_id_allocate
 .text.peer_id_delete
                0x000275fc       0x50 _build/nrf51422_xxac_peer_id.c.o
                0x000275fc                peer_id_delete
 .text.peer_id_free
                0x0002764c       0x38 _build/nrf51422_xxac_peer_id.c.o
                0x0002764c                peer_id_free
 .text.peer_id_is_allocated
                0x00027684       0x34 _build/nrf51422_xxac_peer_id.c.o
                0x00027684                peer_id_is_allocated
 .text.peer_id_is_deleted
                0x000276b8       0x34 _build/nrf51422_xxac_peer_id.c.o
                0x000276b8                peer_id_is_deleted
 .text.next_id_get
                0x000276ec       0x6c _build/nrf51422_xxac_peer_id.c.o
                0x000276ec                next_id_get
 .text.peer_id_get_next_used
                0x00027758       0x74 _build/nrf51422_xxac_peer_id.c.o
                0x00027758                peer_id_get_next_used
 .text.peer_id_get_next_deleted
                0x000277cc       0x28 _build/nrf51422_xxac_peer_id.c.o
                0x000277cc                peer_id_get_next_deleted
 .text.evt_send
                0x000277f4       0x40 _build/nrf51422_xxac_peer_manager.c.o
 .text.pm_pdb_evt_handler
                0x00027834      0x288 _build/nrf51422_xxac_peer_manager.c.o
                0x00027834                pm_pdb_evt_handler
 .text.pm_sm_evt_handler
                0x00027abc      0x280 _build/nrf51422_xxac_peer_manager.c.o
                0x00027abc                pm_sm_evt_handler
 .text.pm_gcm_evt_handler
                0x00027d3c      0x104 _build/nrf51422_xxac_peer_manager.c.o
                0x00027d3c                pm_gcm_evt_handler
 .text.pm_im_evt_handler
                0x00027e40       0x7c _build/nrf51422_xxac_peer_manager.c.o
                0x00027e40                pm_im_evt_handler
 .text.pm_on_ble_evt
                0x00027ebc       0x3c _build/nrf51422_xxac_peer_manager.c.o
                0x00027ebc                pm_on_ble_evt
 .text.internal_state_reset
                0x00027ef8       0x34 _build/nrf51422_xxac_peer_manager.c.o
 .text.pm_init  0x00027f2c       0xe0 _build/nrf51422_xxac_peer_manager.c.o
                0x00027f2c                pm_init
 .text.pm_register
                0x0002800c       0x58 _build/nrf51422_xxac_peer_manager.c.o
                0x0002800c                pm_register
 .text.pm_sec_params_set
                0x00028064       0x34 _build/nrf51422_xxac_peer_manager.c.o
                0x00028064                pm_sec_params_set
 .text.pm_conn_sec_config_reply
                0x00028098       0x24 _build/nrf51422_xxac_peer_manager.c.o
                0x00028098                pm_conn_sec_config_reply
 .text.pm_local_database_has_changed
                0x000280bc       0x24 _build/nrf51422_xxac_peer_manager.c.o
                0x000280bc                pm_local_database_has_changed
 .text.pm_peer_delete
                0x000280e0       0x38 _build/nrf51422_xxac_peer_manager.c.o
                0x000280e0                pm_peer_delete
 .text.pm_peers_delete
                0x00028118       0x78 _build/nrf51422_xxac_peer_manager.c.o
                0x00028118                pm_peers_delete
 .text.pm_buffer_init
                0x00028190       0x7a _build/nrf51422_xxac_pm_buffer.c.o
                0x00028190                pm_buffer_init
 .text.pm_buffer_block_acquire
                0x0002820a       0xea _build/nrf51422_xxac_pm_buffer.c.o
                0x0002820a                pm_buffer_block_acquire
 .text.pm_buffer_ptr_get
                0x000282f4       0x62 _build/nrf51422_xxac_pm_buffer.c.o
                0x000282f4                pm_buffer_ptr_get
 .text.pm_buffer_release
                0x00028356       0x5c _build/nrf51422_xxac_pm_buffer.c.o
                0x00028356                pm_buffer_release
 .text.lock_by_mask
                0x000283b2       0x76 _build/nrf51422_xxac_pm_mutex.c.o
 .text.pm_mutex_init
                0x00028428       0x30 _build/nrf51422_xxac_pm_mutex.c.o
                0x00028428                pm_mutex_init
 .text.pm_mutex_lock
                0x00028458       0x46 _build/nrf51422_xxac_pm_mutex.c.o
                0x00028458                pm_mutex_lock
 .text.pm_mutex_unlock
                0x0002849e       0x92 _build/nrf51422_xxac_pm_mutex.c.o
                0x0002849e                pm_mutex_unlock
 .text.pm_mutex_lock_first_available
                0x00028530       0x74 _build/nrf51422_xxac_pm_mutex.c.o
                0x00028530                pm_mutex_lock_first_available
 .text.pm_mutex_lock_status_get
                0x000285a4       0x48 _build/nrf51422_xxac_pm_mutex.c.o
                0x000285a4                pm_mutex_lock_status_get
 .text.sd_ble_gap_authenticate
                0x000285ec        0x8 _build/nrf51422_xxac_security_dispatcher.c.o
 .text.sd_ble_gap_sec_params_reply
                0x000285f4        0x8 _build/nrf51422_xxac_security_dispatcher.c.o
 .text.sd_ble_gap_encrypt
                0x000285fc        0x8 _build/nrf51422_xxac_security_dispatcher.c.o
 .text.sd_ble_gap_sec_info_reply
                0x00028604        0x8 _build/nrf51422_xxac_security_dispatcher.c.o
 .text.evt_send
                0x0002860c       0x34 _build/nrf51422_xxac_security_dispatcher.c.o
 .text.sec_start_send
                0x00028640       0x4a _build/nrf51422_xxac_security_dispatcher.c.o
 .text.smd_pdb_evt_handler
                0x0002868a       0x58 _build/nrf51422_xxac_security_dispatcher.c.o
                0x0002868a                smd_pdb_evt_handler
 .text.sec_params_request_process
                0x000286e2       0x30 _build/nrf51422_xxac_security_dispatcher.c.o
 *fill*         0x00028712        0x2 
 .text.sec_proc_start
                0x00028714       0xac _build/nrf51422_xxac_security_dispatcher.c.o
 .text.sec_info_request_process
                0x000287c0      0x13c _build/nrf51422_xxac_security_dispatcher.c.o
 .text.sec_request_process
                0x000288fc       0x60 _build/nrf51422_xxac_security_dispatcher.c.o
 .text.auth_status_success_process
                0x0002895c      0x134 _build/nrf51422_xxac_security_dispatcher.c.o
 .text.pairing_failure
                0x00028a90       0xe4 _build/nrf51422_xxac_security_dispatcher.c.o
 .text.encryption_failure
                0x00028b74       0x70 _build/nrf51422_xxac_security_dispatcher.c.o
 .text.link_secure_failure
                0x00028be4       0xa0 _build/nrf51422_xxac_security_dispatcher.c.o
 .text.disconnect_process
                0x00028c84       0x3c _build/nrf51422_xxac_security_dispatcher.c.o
 .text.auth_status_failure_process
                0x00028cc0       0x2a _build/nrf51422_xxac_security_dispatcher.c.o
 .text.auth_status_process
                0x00028cea       0x2c _build/nrf51422_xxac_security_dispatcher.c.o
 *fill*         0x00028d16        0x2 
 .text.conn_sec_update_process
                0x00028d18       0x94 _build/nrf51422_xxac_security_dispatcher.c.o
 .text.flag_id_init
                0x00028dac       0x24 _build/nrf51422_xxac_security_dispatcher.c.o
 .text.smd_init
                0x00028dd0       0x58 _build/nrf51422_xxac_security_dispatcher.c.o
                0x00028dd0                smd_init
 .text.smd_params_reply
                0x00028e28      0x224 _build/nrf51422_xxac_security_dispatcher.c.o
                0x00028e28                smd_params_reply
 .text.link_secure_central_existing_peer
                0x0002904c      0x18a _build/nrf51422_xxac_security_dispatcher.c.o
 *fill*         0x000291d6        0x2 
 .text.link_secure_central_new_peer
                0x000291d8       0xd8 _build/nrf51422_xxac_security_dispatcher.c.o
 .text.link_secure_central
                0x000292b0       0xf8 _build/nrf51422_xxac_security_dispatcher.c.o
 .text.link_secure_peripheral
                0x000293a8       0x2a _build/nrf51422_xxac_security_dispatcher.c.o
 *fill*         0x000293d2        0x2 
 .text.smd_link_secure
                0x000293d4       0x68 _build/nrf51422_xxac_security_dispatcher.c.o
                0x000293d4                smd_link_secure
 .text.smd_ble_evt_handler
                0x0002943c       0x70 _build/nrf51422_xxac_security_dispatcher.c.o
                0x0002943c                smd_ble_evt_handler
 .text.sdk_mapped_flags_any_set
                0x000294ac       0x1e _build/nrf51422_xxac_security_manager.c.o
 *fill*         0x000294ca        0x2 
 .text.evt_send
                0x000294cc       0x30 _build/nrf51422_xxac_security_manager.c.o
 .text.flags_set_from_err_code
                0x000294fc      0x110 _build/nrf51422_xxac_security_manager.c.o
 .text.events_send_from_err_code
                0x0002960c       0x72 _build/nrf51422_xxac_security_manager.c.o
 *fill*         0x0002967e        0x2 
 .text.link_secure
                0x00029680      0x140 _build/nrf51422_xxac_security_manager.c.o
 .text.send_config_req
                0x000297c0       0x3a _build/nrf51422_xxac_security_manager.c.o
 *fill*         0x000297fa        0x2 
 .text.smd_params_reply_perform
                0x000297fc       0xe4 _build/nrf51422_xxac_security_manager.c.o
 .text.sm_smd_evt_handler
                0x000298e0       0xdc _build/nrf51422_xxac_security_manager.c.o
                0x000298e0                sm_smd_evt_handler
 .text.link_secure_pending_process
                0x000299bc       0xe8 _build/nrf51422_xxac_security_manager.c.o
 .text.params_reply_pending_process
                0x00029aa4       0x92 _build/nrf51422_xxac_security_manager.c.o
 *fill*         0x00029b36        0x2 
 .text.sm_pdb_evt_handler
                0x00029b38       0x64 _build/nrf51422_xxac_security_manager.c.o
                0x00029b38                sm_pdb_evt_handler
 .text.flag_id_init
                0x00029b9c       0x24 _build/nrf51422_xxac_security_manager.c.o
 .text.sm_init  0x00029bc0       0x78 _build/nrf51422_xxac_security_manager.c.o
                0x00029bc0                sm_init
 .text.sm_ble_evt_handler
                0x00029c38       0x28 _build/nrf51422_xxac_security_manager.c.o
                0x00029c38                sm_ble_evt_handler
 .text.sec_params_verify
                0x00029c60      0x178 _build/nrf51422_xxac_security_manager.c.o
 .text.sm_sec_params_set
                0x00029dd8       0x50 _build/nrf51422_xxac_security_manager.c.o
                0x00029dd8                sm_sec_params_set
 .text.sm_conn_sec_config_reply
                0x00029e28       0x40 _build/nrf51422_xxac_security_manager.c.o
                0x00029e28                sm_conn_sec_config_reply
 .text          0x00029e68       0x4c _build/nrf51422_xxac_gcc_startup_nrf51.S.o
                0x00029e68                Reset_Handler
                0x00029ea8                NMI_Handler
                0x00029eaa                HardFault_Handler
                0x00029eac                SVC_Handler
                0x00029eae                PendSV_Handler
                0x00029eb0                SysTick_Handler
                0x00029eb2                RTC0_IRQHandler
                0x00029eb2                SPI0_TWI0_IRQHandler
                0x00029eb2                LPCOMP_IRQHandler
                0x00029eb2                SWI4_IRQHandler
                0x00029eb2                TEMP_IRQHandler
                0x00029eb2                QDEC_IRQHandler
                0x00029eb2                SWI5_IRQHandler
                0x00029eb2                TIMER0_IRQHandler
                0x00029eb2                RADIO_IRQHandler
                0x00029eb2                TIMER1_IRQHandler
                0x00029eb2                ECB_IRQHandler
                0x00029eb2                Default_Handler
                0x00029eb2                ADC_IRQHandler
                0x00029eb2                SWI3_IRQHandler
                0x00029eb2                CCM_AAR_IRQHandler
                0x00029eb2                WDT_IRQHandler
                0x00029eb2                TIMER2_IRQHandler
                0x00029eb2                RNG_IRQHandler
                0x00029eb2                SPI1_TWI1_IRQHandler
                0x00029eb2                SWI1_IRQHandler
 .text.SystemInit
                0x00029eb4       0x74 _build/nrf51422_xxac_system_nrf51.c.o
                0x00029eb4                SystemInit
 .text.is_manual_peripheral_setup_needed
                0x00029f28       0x80 _build/nrf51422_xxac_system_nrf51.c.o
 .text.is_disabled_in_debug_needed
                0x00029fa8       0x4c _build/nrf51422_xxac_system_nrf51.c.o
 .text.is_peripheral_domain_setup_needed
                0x00029ff4       0x68 _build/nrf51422_xxac_system_nrf51.c.o
 .text.uart_event_handler
                0x0002a05c       0xa4 _build/nrf51422_xxac_app_uart.c.o
 .text.app_uart_init
                0x0002a100       0xe0 _build/nrf51422_xxac_app_uart.c.o
                0x0002a100                app_uart_init
 .text.app_uart_get
                0x0002a1e0       0x3c _build/nrf51422_xxac_app_uart.c.o
                0x0002a1e0                app_uart_get
 .text.app_uart_put
                0x0002a21c       0x4c _build/nrf51422_xxac_app_uart.c.o
                0x0002a21c                app_uart_put
 .text.NVIC_EnableIRQ
                0x0002a268       0x2c _build/nrf51422_xxac_softdevice_handler.c.o
 .text.NVIC_DisableIRQ
                0x0002a294       0x30 _build/nrf51422_xxac_softdevice_handler.c.o
 .text.NVIC_GetPriority
                0x0002a2c4       0x7c _build/nrf51422_xxac_softdevice_handler.c.o
 .text.sd_evt_get
                0x0002a340        0x8 _build/nrf51422_xxac_softdevice_handler.c.o
 .text.sd_softdevice_enable
                0x0002a348        0x8 _build/nrf51422_xxac_softdevice_handler.c.o
 .text.is_word_aligned
                0x0002a350       0x1c _build/nrf51422_xxac_softdevice_handler.c.o
 .text.sd_ble_enable
                0x0002a36c        0x8 _build/nrf51422_xxac_softdevice_handler.c.o
 .text.sd_ble_evt_get
                0x0002a374        0x8 _build/nrf51422_xxac_softdevice_handler.c.o
 .text.__sd_nvic_app_accessible_irq
                0x0002a37c       0x3c _build/nrf51422_xxac_softdevice_handler.c.o
 .text.__sd_nvic_is_app_accessible_priority
                0x0002a3b8       0x2c _build/nrf51422_xxac_softdevice_handler.c.o
 .text.sd_nvic_EnableIRQ
                0x0002a3e4       0x98 _build/nrf51422_xxac_softdevice_handler.c.o
 .text.nrf_drv_common_irq_enable_check
                0x0002a47c       0x40 _build/nrf51422_xxac_softdevice_handler.c.o
 .text.softdevice_fault_handler
                0x0002a4bc       0x20 _build/nrf51422_xxac_softdevice_handler.c.o
                0x0002a4bc                softdevice_fault_handler
 .text.intern_softdevice_events_execute
                0x0002a4dc      0x12c _build/nrf51422_xxac_softdevice_handler.c.o
                0x0002a4dc                intern_softdevice_events_execute
 .text.softdevice_handler_is_enabled
                0x0002a608       0x14 _build/nrf51422_xxac_softdevice_handler.c.o
                0x0002a608                softdevice_handler_is_enabled
 .text.softdevice_handler_init
                0x0002a61c       0xbc _build/nrf51422_xxac_softdevice_handler.c.o
                0x0002a61c                softdevice_handler_init
 .text.softdevice_ble_evt_handler_set
                0x0002a6d8       0x28 _build/nrf51422_xxac_softdevice_handler.c.o
                0x0002a6d8                softdevice_ble_evt_handler_set
 .text.softdevice_sys_evt_handler_set
                0x0002a700       0x28 _build/nrf51422_xxac_softdevice_handler.c.o
                0x0002a700                softdevice_sys_evt_handler_set
 .text.SWI2_IRQHandler
                0x0002a728       0x3c _build/nrf51422_xxac_softdevice_handler.c.o
                0x0002a728                SWI2_IRQHandler
 .text.softdevice_enable_get_default_config
                0x0002a764       0x5e _build/nrf51422_xxac_softdevice_handler.c.o
                0x0002a764                softdevice_enable_get_default_config
 .text.ram_total_size_get
                0x0002a7c2       0x28 _build/nrf51422_xxac_softdevice_handler.c.o
 .text.ram_end_address_get
                0x0002a7ea       0x22 _build/nrf51422_xxac_softdevice_handler.c.o
 .text.softdevice_enable
                0x0002a80c       0x78 _build/nrf51422_xxac_softdevice_handler.c.o
                0x0002a80c                softdevice_enable
 .text.sd_ble_gatts_service_add
                0x0002a884        0x8 _build/nrf51422_xxac_ble_nus.c.o
 .text.sd_ble_gatts_characteristic_add
                0x0002a88c        0x8 _build/nrf51422_xxac_ble_nus.c.o
 .text.sd_ble_gatts_hvx
                0x0002a894        0x8 _build/nrf51422_xxac_ble_nus.c.o
 .text.sd_ble_uuid_vs_add
                0x0002a89c        0x8 _build/nrf51422_xxac_ble_nus.c.o
 .text.on_connect
                0x0002a8a4       0x1a _build/nrf51422_xxac_ble_nus.c.o
 .text.on_disconnect
                0x0002a8be       0x1a _build/nrf51422_xxac_ble_nus.c.o
 .text.on_write
                0x0002a8d8       0x72 _build/nrf51422_xxac_ble_nus.c.o
 .text.rx_char_add
                0x0002a94a      0x178 _build/nrf51422_xxac_ble_nus.c.o
 .text.tx_char_add
                0x0002aac2      0x124 _build/nrf51422_xxac_ble_nus.c.o
 .text.ble_nus_on_ble_evt
                0x0002abe6       0x5c _build/nrf51422_xxac_ble_nus.c.o
                0x0002abe6                ble_nus_on_ble_evt
 *fill*         0x0002ac42        0x2 
 .text.ble_nus_init
                0x0002ac44       0xcc _build/nrf51422_xxac_ble_nus.c.o
                0x0002ac44                ble_nus_init
 .text.ble_nus_string_send
                0x0002ad10       0x88 _build/nrf51422_xxac_ble_nus.c.o
                0x0002ad10                ble_nus_string_send
 .text.sd_ble_gap_disconnect
                0x0002ad98        0x8 _build/nrf51422_xxac_main.c.o
 .text.sd_ble_gap_ppcp_set
                0x0002ada0        0x8 _build/nrf51422_xxac_main.c.o
 .text.sd_ble_gap_device_name_set
                0x0002ada8        0x8 _build/nrf51422_xxac_main.c.o
 .text.sd_ble_gatts_rw_authorize_reply
                0x0002adb0        0x8 _build/nrf51422_xxac_main.c.o
 .text.sd_ble_user_mem_reply
                0x0002adb8        0x8 _build/nrf51422_xxac_main.c.o
 .text.sd_power_system_off
                0x0002adc0        0x8 _build/nrf51422_xxac_main.c.o
 .text.sd_app_evt_wait
                0x0002adc8        0x8 _build/nrf51422_xxac_main.c.o
 .text.pm_evt_handler
                0x0002add0      0x11c _build/nrf51422_xxac_main.c.o
 .text.timers_init
                0x0002aeec       0x34 _build/nrf51422_xxac_main.c.o
 .text.gap_params_init
                0x0002af20       0xa4 _build/nrf51422_xxac_main.c.o
 .text.nus_data_handler
                0x0002afc4       0x84 _build/nrf51422_xxac_main.c.o
 .text.services_init
                0x0002b048       0x48 _build/nrf51422_xxac_main.c.o
 .text.on_conn_params_evt
                0x0002b090       0x40 _build/nrf51422_xxac_main.c.o
 .text.conn_params_error_handler
                0x0002b0d0       0x18 _build/nrf51422_xxac_main.c.o
 .text.conn_params_init
                0x0002b0e8       0x74 _build/nrf51422_xxac_main.c.o
 .text.application_timers_start
                0x0002b15c        0xa _build/nrf51422_xxac_main.c.o
 .text.sleep_mode_enter
                0x0002b166       0x5e _build/nrf51422_xxac_main.c.o
 .text.on_adv_evt
                0x0002b1c4       0x58 _build/nrf51422_xxac_main.c.o
 .text.on_ble_evt
                0x0002b21c      0x19c _build/nrf51422_xxac_main.c.o
 .text.ble_evt_dispatch
                0x0002b3b8       0x50 _build/nrf51422_xxac_main.c.o
 .text.sys_evt_dispatch
                0x0002b408       0x20 _build/nrf51422_xxac_main.c.o
 .text.ble_stack_init
                0x0002b428       0xc8 _build/nrf51422_xxac_main.c.o
 .text.peer_manager_init
                0x0002b4f0      0x118 _build/nrf51422_xxac_main.c.o
 .text.bsp_event_handler
                0x0002b608       0x90 _build/nrf51422_xxac_main.c.o
 .text.uart_event_handle
                0x0002b698       0xb0 _build/nrf51422_xxac_main.c.o
                0x0002b698                uart_event_handle
 .text.uart_init
                0x0002b748       0x68 _build/nrf51422_xxac_main.c.o
 .text.advertising_init
                0x0002b7b0       0xb4 _build/nrf51422_xxac_main.c.o
 .text.buttons_leds_init
                0x0002b864       0x70 _build/nrf51422_xxac_main.c.o
 .text.power_manage
                0x0002b8d4       0x28 _build/nrf51422_xxac_main.c.o
 .text.advertising_start
                0x0002b8fc       0x2a _build/nrf51422_xxac_main.c.o
 *fill*         0x0002b926        0x2 
 .text.main     0x0002b928       0xd4 _build/nrf51422_xxac_main.c.o
                0x0002b928                main
 .text          0x0002b9fc      0x114 c:/program files (x86)/gnu tools arm embedded/8 2018-q4-major/bin/../lib/gcc/arm-none-eabi/8.2.1/thumb/v6-m/nofp\libgcc.a(_udivsi3.o)
                0x0002b9fc                __aeabi_uidiv
                0x0002b9fc                __udivsi3
                0x0002bb08                __aeabi_uidivmod
 .text          0x0002bb10      0x1d4 c:/program files (x86)/gnu tools arm embedded/8 2018-q4-major/bin/../lib/gcc/arm-none-eabi/8.2.1/thumb/v6-m/nofp\libgcc.a(_divsi3.o)
                0x0002bb10                __divsi3
                0x0002bb10                __aeabi_idiv
                0x0002bcdc                __aeabi_idivmod
 .text          0x0002bce4        0x4 c:/program files (x86)/gnu tools arm embedded/8 2018-q4-major/bin/../lib/gcc/arm-none-eabi/8.2.1/thumb/v6-m/nofp\libgcc.a(_dvmd_tls.o)
                0x0002bce4                __aeabi_idiv0
                0x0002bce4                __aeabi_ldiv0
 .text.memcmp   0x0002bce8       0x1c c:/program files (x86)/gnu tools arm embedded/8 2018-q4-major/bin/../lib/gcc/arm-none-eabi/8.2.1/../../../../arm-none-eabi/lib/thumb/v6-m/nofp\libc_nano.a(lib_a-memcmp.o)
                0x0002bce8                memcmp
 .text.memcpy   0x0002bd04       0x12 c:/program files (x86)/gnu tools arm embedded/8 2018-q4-major/bin/../lib/gcc/arm-none-eabi/8.2.1/../../../../arm-none-eabi/lib/thumb/v6-m/nofp\libc_nano.a(lib_a-memcpy-stub.o)
                0x0002bd04                memcpy
 *fill*         0x0002bd16        0x2 
 .text.printf   0x0002bd18       0x34 c:/program files (x86)/gnu tools arm embedded/8 2018-q4-major/bin/../lib/gcc/arm-none-eabi/8.2.1/../../../../arm-none-eabi/lib/thumb/v6-m/nofp\libc_nano.a(lib_a-printf.o)
                0x0002bd18                iprintf
                0x0002bd18                printf
 .text.snprintf
                0x0002bd4c       0x64 c:/program files (x86)/gnu tools arm embedded/8 2018-q4-major/bin/../lib/gcc/arm-none-eabi/8.2.1/../../../../arm-none-eabi/lib/thumb/v6-m/nofp\libc_nano.a(lib_a-snprintf.o)
                0x0002bd4c                sniprintf
                0x0002bd4c                snprintf
 .text          0x0002bdb0        0xe c:/program files (x86)/gnu tools arm embedded/8 2018-q4-major/bin/../lib/gcc/arm-none-eabi/8.2.1/../../../../arm-none-eabi/lib/thumb/v6-m/nofp\libc_nano.a(lib_a-strlen.o)
                0x0002bdb0                strlen
 *fill*         0x0002bdbe        0x2 
 .text.std      0x0002bdc0       0x48 c:/program files (x86)/gnu tools arm embedded/8 2018-q4-major/bin/../lib/gcc/arm-none-eabi/8.2.1/../../../../arm-none-eabi/lib/thumb/v6-m/nofp\libc_nano.a(lib_a-findfp.o)
 .text._cleanup_r
                0x0002be08       0x10 c:/program files (x86)/gnu tools arm embedded/8 2018-q4-major/bin/../lib/gcc/arm-none-eabi/8.2.1/../../../../arm-none-eabi/lib/thumb/v6-m/nofp\libc_nano.a(lib_a-findfp.o)
                0x0002be08                _cleanup_r
 .text.__sfmoreglue
                0x0002be18       0x2c c:/program files (x86)/gnu tools arm embedded/8 2018-q4-major/bin/../lib/gcc/arm-none-eabi/8.2.1/../../../../arm-none-eabi/lib/thumb/v6-m/nofp\libc_nano.a(lib_a-findfp.o)
                0x0002be18                __sfmoreglue
 .text.__sfp_lock_acquire
                0x0002be44       0x10 c:/program files (x86)/gnu tools arm embedded/8 2018-q4-major/bin/../lib/gcc/arm-none-eabi/8.2.1/../../../../arm-none-eabi/lib/thumb/v6-m/nofp\libc_nano.a(lib_a-findfp.o)
                0x0002be44                __sfp_lock_acquire
 .text.__sfp_lock_release
                0x0002be54       0x10 c:/program files (x86)/gnu tools arm embedded/8 2018-q4-major/bin/../lib/gcc/arm-none-eabi/8.2.1/../../../../arm-none-eabi/lib/thumb/v6-m/nofp\libc_nano.a(lib_a-findfp.o)
                0x0002be54                __sfp_lock_release
 .text.__sinit_lock_acquire
                0x0002be64       0x10 c:/program files (x86)/gnu tools arm embedded/8 2018-q4-major/bin/../lib/gcc/arm-none-eabi/8.2.1/../../../../arm-none-eabi/lib/thumb/v6-m/nofp\libc_nano.a(lib_a-findfp.o)
                0x0002be64                __sinit_lock_acquire
 .text.__sinit_lock_release
                0x0002be74       0x10 c:/program files (x86)/gnu tools arm embedded/8 2018-q4-major/bin/../lib/gcc/arm-none-eabi/8.2.1/../../../../arm-none-eabi/lib/thumb/v6-m/nofp\libc_nano.a(lib_a-findfp.o)
                0x0002be74                __sinit_lock_release
 .text.__sinit  0x0002be84       0x70 c:/program files (x86)/gnu tools arm embedded/8 2018-q4-major/bin/../lib/gcc/arm-none-eabi/8.2.1/../../../../arm-none-eabi/lib/thumb/v6-m/nofp\libc_nano.a(lib_a-findfp.o)
                0x0002be84                __sinit
 .text.__sfp    0x0002bef4       0x90 c:/program files (x86)/gnu tools arm embedded/8 2018-q4-major/bin/../lib/gcc/arm-none-eabi/8.2.1/../../../../arm-none-eabi/lib/thumb/v6-m/nofp\libc_nano.a(lib_a-findfp.o)
                0x0002bef4                __sfp
 .text._fwalk_reent
                0x0002bf84       0x42 c:/program files (x86)/gnu tools arm embedded/8 2018-q4-major/bin/../lib/gcc/arm-none-eabi/8.2.1/../../../../arm-none-eabi/lib/thumb/v6-m/nofp\libc_nano.a(lib_a-fwalk.o)
                0x0002bf84                _fwalk_reent
 .text.__retarget_lock_init_recursive
                0x0002bfc6        0x2 c:/program files (x86)/gnu tools arm embedded/8 2018-q4-major/bin/../lib/gcc/arm-none-eabi/8.2.1/../../../../arm-none-eabi/lib/thumb/v6-m/nofp\libc_nano.a(lib_a-lock.o)
                0x0002bfc6                __retarget_lock_init_recursive
 .text.__retarget_lock_acquire_recursive
                0x0002bfc8        0x2 c:/program files (x86)/gnu tools arm embedded/8 2018-q4-major/bin/../lib/gcc/arm-none-eabi/8.2.1/../../../../arm-none-eabi/lib/thumb/v6-m/nofp\libc_nano.a(lib_a-lock.o)
                0x0002bfc8                __retarget_lock_acquire_recursive
 .text.__retarget_lock_release_recursive
                0x0002bfca        0x2 c:/program files (x86)/gnu tools arm embedded/8 2018-q4-major/bin/../lib/gcc/arm-none-eabi/8.2.1/../../../../arm-none-eabi/lib/thumb/v6-m/nofp\libc_nano.a(lib_a-lock.o)
                0x0002bfca                __retarget_lock_release_recursive
 .text._malloc_r
                0x0002bfcc       0xbc c:/program files (x86)/gnu tools arm embedded/8 2018-q4-major/bin/../lib/gcc/arm-none-eabi/8.2.1/../../../../arm-none-eabi/lib/thumb/v6-m/nofp\libc_nano.a(lib_a-nano-mallocr.o)
                0x0002bfcc                _malloc_r
 .text.__ssputs_r
                0x0002c088       0xc4 c:/program files (x86)/gnu tools arm embedded/8 2018-q4-major/bin/../lib/gcc/arm-none-eabi/8.2.1/../../../../arm-none-eabi/lib/thumb/v6-m/nofp\libc_nano.a(lib_a-nano-svfprintf.o)
                0x0002c088                __ssputs_r
 .text._svfprintf_r
                0x0002c14c      0x1fc c:/program files (x86)/gnu tools arm embedded/8 2018-q4-major/bin/../lib/gcc/arm-none-eabi/8.2.1/../../../../arm-none-eabi/lib/thumb/v6-m/nofp\libc_nano.a(lib_a-nano-svfprintf.o)
                0x0002c14c                _svfiprintf_r
                0x0002c14c                _svfprintf_r
 .text.__sfputc_r
                0x0002c348       0x2a c:/program files (x86)/gnu tools arm embedded/8 2018-q4-major/bin/../lib/gcc/arm-none-eabi/8.2.1/../../../../arm-none-eabi/lib/thumb/v6-m/nofp\libc_nano.a(lib_a-nano-vfprintf.o)
 .text.__sfputs_r
                0x0002c372       0x24 c:/program files (x86)/gnu tools arm embedded/8 2018-q4-major/bin/../lib/gcc/arm-none-eabi/8.2.1/../../../../arm-none-eabi/lib/thumb/v6-m/nofp\libc_nano.a(lib_a-nano-vfprintf.o)
                0x0002c372                __sfputs_r
 *fill*         0x0002c396        0x2 
 .text._vfprintf_r
                0x0002c398      0x26c c:/program files (x86)/gnu tools arm embedded/8 2018-q4-major/bin/../lib/gcc/arm-none-eabi/8.2.1/../../../../arm-none-eabi/lib/thumb/v6-m/nofp\libc_nano.a(lib_a-nano-vfprintf.o)
                0x0002c398                _vfprintf_r
                0x0002c398                _vfiprintf_r
 .text._printf_common
                0x0002c604       0xda c:/program files (x86)/gnu tools arm embedded/8 2018-q4-major/bin/../lib/gcc/arm-none-eabi/8.2.1/../../../../arm-none-eabi/lib/thumb/v6-m/nofp\libc_nano.a(lib_a-nano-vfprintf_i.o)
                0x0002c604                _printf_common
 *fill*         0x0002c6de        0x2 
 .text._printf_i
                0x0002c6e0      0x214 c:/program files (x86)/gnu tools arm embedded/8 2018-q4-major/bin/../lib/gcc/arm-none-eabi/8.2.1/../../../../arm-none-eabi/lib/thumb/v6-m/nofp\libc_nano.a(lib_a-nano-vfprintf_i.o)
                0x0002c6e0                _printf_i
 .text._sbrk_r  0x0002c8f4       0x24 c:/program files (x86)/gnu tools arm embedded/8 2018-q4-major/bin/../lib/gcc/arm-none-eabi/8.2.1/../../../../arm-none-eabi/lib/thumb/v6-m/nofp\libc_nano.a(lib_a-sbrkr.o)
                0x0002c8f4                _sbrk_r
 .text.__sread  0x0002c918       0x28 c:/program files (x86)/gnu tools arm embedded/8 2018-q4-major/bin/../lib/gcc/arm-none-eabi/8.2.1/../../../../arm-none-eabi/lib/thumb/v6-m/nofp\libc_nano.a(lib_a-stdio.o)
                0x0002c918                __sread
 .text.__swrite
                0x0002c940       0x38 c:/program files (x86)/gnu tools arm embedded/8 2018-q4-major/bin/../lib/gcc/arm-none-eabi/8.2.1/../../../../arm-none-eabi/lib/thumb/v6-m/nofp\libc_nano.a(lib_a-stdio.o)
                0x0002c940                __swrite
 .text.__sseek  0x0002c978       0x2c c:/program files (x86)/gnu tools arm embedded/8 2018-q4-major/bin/../lib/gcc/arm-none-eabi/8.2.1/../../../../arm-none-eabi/lib/thumb/v6-m/nofp\libc_nano.a(lib_a-stdio.o)
                0x0002c978                __sseek
 .text.__sclose
                0x0002c9a4        0xc c:/program files (x86)/gnu tools arm embedded/8 2018-q4-major/bin/../lib/gcc/arm-none-eabi/8.2.1/../../../../arm-none-eabi/lib/thumb/v6-m/nofp\libc_nano.a(lib_a-stdio.o)
                0x0002c9a4                __sclose
 .text.__swbuf_r
                0x0002c9b0       0xac c:/program files (x86)/gnu tools arm embedded/8 2018-q4-major/bin/../lib/gcc/arm-none-eabi/8.2.1/../../../../arm-none-eabi/lib/thumb/v6-m/nofp\libc_nano.a(lib_a-wbuf.o)
                0x0002c9b0                __swbuf_r
 .text._write_r
                0x0002ca5c       0x28 c:/program files (x86)/gnu tools arm embedded/8 2018-q4-major/bin/../lib/gcc/arm-none-eabi/8.2.1/../../../../arm-none-eabi/lib/thumb/v6-m/nofp\libc_nano.a(lib_a-writer.o)
                0x0002ca5c                _write_r
 .text.__swsetup_r